Running exp1 | config: configs/_run_exp1B.yaml | resume: True
Config filter: ['B']
  Dataset normalize stats loaded from data\processed\eyepacs_norm_stats.json
    mean=[0.5062, 0.505, 0.5043] std=[0.0903, 0.0742, 0.0577]
Loading cache index from C:/ssl_data/cache_512 …
  Found 35126 cached images | 17563 patients | 35126 meta rows
  5-fold splits verified (no leakage)

=================================================================
  Config B | full preprocessing | resnet50 | in_channels=4
=================================================================

  [Config B | Fold 1/5]
  Train: 28100 images | Val: 7026 images
  Init: SSL (mocov2 / EyePACS/test) loaded from ssl_mocov2_resnet50_4ch_256_ep50.pt; gate_passed=True
  Resumed fold 0 from epoch 10
  Fold 0 | Epoch 010 | loss 0.1016 → 0.1237 | F1 0.5698 | AUC 0.8726 | κ 0.6076 | 1550.4s
  Fold 0 | Epoch 011 | loss 0.1006 → 0.1400 | F1 0.7031 | AUC 0.8814 | κ 0.6804 | 1489.3s
  Fold 0 | Epoch 012 | loss 0.0970 → 0.1570 | F1 0.7387 | AUC 0.8676 | κ 0.7018 | 1487.9s
  Fold 0 | Epoch 013 | loss 0.0934 → 0.1405 | F1 0.7403 | AUC 0.8703 | κ 0.7151 | 1487.3s
  Fold 0 | Epoch 014 | loss 0.0836 → 0.1306 | F1 0.6766 | AUC 0.8576 | κ 0.6248 | 1484.2s
  Early stopping at epoch 14 (patience=5)
  Best → F1=0.7403  AUC=0.8703  κ=0.7151  acc=0.7050

  [Config B | Fold 2/5]
  Train: 28100 images | Val: 7026 images
  Init: SSL (mocov2 / EyePACS/test) loaded from ssl_mocov2_resnet50_4ch_256_ep50.pt; gate_passed=True
  No checkpoint found for fold 1, starting fresh.
  Fold 1 | Epoch 000 | loss 0.1527 → 0.1405 | F1 0.7639 | AUC 0.8599 | κ 0.6909 | 1514.5s
  Fold 1 | Epoch 001 | loss 0.1325 → 0.1283 | F1 0.7073 | AUC 0.8609 | κ 0.6711 | 1498.9s
  Fold 1 | Epoch 002 | loss 0.1251 → 0.1426 | F1 0.7276 | AUC 0.8581 | κ 0.6788 | 1484.3s
  Fold 1 | Epoch 003 | loss 0.1235 → 0.1270 | F1 0.7485 | AUC 0.8597 | κ 0.6633 | 1483.8s
  Fold 1 | Epoch 004 | loss 0.1173 → 0.1691 | F1 0.7626 | AUC 0.8837 | κ 0.7439 | 1488.7s
  Fold 1 | Epoch 005 | loss 0.1045 → 0.1325 | F1 0.7936 | AUC 0.8847 | κ 0.7528 | 1480.4s
  Fold 1 | Epoch 006 | loss 0.1008 → 0.1446 | F1 0.7488 | AUC 0.8937 | κ 0.7350 | 1490.7s
  Fold 1 | Epoch 007 | loss 0.0968 → 0.1303 | F1 0.5553 | AUC 0.8822 | κ 0.5963 | 1488.2s
  Fold 1 | Epoch 008 | loss 0.0921 → 0.1434 | F1 0.7615 | AUC 0.8972 | κ 0.7499 | 1493.8s
  Fold 1 | Epoch 009 | loss 0.0910 → 0.1308 | F1 0.8006 | AUC 0.8954 | κ 0.7839 | 1488.0s
  Fold 1 | Epoch 010 | loss 0.0884 → 0.1247 | F1 0.7334 | AUC 0.8708 | κ 0.7028 | 1481.8s
  Fold 1 | Epoch 011 | loss 0.0854 → 0.1393 | F1 0.7683 | AUC 0.8848 | κ 0.7421 | 1484.0s
  Fold 1 | Epoch 012 | loss 0.0841 → 0.1320 | F1 0.7706 | AUC 0.8937 | κ 0.7470 | 1488.9s
  Fold 1 | Epoch 013 | loss 0.0803 → 0.1451 | F1 0.7949 | AUC 0.8926 | κ 0.7686 | 1488.9s
  Fold 1 | Epoch 014 | loss 0.0693 → 0.1544 | F1 0.7668 | AUC 0.8865 | κ 0.7468 | 1487.7s
  Early stopping at epoch 14 (patience=5)
  Best → F1=0.8006  AUC=0.8954  κ=0.7839  acc=0.7818

  [Config B | Fold 3/5]
  Train: 28100 images | Val: 7026 images
  Init: SSL (mocov2 / EyePACS/test) loaded from ssl_mocov2_resnet50_4ch_256_ep50.pt; gate_passed=True
  No checkpoint found for fold 2, starting fresh.
  Fold 2 | Epoch 000 | loss 0.1550 → 0.1347 | F1 0.6879 | AUC 0.8413 | κ 0.6225 | 1530.6s
  Fold 2 | Epoch 001 | loss 0.1324 → 0.1394 | F1 0.7842 | AUC 0.8616 | κ 0.7273 | 1491.3s
  Fold 2 | Epoch 002 | loss 0.1250 → 0.1503 | F1 0.7087 | AUC 0.8482 | κ 0.6743 | 1490.7s
  Fold 2 | Epoch 003 | loss 0.1206 → 0.1358 | F1 0.7664 | AUC 0.8466 | κ 0.7139 | 1487.0s
  Fold 2 | Epoch 004 | loss 0.1184 → 0.1271 | F1 0.7617 | AUC 0.8715 | κ 0.6810 | 1488.0s
  Fold 2 | Epoch 005 | loss 0.1147 → 0.1152 | F1 0.7610 | AUC 0.8764 | κ 0.6804 | 1486.2s
  Fold 2 | Epoch 006 | loss 0.1007 → 0.1157 | F1 0.7132 | AUC 0.8803 | κ 0.6839 | 1488.0s
  Early stopping at epoch 6 (patience=5)
  Best → F1=0.7842  AUC=0.8616  κ=0.7273  acc=0.8104

  [Config B | Fold 4/5]
  Train: 28102 images | Val: 7024 images
  Init: SSL (mocov2 / EyePACS/test) loaded from ssl_mocov2_resnet50_4ch_256_ep50.pt; gate_passed=True
  No checkpoint found for fold 3, starting fresh.
  Fold 3 | Epoch 000 | loss 0.1521 → 0.1444 | F1 0.7240 | AUC 0.8153 | κ 0.6099 | 1516.7s
  Fold 3 | Epoch 001 | loss 0.1350 → 0.1281 | F1 0.4483 | AUC 0.8280 | κ 0.5484 | 1491.4s
  Fold 3 | Epoch 002 | loss 0.1250 → 0.1183 | F1 0.7536 | AUC 0.8569 | κ 0.7197 | 1487.9s
  Fold 3 | Epoch 003 | loss 0.1200 → 0.1169 | F1 0.6715 | AUC 0.8569 | κ 0.6172 | 1488.6s
  Fold 3 | Epoch 004 | loss 0.1160 → 0.1832 | F1 0.4016 | AUC 0.8184 | κ 0.4300 | 1490.8s
  Fold 3 | Epoch 005 | loss 0.1160 → 0.1117 | F1 0.7640 | AUC 0.8724 | κ 0.7429 | 1493.7s
  Fold 3 | Epoch 006 | loss 0.1123 → 0.1078 | F1 0.7122 | AUC 0.8750 | κ 0.6583 | 1497.7s
  Fold 3 | Epoch 007 | loss 0.1101 → 0.1160 | F1 0.7508 | AUC 0.8694 | κ 0.6746 | 1492.8s
  Fold 3 | Epoch 008 | loss 0.1074 → 0.1143 | F1 0.7475 | AUC 0.8772 | κ 0.7219 | 1492.9s
  Fold 3 | Epoch 009 | loss 0.1052 → 0.1372 | F1 0.8053 | AUC 0.8880 | κ 0.7770 | 1491.6s
  Fold 3 | Epoch 010 | loss 0.1026 → 0.1245 | F1 0.7998 | AUC 0.8830 | κ 0.7406 | 1496.3s
  Fold 3 | Epoch 011 | loss 0.1038 → 0.1211 | F1 0.7106 | AUC 0.8662 | κ 0.6951 | 1493.9s
  Fold 3 | Epoch 012 | loss 0.0984 → 0.1245 | F1 0.7436 | AUC 0.8722 | κ 0.7086 | 1493.2s
  Fold 3 | Epoch 013 | loss 0.0994 → 0.1133 | F1 0.7980 | AUC 0.8798 | κ 0.7360 | 1487.4s
  Fold 3 | Epoch 014 | loss 0.0858 → 0.1190 | F1 0.7275 | AUC 0.8769 | κ 0.7021 | 1492.6s
  Early stopping at epoch 14 (patience=5)
  Best → F1=0.8053  AUC=0.8880  κ=0.7770  acc=0.8082

  [Config B | Fold 5/5]
  Train: 28102 images | Val: 7024 images
  Init: SSL (mocov2 / EyePACS/test) loaded from ssl_mocov2_resnet50_4ch_256_ep50.pt; gate_passed=True
  No checkpoint found for fold 4, starting fresh.
  Fold 4 | Epoch 000 | loss 0.1579 → 0.1174 | F1 0.6651 | AUC 0.8540 | κ 0.6259 | 1513.7s
  Fold 4 | Epoch 001 | loss 0.1364 → 0.1210 | F1 0.6769 | AUC 0.8511 | κ 0.5931 | 1491.0s
  Fold 4 | Epoch 002 | loss 0.1257 → 0.1197 | F1 0.7579 | AUC 0.8732 | κ 0.7174 | 1483.3s
  Fold 4 | Epoch 003 | loss 0.1224 → 0.1298 | F1 0.6479 | AUC 0.8692 | κ 0.6576 | 1498.6s
  Fold 4 | Epoch 004 | loss 0.1209 → 0.1120 | F1 0.6850 | AUC 0.8453 | κ 0.6349 | 1489.6s
  Fold 4 | Epoch 005 | loss 0.1151 → 0.1161 | F1 0.7396 | AUC 0.8788 | κ 0.7193 | 1487.4s
  Fold 4 | Epoch 006 | loss 0.1119 → 0.1288 | F1 0.7614 | AUC 0.8750 | κ 0.7352 | 1490.8s
  Fold 4 | Epoch 007 | loss 0.1119 → 0.1085 | F1 0.7747 | AUC 0.8853 | κ 0.7584 | 1493.5s
  Fold 4 | Epoch 008 | loss 0.1081 → 0.1138 | F1 0.6618 | AUC 0.8531 | κ 0.6415 | 1497.8s
  Fold 4 | Epoch 009 | loss 0.1067 → 0.1236 | F1 0.7463 | AUC 0.8793 | κ 0.7465 | 1491.9s
  Fold 4 | Epoch 010 | loss 0.1046 → 0.1154 | F1 0.7275 | AUC 0.8827 | κ 0.6690 | 1501.2s
  Fold 4 | Epoch 011 | loss 0.1019 → 0.1118 | F1 0.7632 | AUC 0.8711 | κ 0.7276 | 1489.2s
  Fold 4 | Epoch 012 | loss 0.0898 → 0.1041 | F1 0.7057 | AUC 0.8830 | κ 0.7088 | 1495.1s
  Early stopping at epoch 12 (patience=5)
  Best → F1=0.7747  AUC=0.8853  κ=0.7584  acc=0.7477

=================================================================
Experiment 1 — Summary
=================================================================
  Config B (full + resnet50 in_channels=4):
    weighted_f1: 0.7810 ± 0.0232
    roc_auc: 0.8801 ± 0.0123
    cohen_kappa_quadratic: 0.7523 ± 0.0270
    accuracy: 0.7706 ± 0.0399

  H-1: NOT SUPPORTED

  Full summary saved to outputs\exp1\summary.json
