Running exp7 | config: configs/_run_gen.yaml | resume: False
  IDRiD normalize stats loaded from data\processed\idrid_norm_stats.json
    mean=[0.5093, 0.5054, 0.5032] std=[0.0728, 0.0476, 0.0249]
  IDRiD pool: 516 images | 516 unique stems

#################################################################
#  Arm: baseline preprocessing (efficientnet_b3)
#################################################################

  [baseline | Fold 1] train=412  val=104
  Fold 0 | Epoch 000 | loss 0.5978 → 0.5441 | F1 0.3224 | AUC 0.7403 | κ 0.3741 | 21.1s
  Fold 0 | Epoch 001 | loss 0.4021 → 0.4544 | F1 0.4755 | AUC 0.7937 | κ 0.6456 | 20.8s
  Fold 0 | Epoch 002 | loss 0.2426 → 0.3851 | F1 0.4866 | AUC 0.8249 | κ 0.6896 | 20.9s
  Fold 0 | Epoch 003 | loss 0.1174 → 0.4130 | F1 0.5208 | AUC 0.8462 | κ 0.7136 | 20.7s
  Fold 0 | Epoch 004 | loss 0.0404 → 0.4630 | F1 0.5774 | AUC 0.8303 | κ 0.7128 | 20.9s
  Fold 0 | Epoch 005 | loss 0.0166 → 0.5124 | F1 0.5866 | AUC 0.8275 | κ 0.7420 | 20.6s
  Fold 0 | Epoch 006 | loss 0.0061 → 0.5392 | F1 0.5552 | AUC 0.8267 | κ 0.7230 | 20.3s
  Fold 0 | Epoch 007 | loss 0.0119 → 0.5424 | F1 0.5463 | AUC 0.8130 | κ 0.6984 | 20.3s
  Fold 0 | Epoch 008 | loss 0.0068 → 0.5576 | F1 0.5597 | AUC 0.8340 | κ 0.7437 | 20.2s
  Fold 0 | Epoch 009 | loss 0.0064 → 0.5705 | F1 0.5798 | AUC 0.8273 | κ 0.7421 | 20.3s
  Fold 0 | Epoch 010 | loss 0.0044 → 0.5427 | F1 0.5800 | AUC 0.8353 | κ 0.7090 | 20.2s
  Early stopping at epoch 10 (patience=5)
    IDRiD val F1=0.5866  →  Clinical F1=0.2453

  [baseline | Fold 2] train=413  val=103
  Fold 1 | Epoch 000 | loss 0.6092 → 0.5498 | F1 0.5522 | AUC 0.8201 | κ 0.6762 | 20.8s
  Fold 1 | Epoch 001 | loss 0.4282 → 0.4764 | F1 0.5934 | AUC 0.8229 | κ 0.7179 | 20.7s
  Fold 1 | Epoch 002 | loss 0.2764 → 0.3668 | F1 0.6359 | AUC 0.8679 | κ 0.7825 | 20.8s
  Fold 1 | Epoch 003 | loss 0.1283 → 0.3653 | F1 0.6465 | AUC 0.8790 | κ 0.8095 | 20.6s
  Fold 1 | Epoch 004 | loss 0.0499 → 0.4483 | F1 0.6226 | AUC 0.8656 | κ 0.7939 | 20.3s
  Fold 1 | Epoch 005 | loss 0.0180 → 0.4293 | F1 0.6397 | AUC 0.8723 | κ 0.7709 | 20.2s
  Fold 1 | Epoch 006 | loss 0.0109 → 0.4589 | F1 0.6562 | AUC 0.8616 | κ 0.8211 | 20.7s
  Fold 1 | Epoch 007 | loss 0.0086 → 0.5214 | F1 0.6560 | AUC 0.8571 | κ 0.8189 | 20.3s
  Fold 1 | Epoch 008 | loss 0.0063 → 0.5682 | F1 0.6395 | AUC 0.8449 | κ 0.7650 | 20.2s
  Fold 1 | Epoch 009 | loss 0.0034 → 0.5961 | F1 0.6044 | AUC 0.8401 | κ 0.7722 | 20.3s
  Fold 1 | Epoch 010 | loss 0.0070 → 0.5521 | F1 0.6079 | AUC 0.8490 | κ 0.7877 | 20.2s
  Fold 1 | Epoch 011 | loss 0.0042 → 0.5791 | F1 0.6106 | AUC 0.8414 | κ 0.8043 | 20.3s
  Early stopping at epoch 11 (patience=5)
    IDRiD val F1=0.6562  →  Clinical F1=0.2465

  [baseline | Fold 3] train=413  val=103
  Fold 2 | Epoch 000 | loss 0.6025 → 0.5455 | F1 0.4628 | AUC 0.7751 | κ 0.6613 | 20.6s
  Fold 2 | Epoch 001 | loss 0.4126 → 0.4032 | F1 0.5236 | AUC 0.8378 | κ 0.7680 | 20.7s
  Fold 2 | Epoch 002 | loss 0.2747 → 0.3365 | F1 0.5369 | AUC 0.8571 | κ 0.7818 | 20.7s
  Fold 2 | Epoch 003 | loss 0.1536 → 0.3536 | F1 0.6413 | AUC 0.8683 | κ 0.8194 | 20.8s
  Fold 2 | Epoch 004 | loss 0.0712 → 0.3835 | F1 0.6455 | AUC 0.8687 | κ 0.7970 | 20.6s
  Fold 2 | Epoch 005 | loss 0.0295 → 0.3994 | F1 0.6401 | AUC 0.8803 | κ 0.8339 | 20.3s
  Fold 2 | Epoch 006 | loss 0.0289 → 0.4291 | F1 0.6363 | AUC 0.8685 | κ 0.7902 | 20.3s
  Fold 2 | Epoch 007 | loss 0.0145 → 0.4837 | F1 0.6249 | AUC 0.8713 | κ 0.7639 | 20.2s
  Fold 2 | Epoch 008 | loss 0.0131 → 0.4208 | F1 0.6388 | AUC 0.8771 | κ 0.8080 | 20.3s
  Fold 2 | Epoch 009 | loss 0.0058 → 0.4492 | F1 0.6356 | AUC 0.8788 | κ 0.8075 | 20.1s
  Early stopping at epoch 9 (patience=5)
    IDRiD val F1=0.6455  →  Clinical F1=0.1767

  [baseline | Fold 4] train=413  val=103
  Fold 3 | Epoch 000 | loss 0.6009 → 0.5196 | F1 0.4340 | AUC 0.7945 | κ 0.5664 | 20.7s
  Fold 3 | Epoch 001 | loss 0.4022 → 0.4141 | F1 0.5227 | AUC 0.8392 | κ 0.6918 | 20.6s
  Fold 3 | Epoch 002 | loss 0.2529 → 0.3379 | F1 0.6257 | AUC 0.8686 | κ 0.7513 | 20.7s
  Fold 3 | Epoch 003 | loss 0.1419 → 0.3614 | F1 0.6187 | AUC 0.8561 | κ 0.7648 | 20.2s
  Fold 3 | Epoch 004 | loss 0.0718 → 0.3532 | F1 0.5913 | AUC 0.8679 | κ 0.7327 | 20.3s
  Fold 3 | Epoch 005 | loss 0.0271 → 0.4383 | F1 0.6043 | AUC 0.8511 | κ 0.7313 | 20.2s
  Fold 3 | Epoch 006 | loss 0.0215 → 0.4955 | F1 0.5743 | AUC 0.8428 | κ 0.6814 | 20.2s
  Fold 3 | Epoch 007 | loss 0.0107 → 0.4719 | F1 0.6055 | AUC 0.8512 | κ 0.7390 | 20.2s
  Early stopping at epoch 7 (patience=5)
    IDRiD val F1=0.6257  →  Clinical F1=0.1996

  [baseline | Fold 5] train=413  val=103
  Fold 4 | Epoch 000 | loss 0.5948 → 0.5575 | F1 0.3040 | AUC 0.7322 | κ 0.5407 | 20.6s
  Fold 4 | Epoch 001 | loss 0.3861 → 0.4519 | F1 0.4811 | AUC 0.7892 | κ 0.6562 | 20.7s
  Fold 4 | Epoch 002 | loss 0.2450 → 0.3893 | F1 0.5448 | AUC 0.8357 | κ 0.7171 | 20.6s
  Fold 4 | Epoch 003 | loss 0.1171 → 0.4248 | F1 0.5558 | AUC 0.8330 | κ 0.7056 | 20.7s
  Fold 4 | Epoch 004 | loss 0.0437 → 0.4104 | F1 0.6561 | AUC 0.8512 | κ 0.7657 | 20.6s
  Fold 4 | Epoch 005 | loss 0.0326 → 0.4758 | F1 0.6326 | AUC 0.8436 | κ 0.7524 | 20.3s
  Fold 4 | Epoch 006 | loss 0.0149 → 0.5105 | F1 0.6210 | AUC 0.8364 | κ 0.7462 | 20.2s
  Fold 4 | Epoch 007 | loss 0.0111 → 0.5144 | F1 0.6216 | AUC 0.8446 | κ 0.7601 | 20.3s
  Fold 4 | Epoch 008 | loss 0.0087 → 0.4773 | F1 0.6279 | AUC 0.8471 | κ 0.7696 | 20.3s
  Fold 4 | Epoch 009 | loss 0.0080 → 0.5274 | F1 0.6357 | AUC 0.8482 | κ 0.7670 | 20.2s
  Early stopping at epoch 9 (patience=5)
    IDRiD val F1=0.6561  →  Clinical F1=0.2086

#################################################################
#  Arm: full preprocessing (efficientnet_b3)
#################################################################

  [full | Fold 1] train=412  val=104
  Fold 0 | Epoch 000 | loss 0.5893 → 0.5201 | F1 0.3303 | AUC 0.7557 | κ 0.5600 | 177.1s
  Fold 0 | Epoch 001 | loss 0.4458 → 0.4055 | F1 0.4741 | AUC 0.8213 | κ 0.6338 | 178.2s
  Fold 0 | Epoch 002 | loss 0.3249 → 0.3456 | F1 0.5512 | AUC 0.8545 | κ 0.7344 | 177.7s
  Fold 0 | Epoch 003 | loss 0.2340 → 0.3250 | F1 0.6204 | AUC 0.8699 | κ 0.7814 | 175.9s
  Fold 0 | Epoch 004 | loss 0.1786 → 0.3103 | F1 0.5889 | AUC 0.8778 | κ 0.7483 | 177.8s
  Fold 0 | Epoch 005 | loss 0.1584 → 0.4130 | F1 0.6458 | AUC 0.8744 | κ 0.7619 | 176.5s
  Fold 0 | Epoch 006 | loss 0.0881 → 0.3807 | F1 0.6471 | AUC 0.8746 | κ 0.7772 | 173.1s
  Fold 0 | Epoch 007 | loss 0.0591 → 0.4155 | F1 0.6408 | AUC 0.8672 | κ 0.7475 | 174.7s
  Fold 0 | Epoch 008 | loss 0.0396 → 0.5256 | F1 0.6424 | AUC 0.8659 | κ 0.7961 | 176.9s
  Fold 0 | Epoch 009 | loss 0.0305 → 0.5883 | F1 0.5904 | AUC 0.8481 | κ 0.7529 | 178.8s
  Fold 0 | Epoch 010 | loss 0.0218 → 0.5387 | F1 0.5976 | AUC 0.8487 | κ 0.7748 | 174.8s
  Fold 0 | Epoch 011 | loss 0.0099 → 0.5950 | F1 0.5805 | AUC 0.8515 | κ 0.7799 | 174.7s
  Early stopping at epoch 11 (patience=5)
    IDRiD val F1=0.6471  →  Clinical F1=0.3489

  [full | Fold 2] train=413  val=103
  Fold 1 | Epoch 000 | loss 0.6046 → 0.5372 | F1 0.4294 | AUC 0.8189 | κ 0.7312 | 177.9s
  Fold 1 | Epoch 001 | loss 0.5015 → 0.4128 | F1 0.5472 | AUC 0.8742 | κ 0.7603 | 176.2s
  Fold 1 | Epoch 002 | loss 0.3628 → 0.3098 | F1 0.6452 | AUC 0.8924 | κ 0.8082 | 177.6s
  Fold 1 | Epoch 003 | loss 0.2781 → 0.2795 | F1 0.6963 | AUC 0.9020 | κ 0.8612 | 170.4s
  Fold 1 | Epoch 004 | loss 0.2152 → 0.3298 | F1 0.6695 | AUC 0.8942 | κ 0.8436 | 174.0s
  Fold 1 | Epoch 005 | loss 0.1431 → 0.3607 | F1 0.7173 | AUC 0.8959 | κ 0.8762 | 175.9s
  Fold 1 | Epoch 006 | loss 0.1108 → 0.3626 | F1 0.6884 | AUC 0.8829 | κ 0.8512 | 173.9s
  Fold 1 | Epoch 007 | loss 0.0704 → 0.3897 | F1 0.6634 | AUC 0.8926 | κ 0.8666 | 174.4s
  Fold 1 | Epoch 008 | loss 0.0490 → 0.4519 | F1 0.6970 | AUC 0.8884 | κ 0.8854 | 175.9s
  Fold 1 | Epoch 009 | loss 0.0446 → 0.4251 | F1 0.6649 | AUC 0.8903 | κ 0.8653 | 173.2s
  Fold 1 | Epoch 010 | loss 0.0228 → 0.5392 | F1 0.6994 | AUC 0.8815 | κ 0.8910 | 173.1s
  Early stopping at epoch 10 (patience=5)
    IDRiD val F1=0.7173  →  Clinical F1=0.2522

  [full | Fold 3] train=413  val=103
  Fold 2 | Epoch 000 | loss 0.6243 → 0.5260 | F1 0.4623 | AUC 0.8274 | κ 0.6732 | 174.7s
  Fold 2 | Epoch 001 | loss 0.4839 → 0.3777 | F1 0.5362 | AUC 0.8605 | κ 0.8454 | 174.2s
  Fold 2 | Epoch 002 | loss 0.3545 → 0.3034 | F1 0.5682 | AUC 0.8812 | κ 0.8248 | 175.8s
  Fold 2 | Epoch 003 | loss 0.2636 → 0.2857 | F1 0.6190 | AUC 0.8869 | κ 0.8373 | 174.1s
  Fold 2 | Epoch 004 | loss 0.2082 → 0.3216 | F1 0.6146 | AUC 0.8838 | κ 0.7879 | 173.5s
  Fold 2 | Epoch 005 | loss 0.1468 → 0.3299 | F1 0.6132 | AUC 0.8900 | κ 0.8252 | 174.2s
  Fold 2 | Epoch 006 | loss 0.1168 → 0.2808 | F1 0.6221 | AUC 0.8912 | κ 0.7896 | 176.4s
  Fold 2 | Epoch 007 | loss 0.0917 → 0.3225 | F1 0.6257 | AUC 0.8886 | κ 0.7776 | 176.2s
  Fold 2 | Epoch 008 | loss 0.0538 → 0.3203 | F1 0.6318 | AUC 0.8845 | κ 0.7944 | 172.6s
  Fold 2 | Epoch 009 | loss 0.0387 → 0.4485 | F1 0.6740 | AUC 0.8890 | κ 0.7693 | 175.1s
  Fold 2 | Epoch 010 | loss 0.0371 → 0.4583 | F1 0.6764 | AUC 0.8945 | κ 0.8061 | 174.6s
  Fold 2 | Epoch 011 | loss 0.0278 → 0.3691 | F1 0.6659 | AUC 0.8907 | κ 0.8160 | 174.0s
  Fold 2 | Epoch 012 | loss 0.0215 → 0.4334 | F1 0.6947 | AUC 0.8875 | κ 0.8085 | 173.6s
  Fold 2 | Epoch 013 | loss 0.0223 → 0.3622 | F1 0.7145 | AUC 0.8991 | κ 0.8333 | 174.9s
  Fold 2 | Epoch 014 | loss 0.0176 → 0.4012 | F1 0.7059 | AUC 0.8984 | κ 0.8320 | 172.3s
  Fold 2 | Epoch 015 | loss 0.0201 → 0.4815 | F1 0.6951 | AUC 0.8970 | κ 0.8273 | 174.5s
  Fold 2 | Epoch 016 | loss 0.0141 → 0.4614 | F1 0.6980 | AUC 0.8894 | κ 0.7884 | 173.9s
  Fold 2 | Epoch 017 | loss 0.0205 → 0.4500 | F1 0.6834 | AUC 0.8865 | κ 0.8292 | 176.1s
  Fold 2 | Epoch 018 | loss 0.0173 → 0.3452 | F1 0.6963 | AUC 0.8975 | κ 0.8242 | 175.1s
  Early stopping at epoch 18 (patience=5)
    IDRiD val F1=0.7145  →  Clinical F1=0.2293

  [full | Fold 4] train=413  val=103
  Fold 3 | Epoch 000 | loss 0.6137 → 0.5317 | F1 0.4606 | AUC 0.7994 | κ 0.6570 | 177.0s
  Fold 3 | Epoch 001 | loss 0.4863 → 0.4195 | F1 0.4520 | AUC 0.8352 | κ 0.6838 | 173.4s
  Fold 3 | Epoch 002 | loss 0.3474 → 0.3187 | F1 0.5965 | AUC 0.8765 | κ 0.7743 | 174.7s
  Fold 3 | Epoch 003 | loss 0.2432 → 0.3059 | F1 0.6130 | AUC 0.8848 | κ 0.7767 | 175.3s
  Fold 3 | Epoch 004 | loss 0.1974 → 0.2621 | F1 0.6082 | AUC 0.8980 | κ 0.7766 | 174.4s
  Fold 3 | Epoch 005 | loss 0.1328 → 0.3751 | F1 0.5950 | AUC 0.8860 | κ 0.7841 | 175.4s
  Fold 3 | Epoch 006 | loss 0.1058 → 0.3626 | F1 0.5839 | AUC 0.8764 | κ 0.7661 | 175.7s
  Fold 3 | Epoch 007 | loss 0.0719 → 0.3623 | F1 0.6081 | AUC 0.8839 | κ 0.7592 | 174.2s
  Fold 3 | Epoch 008 | loss 0.0427 → 0.4601 | F1 0.5635 | AUC 0.8630 | κ 0.7676 | 176.5s
  Early stopping at epoch 8 (patience=5)
    IDRiD val F1=0.6130  →  Clinical F1=0.3549

  [full | Fold 5] train=413  val=103
  Fold 4 | Epoch 000 | loss 0.6086 → 0.5517 | F1 0.3578 | AUC 0.7580 | κ 0.5334 | 178.1s
  Fold 4 | Epoch 001 | loss 0.4952 → 0.4571 | F1 0.5414 | AUC 0.7801 | κ 0.6632 | 173.6s
  Fold 4 | Epoch 002 | loss 0.3635 → 0.3844 | F1 0.5755 | AUC 0.8180 | κ 0.7648 | 176.1s
  Fold 4 | Epoch 003 | loss 0.2761 → 0.3503 | F1 0.6047 | AUC 0.8410 | κ 0.7850 | 174.6s
  Fold 4 | Epoch 004 | loss 0.1889 → 0.3517 | F1 0.6712 | AUC 0.8712 | κ 0.7970 | 174.9s
  Fold 4 | Epoch 005 | loss 0.1189 → 0.3878 | F1 0.6907 | AUC 0.8687 | κ 0.8264 | 174.4s
  Fold 4 | Epoch 006 | loss 0.0866 → 0.4015 | F1 0.6696 | AUC 0.8733 | κ 0.7794 | 173.3s
  Fold 4 | Epoch 007 | loss 0.0707 → 0.4488 | F1 0.7237 | AUC 0.8897 | κ 0.8381 | 173.6s
  Fold 4 | Epoch 008 | loss 0.0421 → 0.4046 | F1 0.7091 | AUC 0.8853 | κ 0.8407 | 177.2s
  Fold 4 | Epoch 009 | loss 0.0286 → 0.3502 | F1 0.6605 | AUC 0.8930 | κ 0.8149 | 174.4s
  Fold 4 | Epoch 010 | loss 0.0218 → 0.4322 | F1 0.6966 | AUC 0.8846 | κ 0.8065 | 174.9s
  Fold 4 | Epoch 011 | loss 0.0231 → 0.5012 | F1 0.7091 | AUC 0.8785 | κ 0.8173 | 175.9s
  Fold 4 | Epoch 012 | loss 0.0099 → 0.5575 | F1 0.7080 | AUC 0.8707 | κ 0.8139 | 175.7s
  Early stopping at epoch 12 (patience=5)
    IDRiD val F1=0.7237  →  Clinical F1=0.3407

Results saved → outputs\exp7\small_data_results.json

=================================================================
Experiment 7 — Small Data Training (IDRiD → Clinical) Summary
=================================================================
  baseline : Clinical weighted_f1=0.2153 ± 0.0270  roc_auc=0.7085 ± 0.0130  cohen_kappa_quadratic=0.4858 ± 0.0440  accuracy=0.2700 ± 0.0067
             weighted_f1 mean=0.2163 [95% CI 0.1418, 0.3022]
  full     : Clinical weighted_f1=0.3052 ± 0.0533  roc_auc=0.7495 ± 0.0254  cohen_kappa_quadratic=0.6000 ± 0.0438  accuracy=0.3267 ± 0.0467
             weighted_f1 mean=0.3028 [95% CI 0.2136, 0.4034]

  Δ(full − baseline) Clinical weighted_f1 = +0.0899
