SSL pretraining | backbone=resnet50 | method=dino | epochs=300
Configs: ['configs/default.yaml', 'configs/ssl_pretrain.yaml', 'configs/_win_local.yaml', 'configs/ssl_dino_v3_0.yaml']
  Disjointness OK — SSL=53576 (26788 patients) vs train=35126 (17563 patients)
  Corpus images: 53576
  Device=cuda | AMP=True | feature_dim=2048
  --resume: restored resnet50 at epoch 77/300 (global_step=42966).
  [ep 77 step 43000] loss=1.0314 feat_std=0.0128 lr=0.00016 m=0.99662
  [ep 77 step 43050] loss=0.9910 feat_std=0.0127 lr=0.00016 m=0.99662
  [ep 77 step 43100] loss=0.9977 feat_std=0.0129 lr=0.00016 m=0.99662
  [ep 77 step 43150] loss=1.0071 feat_std=0.0130 lr=0.00016 m=0.99662
  [ep 77 step 43200] loss=0.9681 feat_std=0.0128 lr=0.00016 m=0.99662
  [ep 77 step 43250] loss=1.0065 feat_std=0.0127 lr=0.00016 m=0.99662
  [ep 77 step 43300] loss=0.9477 feat_std=0.0126 lr=0.00016 m=0.99662
  [ep 77 step 43350] loss=0.9938 feat_std=0.0126 lr=0.00016 m=0.99663
  [ep 77 step 43400] loss=0.9760 feat_std=0.0129 lr=0.00016 m=0.99663
  [ep 77 step 43450] loss=1.0431 feat_std=0.0129 lr=0.00016 m=0.99663
  [ep 77 step 43500] loss=0.9850 feat_std=0.0127 lr=0.00016 m=0.99663
  [ep 78 step 43550] loss=0.9727 feat_std=0.0128 lr=0.00016 m=0.99663
  [ep 78 step 43600] loss=1.0525 feat_std=0.0127 lr=0.00016 m=0.99663
  [ep 78 step 43650] loss=1.0729 feat_std=0.0129 lr=0.00016 m=0.99663
  [ep 78 step 43700] loss=1.0652 feat_std=0.0129 lr=0.00016 m=0.99664
  [ep 78 step 43750] loss=1.0719 feat_std=0.0126 lr=0.00016 m=0.99664
  [ep 78 step 43800] loss=1.0744 feat_std=0.0128 lr=0.00016 m=0.99664
  [ep 78 step 43850] loss=0.9983 feat_std=0.0129 lr=0.00016 m=0.99664
  [ep 78 step 43900] loss=1.0367 feat_std=0.0127 lr=0.00016 m=0.99664
  [ep 78 step 43950] loss=0.9745 feat_std=0.0129 lr=0.00016 m=0.99664
  [ep 78 step 44000] loss=1.0900 feat_std=0.0129 lr=0.00016 m=0.99664
  [ep 78 step 44050] loss=1.0234 feat_std=0.0128 lr=0.00016 m=0.99665
  [ep 79 step 44100] loss=1.1374 feat_std=0.0129 lr=0.00016 m=0.99665
  [ep 79 step 44150] loss=0.9810 feat_std=0.0126 lr=0.00016 m=0.99665
  [ep 79 step 44200] loss=0.8735 feat_std=0.0128 lr=0.00016 m=0.99665
  [ep 79 step 44250] loss=1.0074 feat_std=0.0128 lr=0.00016 m=0.99665
  [ep 79 step 44300] loss=0.9477 feat_std=0.0128 lr=0.00016 m=0.99665
  [ep 79 step 44350] loss=0.9123 feat_std=0.0130 lr=0.00016 m=0.99665
  [ep 79 step 44400] loss=1.1029 feat_std=0.0128 lr=0.00016 m=0.99666
  [ep 79 step 44450] loss=0.9913 feat_std=0.0130 lr=0.00016 m=0.99666
  [ep 79 step 44500] loss=0.9607 feat_std=0.0131 lr=0.00016 m=0.99666
  [ep 79 step 44550] loss=1.0125 feat_std=0.0126 lr=0.00016 m=0.99666
  [ep 79 step 44600] loss=0.8674 feat_std=0.0128 lr=0.00016 m=0.99666
  [ep 80 step 44650] loss=0.9396 feat_std=0.0127 lr=0.00016 m=0.99666
  [ep 80 step 44700] loss=1.0618 feat_std=0.0126 lr=0.00016 m=0.99666
  [ep 80 step 44750] loss=1.0458 feat_std=0.0128 lr=0.00016 m=0.99666
  [ep 80 step 44800] loss=0.9935 feat_std=0.0128 lr=0.00016 m=0.99667
  [ep 80 step 44850] loss=0.9471 feat_std=0.0130 lr=0.00016 m=0.99667
  [ep 80 step 44900] loss=0.9471 feat_std=0.0130 lr=0.00016 m=0.99667
  [ep 80 step 44950] loss=0.8685 feat_std=0.0130 lr=0.00016 m=0.99667
  [ep 80 step 45000] loss=0.9827 feat_std=0.0128 lr=0.00016 m=0.99667
  [ep 80 step 45050] loss=1.0427 feat_std=0.0129 lr=0.00016 m=0.99667
  [ep 80 step 45100] loss=1.0033 feat_std=0.0129 lr=0.00016 m=0.99667
  [ep 80 step 45150] loss=1.0619 feat_std=0.0127 lr=0.00016 m=0.99668
  [ep 81 step 45200] loss=0.9233 feat_std=0.0128 lr=0.00016 m=0.99668
  [ep 81 step 45250] loss=0.9345 feat_std=0.0130 lr=0.00016 m=0.99668
  [ep 81 step 45300] loss=0.9938 feat_std=0.0128 lr=0.00016 m=0.99668
  [ep 81 step 45350] loss=1.1123 feat_std=0.0129 lr=0.00016 m=0.99668
  [ep 81 step 45400] loss=0.9363 feat_std=0.0126 lr=0.00016 m=0.99668
  [ep 81 step 45450] loss=0.8598 feat_std=0.0130 lr=0.00016 m=0.99668
  [ep 81 step 45500] loss=1.0359 feat_std=0.0128 lr=0.00016 m=0.99669
  [ep 81 step 45550] loss=0.9854 feat_std=0.0126 lr=0.00016 m=0.99669
  [ep 81 step 45600] loss=1.0377 feat_std=0.0130 lr=0.00016 m=0.99669
  [ep 81 step 45650] loss=0.9210 feat_std=0.0129 lr=0.00016 m=0.99669
  [ep 81 step 45700] loss=1.0474 feat_std=0.0129 lr=0.00016 m=0.99669
  [ep 81 step 45750] loss=0.9620 feat_std=0.0130 lr=0.00016 m=0.99669
  [ep 82 step 45800] loss=0.9577 feat_std=0.0126 lr=0.00016 m=0.99669
  [ep 82 step 45850] loss=1.1000 feat_std=0.0128 lr=0.00016 m=0.99670
  [ep 82 step 45900] loss=1.0623 feat_std=0.0128 lr=0.00016 m=0.99670
  [ep 82 step 45950] loss=0.9903 feat_std=0.0130 lr=0.00016 m=0.99670
  [ep 82 step 46000] loss=0.9813 feat_std=0.0130 lr=0.00016 m=0.99670
  [ep 82 step 46050] loss=0.9704 feat_std=0.0129 lr=0.00016 m=0.99670
  [ep 82 step 46100] loss=0.9666 feat_std=0.0128 lr=0.00016 m=0.99670
  [ep 82 step 46150] loss=0.8738 feat_std=0.0128 lr=0.00016 m=0.99670
  [ep 82 step 46200] loss=0.8666 feat_std=0.0131 lr=0.00016 m=0.99671
  [ep 82 step 46250] loss=0.9201 feat_std=0.0129 lr=0.00016 m=0.99671
  [ep 82 step 46300] loss=0.8258 feat_std=0.0128 lr=0.00016 m=0.99671
  [ep 83 step 46350] loss=1.0802 feat_std=0.0126 lr=0.00016 m=0.99671
  [ep 83 step 46400] loss=1.1111 feat_std=0.0129 lr=0.00016 m=0.99671
  [ep 83 step 46450] loss=0.9751 feat_std=0.0128 lr=0.00016 m=0.99671
  [ep 83 step 46500] loss=0.9791 feat_std=0.0129 lr=0.00016 m=0.99671
  [ep 83 step 46550] loss=0.9169 feat_std=0.0128 lr=0.00016 m=0.99672
  [ep 83 step 46600] loss=1.0072 feat_std=0.0128 lr=0.00016 m=0.99672
  [ep 83 step 46650] loss=1.0785 feat_std=0.0129 lr=0.00016 m=0.99672
  [ep 83 step 46700] loss=1.1223 feat_std=0.0127 lr=0.00016 m=0.99672
  [ep 83 step 46750] loss=1.0650 feat_std=0.0126 lr=0.00016 m=0.99672
  [ep 83 step 46800] loss=0.9102 feat_std=0.0132 lr=0.00016 m=0.99672
  [ep 83 step 46850] loss=1.0828 feat_std=0.0128 lr=0.00016 m=0.99672
  [ep 84 step 46900] loss=0.9056 feat_std=0.0128 lr=0.00016 m=0.99673
  [ep 84 step 46950] loss=0.8684 feat_std=0.0129 lr=0.00016 m=0.99673
  [ep 84 step 47000] loss=0.9708 feat_std=0.0130 lr=0.00016 m=0.99673
  [ep 84 step 47050] loss=1.1728 feat_std=0.0126 lr=0.00016 m=0.99673
  [ep 84 step 47100] loss=0.9917 feat_std=0.0131 lr=0.00016 m=0.99673
  [ep 84 step 47150] loss=0.9719 feat_std=0.0128 lr=0.00016 m=0.99673
  [ep 84 step 47200] loss=1.0083 feat_std=0.0130 lr=0.00016 m=0.99673
  [ep 84 step 47250] loss=0.9504 feat_std=0.0130 lr=0.00016 m=0.99674
  [ep 84 step 47300] loss=0.9797 feat_std=0.0129 lr=0.00016 m=0.99674
  [ep 84 step 47350] loss=0.9865 feat_std=0.0129 lr=0.00016 m=0.99674
  [ep 84 step 47400] loss=0.9615 feat_std=0.0129 lr=0.00016 m=0.99674
  [ep 85 step 47450] loss=1.0591 feat_std=0.0129 lr=0.00016 m=0.99674
  [ep 85 step 47500] loss=0.9263 feat_std=0.0131 lr=0.00016 m=0.99674
  [ep 85 step 47550] loss=0.9849 feat_std=0.0130 lr=0.00016 m=0.99674
  [ep 85 step 47600] loss=0.9657 feat_std=0.0128 lr=0.00016 m=0.99675
  [ep 85 step 47650] loss=0.8870 feat_std=0.0129 lr=0.00016 m=0.99675
  [ep 85 step 47700] loss=0.9565 feat_std=0.0129 lr=0.00016 m=0.99675
  [ep 85 step 47750] loss=0.9156 feat_std=0.0130 lr=0.00016 m=0.99675
  [ep 85 step 47800] loss=0.9451 feat_std=0.0131 lr=0.00016 m=0.99675
  [ep 85 step 47850] loss=0.9685 feat_std=0.0129 lr=0.00016 m=0.99675
  [ep 85 step 47900] loss=0.9883 feat_std=0.0129 lr=0.00016 m=0.99676
  [ep 85 step 47950] loss=0.9528 feat_std=0.0130 lr=0.00016 m=0.99676
  [ep 86 step 48000] loss=0.9322 feat_std=0.0128 lr=0.00016 m=0.99676
  [ep 86 step 48050] loss=0.9279 feat_std=0.0129 lr=0.00016 m=0.99676
  [ep 86 step 48100] loss=1.0545 feat_std=0.0132 lr=0.00016 m=0.99676
  [ep 86 step 48150] loss=0.8575 feat_std=0.0130 lr=0.00016 m=0.99676
  [ep 86 step 48200] loss=1.1609 feat_std=0.0129 lr=0.00016 m=0.99676
  [ep 86 step 48250] loss=0.9423 feat_std=0.0130 lr=0.00016 m=0.99677
  [ep 86 step 48300] loss=0.8115 feat_std=0.0132 lr=0.00016 m=0.99677
  [ep 86 step 48350] loss=0.9300 feat_std=0.0131 lr=0.00016 m=0.99677
  [ep 86 step 48400] loss=0.8669 feat_std=0.0130 lr=0.00016 m=0.99677
  [ep 86 step 48450] loss=0.9322 feat_std=0.0129 lr=0.00016 m=0.99677
  [ep 86 step 48500] loss=1.0570 feat_std=0.0128 lr=0.00016 m=0.99677
  [ep 87 step 48550] loss=1.0838 feat_std=0.0127 lr=0.00016 m=0.99677
  [ep 87 step 48600] loss=1.0078 feat_std=0.0129 lr=0.00016 m=0.99678
  [ep 87 step 48650] loss=0.9693 feat_std=0.0128 lr=0.00016 m=0.99678
  [ep 87 step 48700] loss=0.9678 feat_std=0.0130 lr=0.00016 m=0.99678
  [ep 87 step 48750] loss=0.8998 feat_std=0.0129 lr=0.00016 m=0.99678
  [ep 87 step 48800] loss=0.8321 feat_std=0.0131 lr=0.00016 m=0.99678
  [ep 87 step 48850] loss=0.9290 feat_std=0.0128 lr=0.00016 m=0.99678
  [ep 87 step 48900] loss=1.0866 feat_std=0.0129 lr=0.00016 m=0.99678
  [ep 87 step 48950] loss=0.9891 feat_std=0.0129 lr=0.00016 m=0.99679
  [ep 87 step 49000] loss=1.0024 feat_std=0.0129 lr=0.00016 m=0.99679
  [ep 87 step 49050] loss=0.9535 feat_std=0.0128 lr=0.00016 m=0.99679
  [ep 87 step 49100] loss=0.8906 feat_std=0.0130 lr=0.00016 m=0.99679
  [ep 88 step 49150] loss=0.9521 feat_std=0.0129 lr=0.00016 m=0.99679
  [ep 88 step 49200] loss=0.8876 feat_std=0.0129 lr=0.00016 m=0.99679
  [ep 88 step 49250] loss=0.9552 feat_std=0.0128 lr=0.00016 m=0.99680
  [ep 88 step 49300] loss=0.8750 feat_std=0.0128 lr=0.00016 m=0.99680
  [ep 88 step 49350] loss=1.0006 feat_std=0.0128 lr=0.00016 m=0.99680
  [ep 88 step 49400] loss=0.8894 feat_std=0.0129 lr=0.00016 m=0.99680
  [ep 88 step 49450] loss=1.0283 feat_std=0.0130 lr=0.00016 m=0.99680
  [ep 88 step 49500] loss=1.0070 feat_std=0.0127 lr=0.00016 m=0.99680
  [ep 88 step 49550] loss=0.8963 feat_std=0.0128 lr=0.00016 m=0.99680
  [ep 88 step 49600] loss=0.9059 feat_std=0.0131 lr=0.00016 m=0.99681
  [ep 88 step 49650] loss=1.0059 feat_std=0.0130 lr=0.00016 m=0.99681
  [ep 89 step 49700] loss=0.9452 feat_std=0.0130 lr=0.00016 m=0.99681
  [ep 89 step 49750] loss=0.9560 feat_std=0.0129 lr=0.00016 m=0.99681
  [ep 89 step 49800] loss=1.0105 feat_std=0.0128 lr=0.00016 m=0.99681
  [ep 89 step 49850] loss=0.9061 feat_std=0.0130 lr=0.00015 m=0.99681
  [ep 89 step 49900] loss=0.8965 feat_std=0.0128 lr=0.00015 m=0.99681
  [ep 89 step 49950] loss=0.9022 feat_std=0.0129 lr=0.00015 m=0.99682
  [ep 89 step 50000] loss=1.0806 feat_std=0.0131 lr=0.00015 m=0.99682
  [ep 89 step 50050] loss=0.9966 feat_std=0.0128 lr=0.00015 m=0.99682
  [ep 89 step 50100] loss=0.8809 feat_std=0.0130 lr=0.00015 m=0.99682
  [ep 89 step 50150] loss=0.9748 feat_std=0.0131 lr=0.00015 m=0.99682
  [ep 89 step 50200] loss=1.0063 feat_std=0.0129 lr=0.00015 m=0.99682
  [ep 90 step 50250] loss=0.8625 feat_std=0.0128 lr=0.00015 m=0.99683
  [ep 90 step 50300] loss=0.9401 feat_std=0.0130 lr=0.00015 m=0.99683
  [ep 90 step 50350] loss=0.9099 feat_std=0.0130 lr=0.00015 m=0.99683
  [ep 90 step 50400] loss=0.9374 feat_std=0.0128 lr=0.00015 m=0.99683
  [ep 90 step 50450] loss=0.9589 feat_std=0.0131 lr=0.00015 m=0.99683
  [ep 90 step 50500] loss=0.9776 feat_std=0.0129 lr=0.00015 m=0.99683
  [ep 90 step 50550] loss=0.8553 feat_std=0.0130 lr=0.00015 m=0.99683
  [ep 90 step 50600] loss=0.9387 feat_std=0.0130 lr=0.00015 m=0.99684
  [ep 90 step 50650] loss=0.8404 feat_std=0.0129 lr=0.00015 m=0.99684
  [ep 90 step 50700] loss=0.9979 feat_std=0.0129 lr=0.00015 m=0.99684
  [ep 90 step 50750] loss=0.9188 feat_std=0.0128 lr=0.00015 m=0.99684
  [ep 91 step 50800] loss=1.0390 feat_std=0.0128 lr=0.00015 m=0.99684
  [ep 91 step 50850] loss=1.0598 feat_std=0.0130 lr=0.00015 m=0.99684
  [ep 91 step 50900] loss=1.0004 feat_std=0.0131 lr=0.00015 m=0.99685
  [ep 91 step 50950] loss=1.0131 feat_std=0.0128 lr=0.00015 m=0.99685
  [ep 91 step 51000] loss=1.0068 feat_std=0.0127 lr=0.00015 m=0.99685
  [ep 91 step 51050] loss=1.0042 feat_std=0.0130 lr=0.00015 m=0.99685
  [ep 91 step 51100] loss=1.0245 feat_std=0.0129 lr=0.00015 m=0.99685
  [ep 91 step 51150] loss=0.9017 feat_std=0.0131 lr=0.00015 m=0.99685
  [ep 91 step 51200] loss=0.9339 feat_std=0.0128 lr=0.00015 m=0.99685
  [ep 91 step 51250] loss=0.9419 feat_std=0.0129 lr=0.00015 m=0.99686
  [ep 91 step 51300] loss=0.9368 feat_std=0.0130 lr=0.00015 m=0.99686
  [ep 92 step 51350] loss=0.9558 feat_std=0.0130 lr=0.00015 m=0.99686
  [ep 92 step 51400] loss=0.9157 feat_std=0.0129 lr=0.00015 m=0.99686
  [ep 92 step 51450] loss=0.8949 feat_std=0.0131 lr=0.00015 m=0.99686
  [ep 92 step 51500] loss=0.9454 feat_std=0.0129 lr=0.00015 m=0.99686
  [ep 92 step 51550] loss=0.9804 feat_std=0.0130 lr=0.00015 m=0.99687
  [ep 92 step 51600] loss=0.8520 feat_std=0.0130 lr=0.00015 m=0.99687
  [ep 92 step 51650] loss=0.9860 feat_std=0.0130 lr=0.00015 m=0.99687
  [ep 92 step 51700] loss=0.9986 feat_std=0.0130 lr=0.00015 m=0.99687
  [ep 92 step 51750] loss=1.0741 feat_std=0.0128 lr=0.00015 m=0.99687
  [ep 92 step 51800] loss=0.9622 feat_std=0.0130 lr=0.00015 m=0.99687
  [ep 92 step 51850] loss=1.0077 feat_std=0.0129 lr=0.00015 m=0.99687
  [ep 93 step 51900] loss=0.9174 feat_std=0.0128 lr=0.00015 m=0.99688
  [ep 93 step 51950] loss=0.8802 feat_std=0.0128 lr=0.00015 m=0.99688
  [ep 93 step 52000] loss=1.0046 feat_std=0.0127 lr=0.00015 m=0.99688
  [ep 93 step 52050] loss=0.9586 feat_std=0.0127 lr=0.00015 m=0.99688
  [ep 93 step 52100] loss=0.9929 feat_std=0.0130 lr=0.00015 m=0.99688
  [ep 93 step 52150] loss=0.8993 feat_std=0.0129 lr=0.00015 m=0.99688
  [ep 93 step 52200] loss=0.9866 feat_std=0.0129 lr=0.00015 m=0.99689
  [ep 93 step 52250] loss=0.8923 feat_std=0.0129 lr=0.00015 m=0.99689
  [ep 93 step 52300] loss=0.9477 feat_std=0.0131 lr=0.00015 m=0.99689
  [ep 93 step 52350] loss=0.9554 feat_std=0.0129 lr=0.00015 m=0.99689
  [ep 93 step 52400] loss=1.0195 feat_std=0.0130 lr=0.00015 m=0.99689
  [ep 93 step 52450] loss=0.9604 feat_std=0.0131 lr=0.00015 m=0.99689
  [ep 94 step 52500] loss=0.8630 feat_std=0.0129 lr=0.00015 m=0.99689
  [ep 94 step 52550] loss=0.9717 feat_std=0.0130 lr=0.00015 m=0.99690
  [ep 94 step 52600] loss=0.8951 feat_std=0.0131 lr=0.00015 m=0.99690
  [ep 94 step 52650] loss=0.9713 feat_std=0.0126 lr=0.00015 m=0.99690
  [ep 94 step 52700] loss=0.9126 feat_std=0.0129 lr=0.00015 m=0.99690
  [ep 94 step 52750] loss=1.0694 feat_std=0.0129 lr=0.00015 m=0.99690
  [ep 94 step 52800] loss=0.9501 feat_std=0.0127 lr=0.00015 m=0.99690
  [ep 94 step 52850] loss=0.9566 feat_std=0.0129 lr=0.00015 m=0.99691
  [ep 94 step 52900] loss=1.0039 feat_std=0.0128 lr=0.00015 m=0.99691
  [ep 94 step 52950] loss=0.9200 feat_std=0.0129 lr=0.00015 m=0.99691
  [ep 94 step 53000] loss=0.9579 feat_std=0.0129 lr=0.00015 m=0.99691
  [ep 95 step 53050] loss=0.9587 feat_std=0.0128 lr=0.00015 m=0.99691
  [ep 95 step 53100] loss=0.9462 feat_std=0.0130 lr=0.00015 m=0.99691
  [ep 95 step 53150] loss=0.9360 feat_std=0.0131 lr=0.00015 m=0.99692
  [ep 95 step 53200] loss=0.9522 feat_std=0.0129 lr=0.00015 m=0.99692
  [ep 95 step 53250] loss=1.0074 feat_std=0.0130 lr=0.00015 m=0.99692
  [ep 95 step 53300] loss=0.9828 feat_std=0.0130 lr=0.00015 m=0.99692
  [ep 95 step 53350] loss=1.0377 feat_std=0.0131 lr=0.00015 m=0.99692
  [ep 95 step 53400] loss=0.9974 feat_std=0.0129 lr=0.00015 m=0.99692
  [ep 95 step 53450] loss=0.8585 feat_std=0.0128 lr=0.00015 m=0.99692
  [ep 95 step 53500] loss=0.9756 feat_std=0.0129 lr=0.00015 m=0.99693
  [ep 95 step 53550] loss=0.9122 feat_std=0.0130 lr=0.00015 m=0.99693
  [ep 96 step 53600] loss=0.9882 feat_std=0.0129 lr=0.00015 m=0.99693
  [ep 96 step 53650] loss=1.1581 feat_std=0.0125 lr=0.00015 m=0.99693
  [ep 96 step 53700] loss=0.9701 feat_std=0.0129 lr=0.00015 m=0.99693
  [ep 96 step 53750] loss=0.9226 feat_std=0.0127 lr=0.00015 m=0.99693
  [ep 96 step 53800] loss=0.9690 feat_std=0.0127 lr=0.00015 m=0.99694
  [ep 96 step 53850] loss=0.9151 feat_std=0.0130 lr=0.00015 m=0.99694
  [ep 96 step 53900] loss=0.8551 feat_std=0.0131 lr=0.00015 m=0.99694
  [ep 96 step 53950] loss=0.9499 feat_std=0.0128 lr=0.00015 m=0.99694
  [ep 96 step 54000] loss=0.9019 feat_std=0.0130 lr=0.00015 m=0.99694
  [ep 96 step 54050] loss=1.1531 feat_std=0.0130 lr=0.00015 m=0.99694
  [ep 96 step 54100] loss=0.8588 feat_std=0.0129 lr=0.00015 m=0.99695
  [ep 97 step 54150] loss=0.9252 feat_std=0.0129 lr=0.00015 m=0.99695
  [ep 97 step 54200] loss=1.0063 feat_std=0.0129 lr=0.00015 m=0.99695
  [ep 97 step 54250] loss=0.9291 feat_std=0.0129 lr=0.00015 m=0.99695
  [ep 97 step 54300] loss=0.9946 feat_std=0.0127 lr=0.00015 m=0.99695
  [ep 97 step 54350] loss=0.9067 feat_std=0.0131 lr=0.00015 m=0.99695
  [ep 97 step 54400] loss=0.8379 feat_std=0.0130 lr=0.00015 m=0.99695
  [ep 97 step 54450] loss=0.8440 feat_std=0.0130 lr=0.00015 m=0.99696
  [ep 97 step 54500] loss=0.8843 feat_std=0.0131 lr=0.00015 m=0.99696
  [ep 97 step 54550] loss=0.9402 feat_std=0.0130 lr=0.00015 m=0.99696
  [ep 97 step 54600] loss=0.8421 feat_std=0.0130 lr=0.00015 m=0.99696
  [ep 97 step 54650] loss=1.0293 feat_std=0.0130 lr=0.00015 m=0.99696
  [ep 98 step 54700] loss=0.9573 feat_std=0.0129 lr=0.00015 m=0.99696
  [ep 98 step 54750] loss=0.8562 feat_std=0.0131 lr=0.00015 m=0.99697
  [ep 98 step 54800] loss=0.8451 feat_std=0.0129 lr=0.00015 m=0.99697
  [ep 98 step 54850] loss=0.9256 feat_std=0.0130 lr=0.00015 m=0.99697
  [ep 98 step 54900] loss=0.9910 feat_std=0.0131 lr=0.00015 m=0.99697
  [ep 98 step 54950] loss=1.0244 feat_std=0.0128 lr=0.00015 m=0.99697
  [ep 98 step 55000] loss=0.9250 feat_std=0.0130 lr=0.00015 m=0.99697
  [ep 98 step 55050] loss=0.8678 feat_std=0.0131 lr=0.00015 m=0.99698
  [ep 98 step 55100] loss=0.8544 feat_std=0.0132 lr=0.00015 m=0.99698
  [ep 98 step 55150] loss=0.9167 feat_std=0.0130 lr=0.00015 m=0.99698
  [ep 98 step 55200] loss=0.8561 feat_std=0.0130 lr=0.00015 m=0.99698
  [ep 99 step 55250] loss=0.9840 feat_std=0.0130 lr=0.00015 m=0.99698
  [ep 99 step 55300] loss=0.9259 feat_std=0.0130 lr=0.00015 m=0.99698
  [ep 99 step 55350] loss=0.8190 feat_std=0.0129 lr=0.00015 m=0.99699
  [ep 99 step 55400] loss=0.9332 feat_std=0.0128 lr=0.00015 m=0.99699
  [ep 99 step 55450] loss=0.9318 feat_std=0.0129 lr=0.00015 m=0.99699
  [ep 99 step 55500] loss=1.0135 feat_std=0.0127 lr=0.00015 m=0.99699
  [ep 99 step 55550] loss=0.9451 feat_std=0.0129 lr=0.00015 m=0.99699
  [ep 99 step 55600] loss=0.7970 feat_std=0.0130 lr=0.00015 m=0.99699
  [ep 99 step 55650] loss=0.8921 feat_std=0.0129 lr=0.00015 m=0.99700
  [ep 99 step 55700] loss=0.8992 feat_std=0.0131 lr=0.00015 m=0.99700
  [ep 99 step 55750] loss=0.9222 feat_std=0.0129 lr=0.00015 m=0.99700
  [ep 100 step 55800] loss=0.8846 feat_std=0.0131 lr=0.00015 m=0.99700
