SSL pretraining | backbone=resnet50 | method=dino | epochs=300
Configs: ['configs/default.yaml', 'configs/ssl_pretrain.yaml', 'configs/_win_local.yaml', 'configs/ssl_dino_v3_0.yaml']
  Disjointness OK — SSL=53576 (26788 patients) vs train=35126 (17563 patients)
  Corpus images: 53576
  Device=cuda | AMP=True | feature_dim=2048
  [ep 0 step 0] loss=10.3583 feat_std=0.0053 lr=0.00000 m=0.99600
  [ep 0 step 50] loss=11.2516 feat_std=0.0052 lr=0.00000 m=0.99600
  [ep 0 step 100] loss=11.1849 feat_std=0.0059 lr=0.00000 m=0.99600
  [ep 0 step 150] loss=11.2196 feat_std=0.0057 lr=0.00001 m=0.99600
  [ep 0 step 200] loss=11.1435 feat_std=0.0060 lr=0.00001 m=0.99600
  [ep 0 step 250] loss=11.0963 feat_std=0.0061 lr=0.00001 m=0.99600
  [ep 0 step 300] loss=11.0251 feat_std=0.0061 lr=0.00001 m=0.99600
  [ep 0 step 350] loss=11.0233 feat_std=0.0061 lr=0.00001 m=0.99600
  [ep 0 step 400] loss=10.8922 feat_std=0.0063 lr=0.00001 m=0.99600
  [ep 0 step 450] loss=10.8408 feat_std=0.0066 lr=0.00002 m=0.99600
  [ep 0 step 500] loss=10.7600 feat_std=0.0068 lr=0.00002 m=0.99600
  [ep 0 step 550] loss=10.4908 feat_std=0.0068 lr=0.00002 m=0.99600
  [ep 1 step 600] loss=10.4589 feat_std=0.0071 lr=0.00002 m=0.99600
  [ep 1 step 650] loss=10.2731 feat_std=0.0069 lr=0.00002 m=0.99600
  [ep 1 step 700] loss=10.2164 feat_std=0.0071 lr=0.00002 m=0.99600
  [ep 1 step 750] loss=9.6054 feat_std=0.0071 lr=0.00003 m=0.99600
  [ep 1 step 800] loss=9.5249 feat_std=0.0068 lr=0.00003 m=0.99600
  [ep 1 step 850] loss=9.0578 feat_std=0.0070 lr=0.00003 m=0.99600
  [ep 1 step 900] loss=8.7277 feat_std=0.0069 lr=0.00003 m=0.99600
  [ep 1 step 950] loss=8.9920 feat_std=0.0073 lr=0.00003 m=0.99600
  [ep 1 step 1000] loss=9.0936 feat_std=0.0072 lr=0.00003 m=0.99600
  [ep 1 step 1050] loss=9.1228 feat_std=0.0075 lr=0.00004 m=0.99600
  [ep 1 step 1100] loss=9.3853 feat_std=0.0073 lr=0.00004 m=0.99600
  [ep 2 step 1150] loss=9.4883 feat_std=0.0075 lr=0.00004 m=0.99600
  [ep 2 step 1200] loss=9.5102 feat_std=0.0079 lr=0.00004 m=0.99600
  [ep 2 step 1250] loss=9.5656 feat_std=0.0077 lr=0.00004 m=0.99600
  [ep 2 step 1300] loss=9.5421 feat_std=0.0081 lr=0.00004 m=0.99600
  [ep 2 step 1350] loss=9.3867 feat_std=0.0078 lr=0.00005 m=0.99600
  [ep 2 step 1400] loss=9.4440 feat_std=0.0084 lr=0.00005 m=0.99600
  [ep 2 step 1450] loss=9.3547 feat_std=0.0086 lr=0.00005 m=0.99600
  [ep 2 step 1500] loss=9.3821 feat_std=0.0083 lr=0.00005 m=0.99600
  [ep 2 step 1550] loss=9.2233 feat_std=0.0090 lr=0.00005 m=0.99600
  [ep 2 step 1600] loss=9.1969 feat_std=0.0089 lr=0.00005 m=0.99600
  [ep 2 step 1650] loss=9.0627 feat_std=0.0088 lr=0.00006 m=0.99600
  [ep 3 step 1700] loss=9.1878 feat_std=0.0091 lr=0.00006 m=0.99600
  [ep 3 step 1750] loss=8.8425 feat_std=0.0093 lr=0.00006 m=0.99600
  [ep 3 step 1800] loss=8.8177 feat_std=0.0092 lr=0.00006 m=0.99600
  [ep 3 step 1850] loss=8.8502 feat_std=0.0093 lr=0.00006 m=0.99600
  [ep 3 step 1900] loss=8.4816 feat_std=0.0099 lr=0.00006 m=0.99600
  [ep 3 step 1950] loss=8.3529 feat_std=0.0099 lr=0.00007 m=0.99600
  [ep 3 step 2000] loss=8.4117 feat_std=0.0096 lr=0.00007 m=0.99600
  [ep 3 step 2050] loss=8.0234 feat_std=0.0099 lr=0.00007 m=0.99600
  [ep 3 step 2100] loss=7.7672 feat_std=0.0100 lr=0.00007 m=0.99600
  [ep 3 step 2150] loss=7.6931 feat_std=0.0099 lr=0.00007 m=0.99600
  [ep 3 step 2200] loss=7.3696 feat_std=0.0098 lr=0.00007 m=0.99600
  [ep 4 step 2250] loss=7.0273 feat_std=0.0101 lr=0.00008 m=0.99600
  [ep 4 step 2300] loss=6.6700 feat_std=0.0103 lr=0.00008 m=0.99600
  [ep 4 step 2350] loss=6.6089 feat_std=0.0101 lr=0.00008 m=0.99600
  [ep 4 step 2400] loss=6.8309 feat_std=0.0101 lr=0.00008 m=0.99600
  [ep 4 step 2450] loss=6.5118 feat_std=0.0100 lr=0.00008 m=0.99600
  [ep 4 step 2500] loss=6.1933 feat_std=0.0105 lr=0.00008 m=0.99600
  [ep 4 step 2550] loss=6.1287 feat_std=0.0102 lr=0.00009 m=0.99600
  [ep 4 step 2600] loss=6.0770 feat_std=0.0104 lr=0.00009 m=0.99600
  [ep 4 step 2650] loss=5.8369 feat_std=0.0104 lr=0.00009 m=0.99600
  [ep 4 step 2700] loss=5.7091 feat_std=0.0109 lr=0.00009 m=0.99600
  [ep 4 step 2750] loss=5.5999 feat_std=0.0108 lr=0.00009 m=0.99600
  [ep 5 step 2800] loss=5.7605 feat_std=0.0109 lr=0.00009 m=0.99600
  [ep 5 step 2850] loss=5.4716 feat_std=0.0105 lr=0.00010 m=0.99600
  [ep 5 step 2900] loss=5.1607 feat_std=0.0107 lr=0.00010 m=0.99600
  [ep 5 step 2950] loss=4.9943 feat_std=0.0110 lr=0.00010 m=0.99600
  [ep 5 step 3000] loss=5.1801 feat_std=0.0109 lr=0.00010 m=0.99600
  [ep 5 step 3050] loss=5.1046 feat_std=0.0107 lr=0.00010 m=0.99600
  [ep 5 step 3100] loss=5.0772 feat_std=0.0106 lr=0.00010 m=0.99600
  [ep 5 step 3150] loss=5.0292 feat_std=0.0110 lr=0.00011 m=0.99600
  [ep 5 step 3200] loss=4.8802 feat_std=0.0108 lr=0.00011 m=0.99600
  [ep 5 step 3250] loss=4.8091 feat_std=0.0108 lr=0.00011 m=0.99600
  [ep 5 step 3300] loss=4.8511 feat_std=0.0108 lr=0.00011 m=0.99600
  [ep 6 step 3350] loss=4.8318 feat_std=0.0106 lr=0.00011 m=0.99600
  [ep 6 step 3400] loss=4.6959 feat_std=0.0105 lr=0.00011 m=0.99600
  [ep 6 step 3450] loss=4.4241 feat_std=0.0111 lr=0.00012 m=0.99600
  [ep 6 step 3500] loss=4.6748 feat_std=0.0110 lr=0.00012 m=0.99600
  [ep 6 step 3550] loss=4.4657 feat_std=0.0110 lr=0.00012 m=0.99600
  [ep 6 step 3600] loss=4.6621 feat_std=0.0107 lr=0.00012 m=0.99600
  [ep 6 step 3650] loss=4.7821 feat_std=0.0106 lr=0.00012 m=0.99600
  [ep 6 step 3700] loss=4.5848 feat_std=0.0109 lr=0.00012 m=0.99600
  [ep 6 step 3750] loss=4.0758 feat_std=0.0112 lr=0.00013 m=0.99600
  [ep 6 step 3800] loss=4.2242 feat_std=0.0111 lr=0.00013 m=0.99601
  [ep 6 step 3850] loss=4.2455 feat_std=0.0110 lr=0.00013 m=0.99601
  [ep 6 step 3900] loss=4.1013 feat_std=0.0111 lr=0.00013 m=0.99601
  [ep 7 step 3950] loss=4.0683 feat_std=0.0109 lr=0.00013 m=0.99601
  [ep 7 step 4000] loss=3.9503 feat_std=0.0109 lr=0.00013 m=0.99601
  [ep 7 step 4050] loss=3.7994 feat_std=0.0112 lr=0.00014 m=0.99601
  [ep 7 step 4100] loss=3.8423 feat_std=0.0109 lr=0.00014 m=0.99601
  [ep 7 step 4150] loss=3.8521 feat_std=0.0114 lr=0.00014 m=0.99601
  [ep 7 step 4200] loss=3.6861 feat_std=0.0115 lr=0.00014 m=0.99601
  [ep 7 step 4250] loss=3.6807 feat_std=0.0113 lr=0.00014 m=0.99601
  [ep 7 step 4300] loss=3.5425 feat_std=0.0114 lr=0.00014 m=0.99601
  [ep 7 step 4350] loss=3.7340 feat_std=0.0114 lr=0.00015 m=0.99601
  [ep 7 step 4400] loss=3.6782 feat_std=0.0113 lr=0.00015 m=0.99601
  [ep 7 step 4450] loss=3.3262 feat_std=0.0115 lr=0.00015 m=0.99601
  [ep 8 step 4500] loss=3.7597 feat_std=0.0112 lr=0.00015 m=0.99601
  [ep 8 step 4550] loss=3.7727 feat_std=0.0110 lr=0.00015 m=0.99601
  [ep 8 step 4600] loss=3.3341 feat_std=0.0114 lr=0.00015 m=0.99601
  [ep 8 step 4650] loss=3.5413 feat_std=0.0111 lr=0.00016 m=0.99601
  [ep 8 step 4700] loss=3.5590 feat_std=0.0113 lr=0.00016 m=0.99601
  [ep 8 step 4750] loss=3.5642 feat_std=0.0109 lr=0.00016 m=0.99601
  [ep 8 step 4800] loss=3.3470 feat_std=0.0112 lr=0.00016 m=0.99601
  [ep 8 step 4850] loss=3.4698 feat_std=0.0112 lr=0.00016 m=0.99601
  [ep 8 step 4900] loss=3.3905 feat_std=0.0116 lr=0.00016 m=0.99601
  [ep 8 step 4950] loss=3.5239 feat_std=0.0113 lr=0.00017 m=0.99601
  [ep 8 step 5000] loss=3.4536 feat_std=0.0114 lr=0.00017 m=0.99601
  [ep 9 step 5050] loss=3.1820 feat_std=0.0116 lr=0.00017 m=0.99601
  [ep 9 step 5100] loss=3.4706 feat_std=0.0112 lr=0.00017 m=0.99601
  [ep 9 step 5150] loss=3.4221 feat_std=0.0111 lr=0.00017 m=0.99601
  [ep 9 step 5200] loss=3.2325 feat_std=0.0116 lr=0.00017 m=0.99601
  [ep 9 step 5250] loss=3.1328 feat_std=0.0116 lr=0.00018 m=0.99601
  [ep 9 step 5300] loss=3.2108 feat_std=0.0114 lr=0.00018 m=0.99601
  [ep 9 step 5350] loss=3.1494 feat_std=0.0114 lr=0.00018 m=0.99601
  [ep 9 step 5400] loss=3.0706 feat_std=0.0116 lr=0.00018 m=0.99601
  [ep 9 step 5450] loss=3.0653 feat_std=0.0116 lr=0.00018 m=0.99601
  [ep 9 step 5500] loss=3.1489 feat_std=0.0113 lr=0.00018 m=0.99601
  [ep 9 step 5550] loss=3.2370 feat_std=0.0114 lr=0.00019 m=0.99601
  [ep 10 step 5600] loss=2.8943 feat_std=0.0117 lr=0.00019 m=0.99601
  [ep 10 step 5650] loss=3.0446 feat_std=0.0116 lr=0.00019 m=0.99601
  [ep 10 step 5700] loss=3.1760 feat_std=0.0113 lr=0.00019 m=0.99601
  [ep 10 step 5750] loss=3.0868 feat_std=0.0111 lr=0.00019 m=0.99601
  [ep 10 step 5800] loss=3.0589 feat_std=0.0113 lr=0.00019 m=0.99601
  [ep 10 step 5850] loss=2.9727 feat_std=0.0115 lr=0.00019 m=0.99601
  [ep 10 step 5900] loss=2.9632 feat_std=0.0116 lr=0.00019 m=0.99601
  [ep 10 step 5950] loss=3.0816 feat_std=0.0114 lr=0.00019 m=0.99601
  [ep 10 step 6000] loss=2.9138 feat_std=0.0115 lr=0.00019 m=0.99601
  [ep 10 step 6050] loss=3.0535 feat_std=0.0114 lr=0.00019 m=0.99601
  [ep 10 step 6100] loss=2.7654 feat_std=0.0116 lr=0.00019 m=0.99601
  [ep 11 step 6150] loss=2.8928 feat_std=0.0117 lr=0.00019 m=0.99601
  [ep 11 step 6200] loss=2.7976 feat_std=0.0118 lr=0.00019 m=0.99601
  [ep 11 step 6250] loss=2.7226 feat_std=0.0117 lr=0.00019 m=0.99601
  [ep 11 step 6300] loss=2.5887 feat_std=0.0118 lr=0.00019 m=0.99601
  [ep 11 step 6350] loss=2.7905 feat_std=0.0115 lr=0.00019 m=0.99601
  [ep 11 step 6400] loss=2.8402 feat_std=0.0116 lr=0.00019 m=0.99601
  [ep 11 step 6450] loss=2.8157 feat_std=0.0114 lr=0.00019 m=0.99601
  [ep 11 step 6500] loss=2.9035 feat_std=0.0117 lr=0.00019 m=0.99601
  [ep 11 step 6550] loss=2.6722 feat_std=0.0118 lr=0.00019 m=0.99602
  [ep 11 step 6600] loss=2.6191 feat_std=0.0116 lr=0.00019 m=0.99602
  [ep 11 step 6650] loss=2.6496 feat_std=0.0119 lr=0.00019 m=0.99602
  [ep 12 step 6700] loss=2.4408 feat_std=0.0117 lr=0.00019 m=0.99602
  [ep 12 step 6750] loss=2.6573 feat_std=0.0118 lr=0.00019 m=0.99602
  [ep 12 step 6800] loss=2.7775 feat_std=0.0116 lr=0.00019 m=0.99602
  [ep 12 step 6850] loss=2.5446 feat_std=0.0118 lr=0.00019 m=0.99602
  [ep 12 step 6900] loss=2.3581 feat_std=0.0118 lr=0.00019 m=0.99602
  [ep 12 step 6950] loss=2.7954 feat_std=0.0115 lr=0.00019 m=0.99602
  [ep 12 step 7000] loss=2.8491 feat_std=0.0118 lr=0.00019 m=0.99602
  [ep 12 step 7050] loss=2.5533 feat_std=0.0117 lr=0.00019 m=0.99602
  [ep 12 step 7100] loss=2.6483 feat_std=0.0114 lr=0.00019 m=0.99602
  [ep 12 step 7150] loss=2.3780 feat_std=0.0117 lr=0.00019 m=0.99602
  [ep 12 step 7200] loss=2.4420 feat_std=0.0116 lr=0.00019 m=0.99602
  [ep 12 step 7250] loss=2.5691 feat_std=0.0116 lr=0.00019 m=0.99602
  [ep 13 step 7300] loss=2.4557 feat_std=0.0115 lr=0.00019 m=0.99602
  [ep 13 step 7350] loss=2.5265 feat_std=0.0118 lr=0.00019 m=0.99602
  [ep 13 step 7400] loss=2.3609 feat_std=0.0116 lr=0.00019 m=0.99602
  [ep 13 step 7450] loss=2.4764 feat_std=0.0116 lr=0.00019 m=0.99602
  [ep 13 step 7500] loss=2.4051 feat_std=0.0120 lr=0.00019 m=0.99602
  [ep 13 step 7550] loss=2.4460 feat_std=0.0118 lr=0.00019 m=0.99602
  [ep 13 step 7600] loss=2.5521 feat_std=0.0116 lr=0.00019 m=0.99602
  [ep 13 step 7650] loss=2.3183 feat_std=0.0116 lr=0.00019 m=0.99602
  [ep 13 step 7700] loss=2.4546 feat_std=0.0113 lr=0.00019 m=0.99602
  [ep 13 step 7750] loss=2.3954 feat_std=0.0117 lr=0.00019 m=0.99602
  [ep 13 step 7800] loss=2.5216 feat_std=0.0116 lr=0.00019 m=0.99602
  [ep 14 step 7850] loss=2.2875 feat_std=0.0119 lr=0.00019 m=0.99602
  [ep 14 step 7900] loss=2.3190 feat_std=0.0115 lr=0.00019 m=0.99602
  [ep 14 step 7950] loss=2.3828 feat_std=0.0115 lr=0.00019 m=0.99602
  [ep 14 step 8000] loss=2.4315 feat_std=0.0118 lr=0.00019 m=0.99602
  [ep 14 step 8050] loss=2.2746 feat_std=0.0121 lr=0.00019 m=0.99602
  [ep 14 step 8100] loss=2.3036 feat_std=0.0117 lr=0.00019 m=0.99602
  [ep 14 step 8150] loss=2.2208 feat_std=0.0120 lr=0.00019 m=0.99602
  [ep 14 step 8200] loss=2.3116 feat_std=0.0118 lr=0.00019 m=0.99602
  [ep 14 step 8250] loss=2.2837 feat_std=0.0114 lr=0.00019 m=0.99602
  [ep 14 step 8300] loss=2.1816 feat_std=0.0116 lr=0.00019 m=0.99602
  [ep 14 step 8350] loss=2.2408 feat_std=0.0118 lr=0.00019 m=0.99602
  [ep 15 step 8400] loss=2.0325 feat_std=0.0120 lr=0.00019 m=0.99602
  [ep 15 step 8450] loss=2.2508 feat_std=0.0115 lr=0.00019 m=0.99603
  [ep 15 step 8500] loss=2.1975 feat_std=0.0117 lr=0.00019 m=0.99603
  [ep 15 step 8550] loss=2.2654 feat_std=0.0117 lr=0.00019 m=0.99603
  [ep 15 step 8600] loss=2.2953 feat_std=0.0117 lr=0.00019 m=0.99603
  [ep 15 step 8650] loss=2.2404 feat_std=0.0118 lr=0.00019 m=0.99603
  [ep 15 step 8700] loss=1.9672 feat_std=0.0121 lr=0.00019 m=0.99603
  [ep 15 step 8750] loss=2.0797 feat_std=0.0118 lr=0.00019 m=0.99603
  [ep 15 step 8800] loss=2.2235 feat_std=0.0118 lr=0.00019 m=0.99603
  [ep 15 step 8850] loss=2.1452 feat_std=0.0121 lr=0.00019 m=0.99603
  [ep 15 step 8900] loss=2.1102 feat_std=0.0119 lr=0.00019 m=0.99603
  [ep 16 step 8950] loss=2.1799 feat_std=0.0119 lr=0.00019 m=0.99603
  [ep 16 step 9000] loss=2.1131 feat_std=0.0119 lr=0.00019 m=0.99603
  [ep 16 step 9050] loss=2.2255 feat_std=0.0118 lr=0.00019 m=0.99603
  [ep 16 step 9100] loss=2.1784 feat_std=0.0116 lr=0.00019 m=0.99603
  [ep 16 step 9150] loss=2.1527 feat_std=0.0117 lr=0.00019 m=0.99603
  [ep 16 step 9200] loss=2.1063 feat_std=0.0119 lr=0.00019 m=0.99603
  [ep 16 step 9250] loss=1.9964 feat_std=0.0121 lr=0.00019 m=0.99603
  [ep 16 step 9300] loss=2.2569 feat_std=0.0117 lr=0.00019 m=0.99603
  [ep 16 step 9350] loss=2.1634 feat_std=0.0117 lr=0.00019 m=0.99603
  [ep 16 step 9400] loss=1.9836 feat_std=0.0121 lr=0.00019 m=0.99603
  [ep 16 step 9450] loss=2.1549 feat_std=0.0119 lr=0.00019 m=0.99603
  [ep 17 step 9500] loss=2.1737 feat_std=0.0117 lr=0.00019 m=0.99603
  [ep 17 step 9550] loss=2.0454 feat_std=0.0118 lr=0.00019 m=0.99603
  [ep 17 step 9600] loss=2.0522 feat_std=0.0117 lr=0.00019 m=0.99603
  [ep 17 step 9650] loss=1.9979 feat_std=0.0119 lr=0.00019 m=0.99603
  [ep 17 step 9700] loss=2.0325 feat_std=0.0120 lr=0.00019 m=0.99603
  [ep 17 step 9750] loss=2.0192 feat_std=0.0120 lr=0.00019 m=0.99603
  [ep 17 step 9800] loss=2.0737 feat_std=0.0118 lr=0.00019 m=0.99603
  [ep 17 step 9850] loss=2.0653 feat_std=0.0117 lr=0.00019 m=0.99603
  [ep 17 step 9900] loss=1.9646 feat_std=0.0122 lr=0.00019 m=0.99603
  [ep 17 step 9950] loss=1.8792 feat_std=0.0121 lr=0.00019 m=0.99603
  [ep 17 step 10000] loss=2.0010 feat_std=0.0119 lr=0.00019 m=0.99604
  [ep 18 step 10050] loss=1.9892 feat_std=0.0117 lr=0.00019 m=0.99604
  [ep 18 step 10100] loss=1.8850 feat_std=0.0120 lr=0.00019 m=0.99604
  [ep 18 step 10150] loss=1.9053 feat_std=0.0122 lr=0.00019 m=0.99604
  [ep 18 step 10200] loss=1.9242 feat_std=0.0120 lr=0.00019 m=0.99604
  [ep 18 step 10250] loss=1.9856 feat_std=0.0119 lr=0.00019 m=0.99604
  [ep 18 step 10300] loss=1.8129 feat_std=0.0120 lr=0.00019 m=0.99604
  [ep 18 step 10350] loss=1.7955 feat_std=0.0119 lr=0.00019 m=0.99604
  [ep 18 step 10400] loss=1.9030 feat_std=0.0121 lr=0.00019 m=0.99604
  [ep 18 step 10450] loss=2.0027 feat_std=0.0117 lr=0.00019 m=0.99604
  [ep 18 step 10500] loss=1.9205 feat_std=0.0120 lr=0.00019 m=0.99604
  [ep 18 step 10550] loss=1.8766 feat_std=0.0121 lr=0.00019 m=0.99604
  [ep 18 step 10600] loss=2.0135 feat_std=0.0117 lr=0.00019 m=0.99604
  [ep 19 step 10650] loss=1.7753 feat_std=0.0121 lr=0.00019 m=0.99604
  [ep 19 step 10700] loss=1.8924 feat_std=0.0118 lr=0.00019 m=0.99604
  [ep 19 step 10750] loss=1.8779 feat_std=0.0118 lr=0.00019 m=0.99604
  [ep 19 step 10800] loss=1.9751 feat_std=0.0117 lr=0.00019 m=0.99604
  [ep 19 step 10850] loss=1.9348 feat_std=0.0117 lr=0.00019 m=0.99604
  [ep 19 step 10900] loss=1.7647 feat_std=0.0119 lr=0.00019 m=0.99604
  [ep 19 step 10950] loss=1.9413 feat_std=0.0119 lr=0.00019 m=0.99604
  [ep 19 step 11000] loss=1.8913 feat_std=0.0121 lr=0.00019 m=0.99604
  [ep 19 step 11050] loss=1.8249 feat_std=0.0123 lr=0.00019 m=0.99604
  [ep 19 step 11100] loss=1.8630 feat_std=0.0119 lr=0.00019 m=0.99604
  [ep 19 step 11150] loss=1.8154 feat_std=0.0119 lr=0.00019 m=0.99604
  [ep 20 step 11200] loss=1.8090 feat_std=0.0121 lr=0.00019 m=0.99604
  [ep 20 step 11250] loss=1.8184 feat_std=0.0119 lr=0.00019 m=0.99604
  [ep 20 step 11300] loss=1.7116 feat_std=0.0120 lr=0.00019 m=0.99604
  [ep 20 step 11350] loss=1.6669 feat_std=0.0119 lr=0.00019 m=0.99605
  [ep 20 step 11400] loss=1.9475 feat_std=0.0119 lr=0.00019 m=0.99605
  [ep 20 step 11450] loss=1.8125 feat_std=0.0120 lr=0.00019 m=0.99605
  [ep 20 step 11500] loss=1.7924 feat_std=0.0122 lr=0.00019 m=0.99605
  [ep 20 step 11550] loss=1.7671 feat_std=0.0120 lr=0.00019 m=0.99605
  [ep 20 step 11600] loss=1.8600 feat_std=0.0120 lr=0.00019 m=0.99605
  [ep 20 step 11650] loss=1.8671 feat_std=0.0120 lr=0.00019 m=0.99605
  [ep 20 step 11700] loss=1.7741 feat_std=0.0122 lr=0.00019 m=0.99605
  [ep 21 step 11750] loss=1.6797 feat_std=0.0121 lr=0.00019 m=0.99605
  [ep 21 step 11800] loss=1.8095 feat_std=0.0120 lr=0.00019 m=0.99605
  [ep 21 step 11850] loss=1.7880 feat_std=0.0119 lr=0.00019 m=0.99605
  [ep 21 step 11900] loss=1.6402 feat_std=0.0123 lr=0.00019 m=0.99605
  [ep 21 step 11950] loss=1.8602 feat_std=0.0123 lr=0.00019 m=0.99605
  [ep 21 step 12000] loss=1.7492 feat_std=0.0119 lr=0.00019 m=0.99605
  [ep 21 step 12050] loss=1.6595 feat_std=0.0122 lr=0.00019 m=0.99605
  [ep 21 step 12100] loss=1.8330 feat_std=0.0120 lr=0.00019 m=0.99605
  [ep 21 step 12150] loss=1.6044 feat_std=0.0122 lr=0.00019 m=0.99605
  [ep 21 step 12200] loss=1.7956 feat_std=0.0119 lr=0.00019 m=0.99605
  [ep 21 step 12250] loss=1.7342 feat_std=0.0122 lr=0.00019 m=0.99605
  [ep 22 step 12300] loss=1.6138 feat_std=0.0120 lr=0.00019 m=0.99605
  [ep 22 step 12350] loss=1.7032 feat_std=0.0122 lr=0.00019 m=0.99605
  [ep 22 step 12400] loss=1.5832 feat_std=0.0119 lr=0.00019 m=0.99605
  [ep 22 step 12450] loss=1.5753 feat_std=0.0123 lr=0.00019 m=0.99605
  [ep 22 step 12500] loss=1.6510 feat_std=0.0121 lr=0.00019 m=0.99605
  [ep 22 step 12550] loss=1.5671 feat_std=0.0123 lr=0.00019 m=0.99606
  [ep 22 step 12600] loss=1.6584 feat_std=0.0119 lr=0.00019 m=0.99606
  [ep 22 step 12650] loss=1.7503 feat_std=0.0119 lr=0.00019 m=0.99606
  [ep 22 step 12700] loss=1.6316 feat_std=0.0121 lr=0.00019 m=0.99606
  [ep 22 step 12750] loss=1.8262 feat_std=0.0121 lr=0.00019 m=0.99606
  [ep 22 step 12800] loss=1.7660 feat_std=0.0121 lr=0.00019 m=0.99606
  [ep 23 step 12850] loss=1.6067 feat_std=0.0119 lr=0.00019 m=0.99606
  [ep 23 step 12900] loss=1.6181 feat_std=0.0122 lr=0.00019 m=0.99606
  [ep 23 step 12950] loss=1.6676 feat_std=0.0121 lr=0.00019 m=0.99606
  [ep 23 step 13000] loss=1.7417 feat_std=0.0120 lr=0.00019 m=0.99606
  [ep 23 step 13050] loss=1.5973 feat_std=0.0122 lr=0.00019 m=0.99606
  [ep 23 step 13100] loss=1.7380 feat_std=0.0121 lr=0.00019 m=0.99606
  [ep 23 step 13150] loss=1.5675 feat_std=0.0121 lr=0.00019 m=0.99606
  [ep 23 step 13200] loss=1.7637 feat_std=0.0120 lr=0.00019 m=0.99606
  [ep 23 step 13250] loss=1.6443 feat_std=0.0122 lr=0.00019 m=0.99606
  [ep 23 step 13300] loss=1.6447 feat_std=0.0120 lr=0.00019 m=0.99606
  [ep 23 step 13350] loss=1.7187 feat_std=0.0121 lr=0.00019 m=0.99606
  [ep 24 step 13400] loss=1.6284 feat_std=0.0119 lr=0.00019 m=0.99606
  [ep 24 step 13450] loss=1.6097 feat_std=0.0121 lr=0.00019 m=0.99606
  [ep 24 step 13500] loss=1.6644 feat_std=0.0122 lr=0.00019 m=0.99606
  [ep 24 step 13550] loss=1.6162 feat_std=0.0120 lr=0.00019 m=0.99606
  [ep 24 step 13600] loss=1.5507 feat_std=0.0121 lr=0.00019 m=0.99606
  [ep 24 step 13650] loss=1.6432 feat_std=0.0118 lr=0.00019 m=0.99607
  [ep 24 step 13700] loss=1.6664 feat_std=0.0121 lr=0.00019 m=0.99607
  [ep 24 step 13750] loss=1.6791 feat_std=0.0121 lr=0.00019 m=0.99607
  [ep 24 step 13800] loss=1.7233 feat_std=0.0118 lr=0.00019 m=0.99607
  [ep 24 step 13850] loss=1.6006 feat_std=0.0119 lr=0.00019 m=0.99607
  [ep 24 step 13900] loss=1.5285 feat_std=0.0121 lr=0.00019 m=0.99607
  [ep 25 step 13950] loss=1.5742 feat_std=0.0121 lr=0.00019 m=0.99607
  [ep 25 step 14000] loss=1.6239 feat_std=0.0120 lr=0.00019 m=0.99607
  [ep 25 step 14050] loss=1.6271 feat_std=0.0120 lr=0.00019 m=0.99607
  [ep 25 step 14100] loss=1.6643 feat_std=0.0122 lr=0.00019 m=0.99607
  [ep 25 step 14150] loss=1.5665 feat_std=0.0120 lr=0.00019 m=0.99607
  [ep 25 step 14200] loss=1.6468 feat_std=0.0118 lr=0.00019 m=0.99607
  [ep 25 step 14250] loss=1.6248 feat_std=0.0121 lr=0.00019 m=0.99607
  [ep 25 step 14300] loss=1.7155 feat_std=0.0120 lr=0.00019 m=0.99607
  [ep 25 step 14350] loss=1.6380 feat_std=0.0119 lr=0.00019 m=0.99607
  [ep 25 step 14400] loss=1.6378 feat_std=0.0121 lr=0.00019 m=0.99607
  [ep 25 step 14450] loss=1.7280 feat_std=0.0123 lr=0.00019 m=0.99607
  [ep 25 step 14500] loss=1.5104 feat_std=0.0124 lr=0.00019 m=0.99607
  [ep 26 step 14550] loss=1.6767 feat_std=0.0122 lr=0.00019 m=0.99607
  [ep 26 step 14600] loss=1.4544 feat_std=0.0124 lr=0.00019 m=0.99607
  [ep 26 step 14650] loss=1.5573 feat_std=0.0122 lr=0.00019 m=0.99608
  [ep 26 step 14700] loss=1.4234 feat_std=0.0122 lr=0.00019 m=0.99608
  [ep 26 step 14750] loss=1.3902 feat_std=0.0123 lr=0.00019 m=0.99608
  [ep 26 step 14800] loss=1.4615 feat_std=0.0124 lr=0.00019 m=0.99608
  [ep 26 step 14850] loss=1.4486 feat_std=0.0122 lr=0.00019 m=0.99608
  [ep 26 step 14900] loss=1.5120 feat_std=0.0121 lr=0.00019 m=0.99608
  [ep 26 step 14950] loss=1.6929 feat_std=0.0121 lr=0.00019 m=0.99608
  [ep 26 step 15000] loss=1.5403 feat_std=0.0122 lr=0.00019 m=0.99608
  [ep 26 step 15050] loss=1.5347 feat_std=0.0120 lr=0.00019 m=0.99608
  [ep 27 step 15100] loss=1.7262 feat_std=0.0122 lr=0.00019 m=0.99608
  [ep 27 step 15150] loss=1.3960 feat_std=0.0121 lr=0.00019 m=0.99608
  [ep 27 step 15200] loss=1.4835 feat_std=0.0122 lr=0.00019 m=0.99608
  [ep 27 step 15250] loss=1.4757 feat_std=0.0117 lr=0.00019 m=0.99608
  [ep 27 step 15300] loss=1.4317 feat_std=0.0123 lr=0.00019 m=0.99608
  [ep 27 step 15350] loss=1.5159 feat_std=0.0121 lr=0.00019 m=0.99608
  [ep 27 step 15400] loss=1.3692 feat_std=0.0122 lr=0.00019 m=0.99608
  [ep 27 step 15450] loss=1.5332 feat_std=0.0121 lr=0.00019 m=0.99608
  [ep 27 step 15500] loss=1.5419 feat_std=0.0120 lr=0.00019 m=0.99608
  [ep 27 step 15550] loss=1.5007 feat_std=0.0124 lr=0.00019 m=0.99608
  [ep 27 step 15600] loss=1.6318 feat_std=0.0120 lr=0.00019 m=0.99609
  [ep 28 step 15650] loss=1.6306 feat_std=0.0121 lr=0.00019 m=0.99609
  [ep 28 step 15700] loss=1.6045 feat_std=0.0120 lr=0.00019 m=0.99609
  [ep 28 step 15750] loss=1.4067 feat_std=0.0122 lr=0.00019 m=0.99609
  [ep 28 step 15800] loss=1.4218 feat_std=0.0123 lr=0.00019 m=0.99609
  [ep 28 step 15850] loss=1.6179 feat_std=0.0119 lr=0.00019 m=0.99609
  [ep 28 step 15900] loss=1.5382 feat_std=0.0122 lr=0.00019 m=0.99609
  [ep 28 step 15950] loss=1.4126 feat_std=0.0123 lr=0.00019 m=0.99609
  [ep 28 step 16000] loss=1.4354 feat_std=0.0122 lr=0.00019 m=0.99609
  [ep 28 step 16050] loss=1.5124 feat_std=0.0121 lr=0.00019 m=0.99609
  [ep 28 step 16100] loss=1.4068 feat_std=0.0125 lr=0.00019 m=0.99609
  [ep 28 step 16150] loss=1.5257 feat_std=0.0123 lr=0.00019 m=0.99609
  [ep 29 step 16200] loss=1.5167 feat_std=0.0123 lr=0.00019 m=0.99609
  [ep 29 step 16250] loss=1.4371 feat_std=0.0123 lr=0.00019 m=0.99609
  [ep 29 step 16300] loss=1.5686 feat_std=0.0123 lr=0.00019 m=0.99609
  [ep 29 step 16350] loss=1.4478 feat_std=0.0123 lr=0.00019 m=0.99609
  [ep 29 step 16400] loss=1.5066 feat_std=0.0123 lr=0.00019 m=0.99609
  [ep 29 step 16450] loss=1.4956 feat_std=0.0122 lr=0.00019 m=0.99609
  [ep 29 step 16500] loss=1.4600 feat_std=0.0122 lr=0.00019 m=0.99610
  [ep 29 step 16550] loss=1.4050 feat_std=0.0122 lr=0.00019 m=0.99610
  [ep 29 step 16600] loss=1.5050 feat_std=0.0122 lr=0.00019 m=0.99610
  [ep 29 step 16650] loss=1.6219 feat_std=0.0119 lr=0.00019 m=0.99610
  [ep 29 step 16700] loss=1.3802 feat_std=0.0123 lr=0.00019 m=0.99610
  [ep 30 step 16750] loss=1.4772 feat_std=0.0122 lr=0.00019 m=0.99610
  [ep 30 step 16800] loss=1.5843 feat_std=0.0123 lr=0.00019 m=0.99610
  [ep 30 step 16850] loss=1.4743 feat_std=0.0124 lr=0.00019 m=0.99610
  [ep 30 step 16900] loss=1.3659 feat_std=0.0125 lr=0.00019 m=0.99610
  [ep 30 step 16950] loss=1.3106 feat_std=0.0124 lr=0.00019 m=0.99610
  [ep 30 step 17000] loss=1.6208 feat_std=0.0122 lr=0.00019 m=0.99610
  [ep 30 step 17050] loss=1.3815 feat_std=0.0122 lr=0.00019 m=0.99610
  [ep 30 step 17100] loss=1.4497 feat_std=0.0123 lr=0.00019 m=0.99610
  [ep 30 step 17150] loss=1.5364 feat_std=0.0122 lr=0.00019 m=0.99610
  [ep 30 step 17200] loss=1.4770 feat_std=0.0121 lr=0.00019 m=0.99610
  [ep 30 step 17250] loss=1.4888 feat_std=0.0121 lr=0.00019 m=0.99610
  [ep 31 step 17300] loss=1.4204 feat_std=0.0122 lr=0.00019 m=0.99610
  [ep 31 step 17350] loss=1.4315 feat_std=0.0121 lr=0.00019 m=0.99611
  [ep 31 step 17400] loss=1.3171 feat_std=0.0123 lr=0.00019 m=0.99611
  [ep 31 step 17450] loss=1.4177 feat_std=0.0125 lr=0.00019 m=0.99611
  [ep 31 step 17500] loss=1.5622 feat_std=0.0122 lr=0.00019 m=0.99611
  [ep 31 step 17550] loss=1.3909 feat_std=0.0124 lr=0.00018 m=0.99611
  [ep 31 step 17600] loss=1.5151 feat_std=0.0122 lr=0.00018 m=0.99611
  [ep 31 step 17650] loss=1.4443 feat_std=0.0123 lr=0.00018 m=0.99611
  [ep 31 step 17700] loss=1.3751 feat_std=0.0125 lr=0.00018 m=0.99611
  [ep 31 step 17750] loss=1.4017 feat_std=0.0122 lr=0.00018 m=0.99611
  [ep 31 step 17800] loss=1.4110 feat_std=0.0123 lr=0.00018 m=0.99611
  [ep 31 step 17850] loss=1.4589 feat_std=0.0123 lr=0.00018 m=0.99611
  [ep 32 step 17900] loss=1.3436 feat_std=0.0125 lr=0.00018 m=0.99611
  [ep 32 step 17950] loss=1.4035 feat_std=0.0124 lr=0.00018 m=0.99611
  [ep 32 step 18000] loss=1.3805 feat_std=0.0123 lr=0.00018 m=0.99611
  [ep 32 step 18050] loss=1.4252 feat_std=0.0124 lr=0.00018 m=0.99611
  [ep 32 step 18100] loss=1.4134 feat_std=0.0123 lr=0.00018 m=0.99611
  [ep 32 step 18150] loss=1.3173 feat_std=0.0124 lr=0.00018 m=0.99611
  [ep 32 step 18200] loss=1.4388 feat_std=0.0122 lr=0.00018 m=0.99612
  [ep 32 step 18250] loss=1.3904 feat_std=0.0122 lr=0.00018 m=0.99612
  [ep 32 step 18300] loss=1.4198 feat_std=0.0122 lr=0.00018 m=0.99612
  [ep 32 step 18350] loss=1.3826 feat_std=0.0123 lr=0.00018 m=0.99612
  [ep 32 step 18400] loss=1.3715 feat_std=0.0124 lr=0.00018 m=0.99612
  [ep 33 step 18450] loss=1.3674 feat_std=0.0123 lr=0.00018 m=0.99612
  [ep 33 step 18500] loss=1.4852 feat_std=0.0123 lr=0.00018 m=0.99612
  [ep 33 step 18550] loss=1.2932 feat_std=0.0124 lr=0.00018 m=0.99612
  [ep 33 step 18600] loss=1.4012 feat_std=0.0122 lr=0.00018 m=0.99612
  [ep 33 step 18650] loss=1.6330 feat_std=0.0122 lr=0.00018 m=0.99612
  [ep 33 step 18700] loss=1.4228 feat_std=0.0122 lr=0.00018 m=0.99612
  [ep 33 step 18750] loss=1.2441 feat_std=0.0125 lr=0.00018 m=0.99612
  [ep 33 step 18800] loss=1.3066 feat_std=0.0124 lr=0.00018 m=0.99612
  [ep 33 step 18850] loss=1.4160 feat_std=0.0124 lr=0.00018 m=0.99612
  [ep 33 step 18900] loss=1.3609 feat_std=0.0124 lr=0.00018 m=0.99612
  [ep 33 step 18950] loss=1.3540 feat_std=0.0122 lr=0.00018 m=0.99613
  [ep 34 step 19000] loss=1.3602 feat_std=0.0123 lr=0.00018 m=0.99613
  [ep 34 step 19050] loss=1.3555 feat_std=0.0123 lr=0.00018 m=0.99613
  [ep 34 step 19100] loss=1.4341 feat_std=0.0122 lr=0.00018 m=0.99613
  [ep 34 step 19150] loss=1.3750 feat_std=0.0126 lr=0.00018 m=0.99613
  [ep 34 step 19200] loss=1.4546 feat_std=0.0126 lr=0.00018 m=0.99613
  [ep 34 step 19250] loss=1.3429 feat_std=0.0125 lr=0.00018 m=0.99613
  [ep 34 step 19300] loss=1.3328 feat_std=0.0124 lr=0.00018 m=0.99613
  [ep 34 step 19350] loss=1.3671 feat_std=0.0121 lr=0.00018 m=0.99613
  [ep 34 step 19400] loss=1.4136 feat_std=0.0123 lr=0.00018 m=0.99613
  [ep 34 step 19450] loss=1.3559 feat_std=0.0124 lr=0.00018 m=0.99613
  [ep 34 step 19500] loss=1.3698 feat_std=0.0124 lr=0.00018 m=0.99613
  [ep 35 step 19550] loss=1.4198 feat_std=0.0125 lr=0.00018 m=0.99613
  [ep 35 step 19600] loss=1.4453 feat_std=0.0123 lr=0.00018 m=0.99613
  [ep 35 step 19650] loss=1.3855 feat_std=0.0123 lr=0.00018 m=0.99613
  [ep 35 step 19700] loss=1.3239 feat_std=0.0124 lr=0.00018 m=0.99614
  [ep 35 step 19750] loss=1.3314 feat_std=0.0125 lr=0.00018 m=0.99614
  [ep 35 step 19800] loss=1.4567 feat_std=0.0122 lr=0.00018 m=0.99614
  [ep 35 step 19850] loss=1.3154 feat_std=0.0124 lr=0.00018 m=0.99614
  [ep 35 step 19900] loss=1.3427 feat_std=0.0121 lr=0.00018 m=0.99614
  [ep 35 step 19950] loss=1.2524 feat_std=0.0125 lr=0.00018 m=0.99614
  [ep 35 step 20000] loss=1.2753 feat_std=0.0121 lr=0.00018 m=0.99614
  [ep 35 step 20050] loss=1.3049 feat_std=0.0125 lr=0.00018 m=0.99614
  [ep 36 step 20100] loss=1.3407 feat_std=0.0125 lr=0.00018 m=0.99614
  [ep 36 step 20150] loss=1.2693 feat_std=0.0124 lr=0.00018 m=0.99614
  [ep 36 step 20200] loss=1.3183 feat_std=0.0125 lr=0.00018 m=0.99614
  [ep 36 step 20250] loss=1.2593 feat_std=0.0125 lr=0.00018 m=0.99614
  [ep 36 step 20300] loss=1.3103 feat_std=0.0122 lr=0.00018 m=0.99614
  [ep 36 step 20350] loss=1.3690 feat_std=0.0124 lr=0.00018 m=0.99614
  [ep 36 step 20400] loss=1.2854 feat_std=0.0125 lr=0.00018 m=0.99614
  [ep 36 step 20450] loss=1.3322 feat_std=0.0124 lr=0.00018 m=0.99615
  [ep 36 step 20500] loss=1.3095 feat_std=0.0124 lr=0.00018 m=0.99615
  [ep 36 step 20550] loss=1.3754 feat_std=0.0123 lr=0.00018 m=0.99615
  [ep 36 step 20600] loss=1.4974 feat_std=0.0125 lr=0.00018 m=0.99615
  [ep 37 step 20650] loss=1.4631 feat_std=0.0122 lr=0.00018 m=0.99615
  [ep 37 step 20700] loss=1.3353 feat_std=0.0123 lr=0.00018 m=0.99615
  [ep 37 step 20750] loss=1.3809 feat_std=0.0121 lr=0.00018 m=0.99615
  [ep 37 step 20800] loss=1.3346 feat_std=0.0126 lr=0.00018 m=0.99615
  [ep 37 step 20850] loss=1.4644 feat_std=0.0124 lr=0.00018 m=0.99615
  [ep 37 step 20900] loss=1.1295 feat_std=0.0124 lr=0.00018 m=0.99615
  [ep 37 step 20950] loss=1.3100 feat_std=0.0122 lr=0.00018 m=0.99615
  [ep 37 step 21000] loss=1.2685 feat_std=0.0124 lr=0.00018 m=0.99615
  [ep 37 step 21050] loss=1.2224 feat_std=0.0123 lr=0.00018 m=0.99615
  [ep 37 step 21100] loss=1.3529 feat_std=0.0123 lr=0.00018 m=0.99615
  [ep 37 step 21150] loss=1.4185 feat_std=0.0125 lr=0.00018 m=0.99616
  [ep 37 step 21200] loss=1.2823 feat_std=0.0127 lr=0.00018 m=0.99616
  [ep 38 step 21250] loss=1.1848 feat_std=0.0126 lr=0.00018 m=0.99616
  [ep 38 step 21300] loss=1.3294 feat_std=0.0124 lr=0.00018 m=0.99616
  [ep 38 step 21350] loss=1.3799 feat_std=0.0123 lr=0.00018 m=0.99616
  [ep 38 step 21400] loss=1.3874 feat_std=0.0122 lr=0.00018 m=0.99616
  [ep 38 step 21450] loss=1.4692 feat_std=0.0124 lr=0.00018 m=0.99616
  [ep 38 step 21500] loss=1.3186 feat_std=0.0126 lr=0.00018 m=0.99616
  [ep 38 step 21550] loss=1.3867 feat_std=0.0124 lr=0.00018 m=0.99616
  [ep 38 step 21600] loss=1.2757 feat_std=0.0126 lr=0.00018 m=0.99616
  [ep 38 step 21650] loss=1.4303 feat_std=0.0122 lr=0.00018 m=0.99616
  [ep 38 step 21700] loss=1.2760 feat_std=0.0123 lr=0.00018 m=0.99616
  [ep 38 step 21750] loss=1.2851 feat_std=0.0122 lr=0.00018 m=0.99616
  [ep 39 step 21800] loss=1.3522 feat_std=0.0126 lr=0.00018 m=0.99617
  [ep 39 step 21850] loss=1.3471 feat_std=0.0123 lr=0.00018 m=0.99617
  [ep 39 step 21900] loss=1.3667 feat_std=0.0123 lr=0.00018 m=0.99617
  [ep 39 step 21950] loss=1.4011 feat_std=0.0121 lr=0.00018 m=0.99617
  [ep 39 step 22000] loss=1.2610 feat_std=0.0124 lr=0.00018 m=0.99617
  [ep 39 step 22050] loss=1.3179 feat_std=0.0123 lr=0.00018 m=0.99617
  [ep 39 step 22100] loss=1.3181 feat_std=0.0125 lr=0.00018 m=0.99617
  [ep 39 step 22150] loss=1.2357 feat_std=0.0124 lr=0.00018 m=0.99617
  [ep 39 step 22200] loss=1.3304 feat_std=0.0125 lr=0.00018 m=0.99617
  [ep 39 step 22250] loss=1.3391 feat_std=0.0124 lr=0.00018 m=0.99617
  [ep 39 step 22300] loss=1.3151 feat_std=0.0124 lr=0.00018 m=0.99617
  [ep 40 step 22350] loss=1.3256 feat_std=0.0122 lr=0.00018 m=0.99617
  [ep 40 step 22400] loss=1.2360 feat_std=0.0124 lr=0.00018 m=0.99617
  [ep 40 step 22450] loss=1.3423 feat_std=0.0125 lr=0.00018 m=0.99617
  [ep 40 step 22500] loss=1.2482 feat_std=0.0126 lr=0.00018 m=0.99618
  [ep 40 step 22550] loss=1.3036 feat_std=0.0122 lr=0.00018 m=0.99618
  [ep 40 step 22600] loss=1.2542 feat_std=0.0125 lr=0.00018 m=0.99618
  [ep 40 step 22650] loss=1.2236 feat_std=0.0125 lr=0.00018 m=0.99618
  [ep 40 step 22700] loss=1.4122 feat_std=0.0123 lr=0.00018 m=0.99618
  [ep 40 step 22750] loss=1.3731 feat_std=0.0123 lr=0.00018 m=0.99618
  [ep 40 step 22800] loss=1.2401 feat_std=0.0125 lr=0.00018 m=0.99618
  [ep 40 step 22850] loss=1.2198 feat_std=0.0127 lr=0.00018 m=0.99618
  [ep 41 step 22900] loss=1.1698 feat_std=0.0126 lr=0.00018 m=0.99618
  [ep 41 step 22950] loss=1.2222 feat_std=0.0123 lr=0.00018 m=0.99618
  [ep 41 step 23000] loss=1.2826 feat_std=0.0126 lr=0.00018 m=0.99618
  [ep 41 step 23050] loss=1.2499 feat_std=0.0126 lr=0.00018 m=0.99618
  [ep 41 step 23100] loss=1.2801 feat_std=0.0125 lr=0.00018 m=0.99619
  [ep 41 step 23150] loss=1.3274 feat_std=0.0124 lr=0.00018 m=0.99619
  [ep 41 step 23200] loss=1.2355 feat_std=0.0124 lr=0.00018 m=0.99619
  [ep 41 step 23250] loss=1.2173 feat_std=0.0126 lr=0.00018 m=0.99619
  [ep 41 step 23300] loss=1.3383 feat_std=0.0125 lr=0.00018 m=0.99619
  [ep 41 step 23350] loss=1.2209 feat_std=0.0124 lr=0.00018 m=0.99619
  [ep 41 step 23400] loss=1.2086 feat_std=0.0125 lr=0.00018 m=0.99619
  [ep 42 step 23450] loss=1.2491 feat_std=0.0125 lr=0.00018 m=0.99619
  [ep 42 step 23500] loss=1.2607 feat_std=0.0125 lr=0.00018 m=0.99619
  [ep 42 step 23550] loss=1.2669 feat_std=0.0122 lr=0.00018 m=0.99619
  [ep 42 step 23600] loss=1.2820 feat_std=0.0126 lr=0.00018 m=0.99619
  [ep 42 step 23650] loss=1.2900 feat_std=0.0124 lr=0.00018 m=0.99619
  [ep 42 step 23700] loss=1.1878 feat_std=0.0125 lr=0.00018 m=0.99619
  [ep 42 step 23750] loss=1.3064 feat_std=0.0122 lr=0.00018 m=0.99620
  [ep 42 step 23800] loss=1.2289 feat_std=0.0126 lr=0.00018 m=0.99620
  [ep 42 step 23850] loss=1.2399 feat_std=0.0125 lr=0.00018 m=0.99620
  [ep 42 step 23900] loss=1.1928 feat_std=0.0126 lr=0.00018 m=0.99620
  [ep 42 step 23950] loss=1.2611 feat_std=0.0123 lr=0.00018 m=0.99620
  [ep 43 step 24000] loss=1.2352 feat_std=0.0127 lr=0.00018 m=0.99620
  [ep 43 step 24050] loss=1.2129 feat_std=0.0127 lr=0.00018 m=0.99620
  [ep 43 step 24100] loss=1.2118 feat_std=0.0123 lr=0.00018 m=0.99620
  [ep 43 step 24150] loss=1.2895 feat_std=0.0124 lr=0.00018 m=0.99620
  [ep 43 step 24200] loss=1.2828 feat_std=0.0126 lr=0.00018 m=0.99620
  [ep 43 step 24250] loss=1.2097 feat_std=0.0124 lr=0.00018 m=0.99620
  [ep 43 step 24300] loss=1.2701 feat_std=0.0124 lr=0.00018 m=0.99620
  [ep 43 step 24350] loss=1.2017 feat_std=0.0125 lr=0.00018 m=0.99621
  [ep 43 step 24400] loss=1.3114 feat_std=0.0121 lr=0.00018 m=0.99621
  [ep 43 step 24450] loss=1.2974 feat_std=0.0127 lr=0.00018 m=0.99621
  [ep 43 step 24500] loss=1.3790 feat_std=0.0124 lr=0.00018 m=0.99621
  [ep 43 step 24550] loss=1.2487 feat_std=0.0125 lr=0.00018 m=0.99621
  [ep 44 step 24600] loss=1.2998 feat_std=0.0124 lr=0.00018 m=0.99621
  [ep 44 step 24650] loss=1.2508 feat_std=0.0123 lr=0.00018 m=0.99621
  [ep 44 step 24700] loss=1.2897 feat_std=0.0128 lr=0.00018 m=0.99621
  [ep 44 step 24750] loss=1.3286 feat_std=0.0124 lr=0.00018 m=0.99621
  [ep 44 step 24800] loss=1.3428 feat_std=0.0125 lr=0.00018 m=0.99621
  [ep 44 step 24850] loss=1.2594 feat_std=0.0123 lr=0.00018 m=0.99621
  [ep 44 step 24900] loss=1.2821 feat_std=0.0125 lr=0.00018 m=0.99621
  [ep 44 step 24950] loss=1.1524 feat_std=0.0125 lr=0.00018 m=0.99622
  [ep 44 step 25000] loss=1.2694 feat_std=0.0126 lr=0.00018 m=0.99622
  [ep 44 step 25050] loss=1.3308 feat_std=0.0125 lr=0.00018 m=0.99622
  [ep 44 step 25100] loss=1.2474 feat_std=0.0125 lr=0.00018 m=0.99622
  [ep 45 step 25150] loss=1.1842 feat_std=0.0123 lr=0.00018 m=0.99622
  [ep 45 step 25200] loss=1.1761 feat_std=0.0125 lr=0.00018 m=0.99622
  [ep 45 step 25250] loss=1.1385 feat_std=0.0126 lr=0.00018 m=0.99622
  [ep 45 step 25300] loss=1.2764 feat_std=0.0123 lr=0.00018 m=0.99622
  [ep 45 step 25350] loss=1.0645 feat_std=0.0126 lr=0.00018 m=0.99622
  [ep 45 step 25400] loss=1.1458 feat_std=0.0126 lr=0.00018 m=0.99622
  [ep 45 step 25450] loss=1.1936 feat_std=0.0125 lr=0.00018 m=0.99622
  [ep 45 step 25500] loss=1.2581 feat_std=0.0124 lr=0.00018 m=0.99622
  [ep 45 step 25550] loss=1.2054 feat_std=0.0126 lr=0.00018 m=0.99623
  [ep 45 step 25600] loss=1.2666 feat_std=0.0125 lr=0.00018 m=0.99623
  [ep 45 step 25650] loss=1.2135 feat_std=0.0126 lr=0.00018 m=0.99623
  [ep 46 step 25700] loss=1.2382 feat_std=0.0126 lr=0.00018 m=0.99623
  [ep 46 step 25750] loss=1.2644 feat_std=0.0122 lr=0.00018 m=0.99623
  [ep 46 step 25800] loss=1.2417 feat_std=0.0126 lr=0.00018 m=0.99623
  [ep 46 step 25850] loss=1.1504 feat_std=0.0125 lr=0.00018 m=0.99623
  [ep 46 step 25900] loss=1.1239 feat_std=0.0125 lr=0.00018 m=0.99623
  [ep 46 step 25950] loss=1.2812 feat_std=0.0127 lr=0.00018 m=0.99623
  [ep 46 step 26000] loss=1.2231 feat_std=0.0125 lr=0.00018 m=0.99623
  [ep 46 step 26050] loss=1.1072 feat_std=0.0125 lr=0.00018 m=0.99623
  [ep 46 step 26100] loss=1.2209 feat_std=0.0126 lr=0.00018 m=0.99624
  [ep 46 step 26150] loss=1.2602 feat_std=0.0123 lr=0.00018 m=0.99624
  [ep 46 step 26200] loss=1.2214 feat_std=0.0126 lr=0.00018 m=0.99624
  [ep 47 step 26250] loss=1.2585 feat_std=0.0127 lr=0.00018 m=0.99624
  [ep 47 step 26300] loss=1.2722 feat_std=0.0125 lr=0.00018 m=0.99624
  [ep 47 step 26350] loss=1.2687 feat_std=0.0124 lr=0.00018 m=0.99624
  [ep 47 step 26400] loss=1.2420 feat_std=0.0125 lr=0.00018 m=0.99624
  [ep 47 step 26450] loss=1.1003 feat_std=0.0126 lr=0.00018 m=0.99624
  [ep 47 step 26500] loss=1.2123 feat_std=0.0126 lr=0.00018 m=0.99624
  [ep 47 step 26550] loss=1.1577 feat_std=0.0127 lr=0.00018 m=0.99624
  [ep 47 step 26600] loss=1.1218 feat_std=0.0127 lr=0.00018 m=0.99624
  [ep 47 step 26650] loss=1.2577 feat_std=0.0124 lr=0.00018 m=0.99624
  [ep 47 step 26700] loss=1.1544 feat_std=0.0125 lr=0.00018 m=0.99625
  [ep 47 step 26750] loss=1.1397 feat_std=0.0126 lr=0.00018 m=0.99625
  [ep 48 step 26800] loss=1.3299 feat_std=0.0123 lr=0.00018 m=0.99625
  [ep 48 step 26850] loss=1.1249 feat_std=0.0126 lr=0.00018 m=0.99625
  [ep 48 step 26900] loss=1.2363 feat_std=0.0125 lr=0.00018 m=0.99625
  [ep 48 step 26950] loss=1.2669 feat_std=0.0122 lr=0.00018 m=0.99625
  [ep 48 step 27000] loss=1.1346 feat_std=0.0128 lr=0.00018 m=0.99625
  [ep 48 step 27050] loss=1.1505 feat_std=0.0122 lr=0.00018 m=0.99625
  [ep 48 step 27100] loss=1.3026 feat_std=0.0124 lr=0.00018 m=0.99625
  [ep 48 step 27150] loss=1.2582 feat_std=0.0125 lr=0.00018 m=0.99625
  [ep 48 step 27200] loss=1.2961 feat_std=0.0124 lr=0.00018 m=0.99625
  [ep 48 step 27250] loss=1.2138 feat_std=0.0125 lr=0.00018 m=0.99626
  [ep 48 step 27300] loss=1.2255 feat_std=0.0126 lr=0.00018 m=0.99626
  [ep 49 step 27350] loss=1.0916 feat_std=0.0128 lr=0.00018 m=0.99626
  [ep 49 step 27400] loss=1.0435 feat_std=0.0128 lr=0.00018 m=0.99626
  [ep 49 step 27450] loss=1.2411 feat_std=0.0124 lr=0.00018 m=0.99626
  [ep 49 step 27500] loss=1.2182 feat_std=0.0124 lr=0.00018 m=0.99626
  [ep 49 step 27550] loss=1.2398 feat_std=0.0124 lr=0.00018 m=0.99626
  [ep 49 step 27600] loss=1.1649 feat_std=0.0125 lr=0.00018 m=0.99626
  [ep 49 step 27650] loss=1.1497 feat_std=0.0125 lr=0.00018 m=0.99626
  [ep 49 step 27700] loss=1.0952 feat_std=0.0125 lr=0.00018 m=0.99626
  [ep 49 step 27750] loss=1.2138 feat_std=0.0125 lr=0.00018 m=0.99627
  [ep 49 step 27800] loss=1.1683 feat_std=0.0127 lr=0.00018 m=0.99627
  [ep 49 step 27850] loss=1.1595 feat_std=0.0126 lr=0.00018 m=0.99627
  [ep 50 step 27900] loss=1.1487 feat_std=0.0125 lr=0.00018 m=0.99627
  [ep 50 step 27950] loss=1.1185 feat_std=0.0127 lr=0.00018 m=0.99627
  [ep 50 step 28000] loss=1.2555 feat_std=0.0127 lr=0.00018 m=0.99627
  [ep 50 step 28050] loss=1.1218 feat_std=0.0125 lr=0.00018 m=0.99627
  [ep 50 step 28100] loss=1.1055 feat_std=0.0127 lr=0.00018 m=0.99627
  [ep 50 step 28150] loss=1.1615 feat_std=0.0126 lr=0.00018 m=0.99627
  [ep 50 step 28200] loss=1.1676 feat_std=0.0123 lr=0.00018 m=0.99627
  [ep 50 step 28250] loss=1.2496 feat_std=0.0126 lr=0.00018 m=0.99627
  [ep 50 step 28300] loss=1.1829 feat_std=0.0124 lr=0.00018 m=0.99628
  [ep 50 step 28350] loss=1.2259 feat_std=0.0124 lr=0.00018 m=0.99628
  [ep 50 step 28400] loss=1.2076 feat_std=0.0124 lr=0.00018 m=0.99628
  [ep 50 step 28450] loss=1.1509 feat_std=0.0126 lr=0.00018 m=0.99628
  [ep 51 step 28500] loss=1.1234 feat_std=0.0125 lr=0.00018 m=0.99628
  [ep 51 step 28550] loss=1.1750 feat_std=0.0126 lr=0.00018 m=0.99628
  [ep 51 step 28600] loss=1.0779 feat_std=0.0127 lr=0.00018 m=0.99628
  [ep 51 step 28650] loss=1.1327 feat_std=0.0124 lr=0.00018 m=0.99628
  [ep 51 step 28700] loss=1.0840 feat_std=0.0129 lr=0.00018 m=0.99628
  [ep 51 step 28750] loss=1.2332 feat_std=0.0125 lr=0.00018 m=0.99628
  [ep 51 step 28800] loss=1.1714 feat_std=0.0127 lr=0.00018 m=0.99629
  [ep 51 step 28850] loss=1.1690 feat_std=0.0127 lr=0.00018 m=0.99629
  [ep 51 step 28900] loss=1.1315 feat_std=0.0128 lr=0.00018 m=0.99629
  [ep 51 step 28950] loss=1.1843 feat_std=0.0125 lr=0.00018 m=0.99629
  [ep 51 step 29000] loss=1.1104 feat_std=0.0126 lr=0.00018 m=0.99629
  [ep 52 step 29050] loss=1.1681 feat_std=0.0127 lr=0.00018 m=0.99629
  [ep 52 step 29100] loss=1.1224 feat_std=0.0124 lr=0.00018 m=0.99629
  [ep 52 step 29150] loss=1.1419 feat_std=0.0127 lr=0.00018 m=0.99629
  [ep 52 step 29200] loss=1.2641 feat_std=0.0124 lr=0.00018 m=0.99629
  [ep 52 step 29250] loss=1.2665 feat_std=0.0127 lr=0.00018 m=0.99629
  [ep 52 step 29300] loss=1.1809 feat_std=0.0127 lr=0.00018 m=0.99629
  [ep 52 step 29350] loss=1.1503 feat_std=0.0127 lr=0.00018 m=0.99630
  [ep 52 step 29400] loss=1.2555 feat_std=0.0122 lr=0.00018 m=0.99630
  [ep 52 step 29450] loss=1.2586 feat_std=0.0125 lr=0.00018 m=0.99630
  [ep 52 step 29500] loss=1.2245 feat_std=0.0127 lr=0.00018 m=0.99630
  [ep 52 step 29550] loss=1.1106 feat_std=0.0126 lr=0.00018 m=0.99630
  [ep 53 step 29600] loss=1.2528 feat_std=0.0125 lr=0.00018 m=0.99630
  [ep 53 step 29650] loss=1.2315 feat_std=0.0124 lr=0.00018 m=0.99630
  [ep 53 step 29700] loss=1.2377 feat_std=0.0125 lr=0.00018 m=0.99630
  [ep 53 step 29750] loss=1.0268 feat_std=0.0127 lr=0.00018 m=0.99630
  [ep 53 step 29800] loss=1.0573 feat_std=0.0128 lr=0.00018 m=0.99630
  [ep 53 step 29850] loss=1.0410 feat_std=0.0125 lr=0.00018 m=0.99631
  [ep 53 step 29900] loss=1.1167 feat_std=0.0126 lr=0.00018 m=0.99631
  [ep 53 step 29950] loss=1.1423 feat_std=0.0128 lr=0.00018 m=0.99631
  [ep 53 step 30000] loss=1.2369 feat_std=0.0126 lr=0.00018 m=0.99631
  [ep 53 step 30050] loss=1.1960 feat_std=0.0125 lr=0.00018 m=0.99631
  [ep 53 step 30100] loss=1.1581 feat_std=0.0127 lr=0.00018 m=0.99631
  [ep 54 step 30150] loss=1.0418 feat_std=0.0126 lr=0.00018 m=0.99631
  [ep 54 step 30200] loss=1.1814 feat_std=0.0125 lr=0.00018 m=0.99631
  [ep 54 step 30250] loss=1.1441 feat_std=0.0127 lr=0.00018 m=0.99631
  [ep 54 step 30300] loss=1.2433 feat_std=0.0126 lr=0.00018 m=0.99631
  [ep 54 step 30350] loss=1.2499 feat_std=0.0125 lr=0.00018 m=0.99632
  [ep 54 step 30400] loss=1.0639 feat_std=0.0127 lr=0.00018 m=0.99632
  [ep 54 step 30450] loss=1.3310 feat_std=0.0125 lr=0.00018 m=0.99632
  [ep 54 step 30500] loss=1.3153 feat_std=0.0124 lr=0.00018 m=0.99632
  [ep 54 step 30550] loss=1.1033 feat_std=0.0127 lr=0.00018 m=0.99632
  [ep 54 step 30600] loss=1.2308 feat_std=0.0125 lr=0.00018 m=0.99632
  [ep 54 step 30650] loss=1.1306 feat_std=0.0126 lr=0.00018 m=0.99632
  [ep 55 step 30700] loss=1.0318 feat_std=0.0126 lr=0.00018 m=0.99632
  [ep 55 step 30750] loss=1.0330 feat_std=0.0128 lr=0.00018 m=0.99632
  [ep 55 step 30800] loss=1.1357 feat_std=0.0126 lr=0.00018 m=0.99632
  [ep 55 step 30850] loss=1.1323 feat_std=0.0124 lr=0.00018 m=0.99633
  [ep 55 step 30900] loss=1.2784 feat_std=0.0125 lr=0.00018 m=0.99633
  [ep 55 step 30950] loss=1.1423 feat_std=0.0128 lr=0.00018 m=0.99633
  [ep 55 step 31000] loss=1.1956 feat_std=0.0126 lr=0.00018 m=0.99633
  [ep 55 step 31050] loss=1.2137 feat_std=0.0130 lr=0.00018 m=0.99633
  [ep 55 step 31100] loss=1.2258 feat_std=0.0126 lr=0.00018 m=0.99633
  [ep 55 step 31150] loss=1.1499 feat_std=0.0125 lr=0.00018 m=0.99633
  [ep 55 step 31200] loss=1.1979 feat_std=0.0125 lr=0.00018 m=0.99633
  [ep 56 step 31250] loss=1.1786 feat_std=0.0128 lr=0.00018 m=0.99633
  [ep 56 step 31300] loss=1.1110 feat_std=0.0125 lr=0.00018 m=0.99634
  [ep 56 step 31350] loss=1.2769 feat_std=0.0126 lr=0.00018 m=0.99634
  [ep 56 step 31400] loss=1.0857 feat_std=0.0127 lr=0.00018 m=0.99634
  [ep 56 step 31450] loss=1.1986 feat_std=0.0128 lr=0.00018 m=0.99634
  [ep 56 step 31500] loss=1.1026 feat_std=0.0128 lr=0.00018 m=0.99634
  [ep 56 step 31550] loss=1.0942 feat_std=0.0127 lr=0.00018 m=0.99634
  [ep 56 step 31600] loss=1.1684 feat_std=0.0128 lr=0.00018 m=0.99634
  [ep 56 step 31650] loss=1.1609 feat_std=0.0128 lr=0.00018 m=0.99634
  [ep 56 step 31700] loss=1.0836 feat_std=0.0125 lr=0.00018 m=0.99634
  [ep 56 step 31750] loss=1.1796 feat_std=0.0126 lr=0.00018 m=0.99634
  [ep 56 step 31800] loss=1.1204 feat_std=0.0128 lr=0.00018 m=0.99635
  [ep 57 step 31850] loss=1.1575 feat_std=0.0128 lr=0.00018 m=0.99635
  [ep 57 step 31900] loss=1.1560 feat_std=0.0125 lr=0.00018 m=0.99635
  [ep 57 step 31950] loss=1.0921 feat_std=0.0125 lr=0.00018 m=0.99635
  [ep 57 step 32000] loss=1.1631 feat_std=0.0126 lr=0.00018 m=0.99635
  [ep 57 step 32050] loss=1.0891 feat_std=0.0127 lr=0.00018 m=0.99635
  [ep 57 step 32100] loss=1.1761 feat_std=0.0126 lr=0.00018 m=0.99635
  [ep 57 step 32150] loss=1.1293 feat_std=0.0124 lr=0.00018 m=0.99635
  [ep 57 step 32200] loss=1.0950 feat_std=0.0127 lr=0.00018 m=0.99635
  [ep 57 step 32250] loss=1.1059 feat_std=0.0125 lr=0.00018 m=0.99636
  [ep 57 step 32300] loss=1.1171 feat_std=0.0128 lr=0.00018 m=0.99636
  [ep 57 step 32350] loss=1.2091 feat_std=0.0127 lr=0.00018 m=0.99636
  [ep 58 step 32400] loss=1.0601 feat_std=0.0124 lr=0.00018 m=0.99636
  [ep 58 step 32450] loss=1.0655 feat_std=0.0128 lr=0.00018 m=0.99636
  [ep 58 step 32500] loss=1.2000 feat_std=0.0129 lr=0.00017 m=0.99636
  [ep 58 step 32550] loss=1.0847 feat_std=0.0125 lr=0.00017 m=0.99636
  [ep 58 step 32600] loss=1.0322 feat_std=0.0126 lr=0.00017 m=0.99636
  [ep 58 step 32650] loss=1.1616 feat_std=0.0127 lr=0.00017 m=0.99636
  [ep 58 step 32700] loss=1.0421 feat_std=0.0126 lr=0.00017 m=0.99636
  [ep 58 step 32750] loss=1.1927 feat_std=0.0124 lr=0.00017 m=0.99637
  [ep 58 step 32800] loss=1.0675 feat_std=0.0126 lr=0.00017 m=0.99637
  [ep 58 step 32850] loss=1.1452 feat_std=0.0126 lr=0.00017 m=0.99637
  [ep 58 step 32900] loss=1.2511 feat_std=0.0127 lr=0.00017 m=0.99637
  [ep 59 step 32950] loss=1.0957 feat_std=0.0129 lr=0.00017 m=0.99637
  [ep 59 step 33000] loss=1.0731 feat_std=0.0126 lr=0.00017 m=0.99637
  [ep 59 step 33050] loss=1.0290 feat_std=0.0127 lr=0.00017 m=0.99637
  [ep 59 step 33100] loss=1.1204 feat_std=0.0126 lr=0.00017 m=0.99637
  [ep 59 step 33150] loss=1.2003 feat_std=0.0127 lr=0.00017 m=0.99637
  [ep 59 step 33200] loss=1.0867 feat_std=0.0126 lr=0.00017 m=0.99638
  [ep 59 step 33250] loss=1.0509 feat_std=0.0129 lr=0.00017 m=0.99638
  [ep 59 step 33300] loss=1.1107 feat_std=0.0129 lr=0.00017 m=0.99638
  [ep 59 step 33350] loss=1.1259 feat_std=0.0128 lr=0.00017 m=0.99638
  [ep 59 step 33400] loss=1.1158 feat_std=0.0127 lr=0.00017 m=0.99638
  [ep 59 step 33450] loss=1.3087 feat_std=0.0126 lr=0.00017 m=0.99638
  [ep 60 step 33500] loss=1.1139 feat_std=0.0127 lr=0.00017 m=0.99638
  [ep 60 step 33550] loss=1.0453 feat_std=0.0127 lr=0.00017 m=0.99638
  [ep 60 step 33600] loss=1.2281 feat_std=0.0125 lr=0.00017 m=0.99638
  [ep 60 step 33650] loss=1.2177 feat_std=0.0124 lr=0.00017 m=0.99639
  [ep 60 step 33700] loss=1.0905 feat_std=0.0127 lr=0.00017 m=0.99639
  [ep 60 step 33750] loss=0.9845 feat_std=0.0127 lr=0.00017 m=0.99639
  [ep 60 step 33800] loss=1.1624 feat_std=0.0125 lr=0.00017 m=0.99639
  [ep 60 step 33850] loss=1.0760 feat_std=0.0127 lr=0.00017 m=0.99639
  [ep 60 step 33900] loss=1.1043 feat_std=0.0126 lr=0.00017 m=0.99639
  [ep 60 step 33950] loss=1.0454 feat_std=0.0129 lr=0.00017 m=0.99639
  [ep 60 step 34000] loss=1.1397 feat_std=0.0127 lr=0.00017 m=0.99639
  [ep 61 step 34050] loss=0.9692 feat_std=0.0129 lr=0.00017 m=0.99639
  [ep 61 step 34100] loss=1.0665 feat_std=0.0127 lr=0.00017 m=0.99640
  [ep 61 step 34150] loss=1.1162 feat_std=0.0126 lr=0.00017 m=0.99640
  [ep 61 step 34200] loss=1.0923 feat_std=0.0126 lr=0.00017 m=0.99640
  [ep 61 step 34250] loss=1.1792 feat_std=0.0126 lr=0.00017 m=0.99640
  [ep 61 step 34300] loss=1.0588 feat_std=0.0128 lr=0.00017 m=0.99640
  [ep 61 step 34350] loss=1.1708 feat_std=0.0127 lr=0.00017 m=0.99640
  [ep 61 step 34400] loss=1.0446 feat_std=0.0127 lr=0.00017 m=0.99640
  [ep 61 step 34450] loss=1.1390 feat_std=0.0126 lr=0.00017 m=0.99640
  [ep 61 step 34500] loss=1.1112 feat_std=0.0128 lr=0.00017 m=0.99640
  [ep 61 step 34550] loss=1.0620 feat_std=0.0128 lr=0.00017 m=0.99641
  [ep 62 step 34600] loss=1.1565 feat_std=0.0127 lr=0.00017 m=0.99641
  [ep 62 step 34650] loss=1.2230 feat_std=0.0127 lr=0.00017 m=0.99641
  [ep 62 step 34700] loss=1.1563 feat_std=0.0126 lr=0.00017 m=0.99641
  [ep 62 step 34750] loss=1.0735 feat_std=0.0127 lr=0.00017 m=0.99641
  [ep 62 step 34800] loss=1.1640 feat_std=0.0124 lr=0.00017 m=0.99641
  [ep 62 step 34850] loss=1.0867 feat_std=0.0129 lr=0.00017 m=0.99641
  [ep 62 step 34900] loss=1.0480 feat_std=0.0126 lr=0.00017 m=0.99641
  [ep 62 step 34950] loss=1.1242 feat_std=0.0129 lr=0.00017 m=0.99642
  [ep 62 step 35000] loss=1.0947 feat_std=0.0127 lr=0.00017 m=0.99642
  [ep 62 step 35050] loss=0.9864 feat_std=0.0127 lr=0.00017 m=0.99642
  [ep 62 step 35100] loss=1.0470 feat_std=0.0127 lr=0.00017 m=0.99642
  [ep 62 step 35150] loss=1.1119 feat_std=0.0127 lr=0.00017 m=0.99642
  [ep 63 step 35200] loss=1.1228 feat_std=0.0128 lr=0.00017 m=0.99642
  [ep 63 step 35250] loss=1.1725 feat_std=0.0125 lr=0.00017 m=0.99642
  [ep 63 step 35300] loss=0.9941 feat_std=0.0129 lr=0.00017 m=0.99642
  [ep 63 step 35350] loss=1.1466 feat_std=0.0126 lr=0.00017 m=0.99642
  [ep 63 step 35400] loss=1.0829 feat_std=0.0127 lr=0.00017 m=0.99643
  [ep 63 step 35450] loss=1.2045 feat_std=0.0126 lr=0.00017 m=0.99643
  [ep 63 step 35500] loss=1.2034 feat_std=0.0128 lr=0.00017 m=0.99643
  [ep 63 step 35550] loss=1.1488 feat_std=0.0127 lr=0.00017 m=0.99643
  [ep 63 step 35600] loss=1.0554 feat_std=0.0127 lr=0.00017 m=0.99643
  [ep 63 step 35650] loss=1.0332 feat_std=0.0129 lr=0.00017 m=0.99643
  [ep 63 step 35700] loss=1.1532 feat_std=0.0127 lr=0.00017 m=0.99643
  [ep 64 step 35750] loss=1.0557 feat_std=0.0127 lr=0.00017 m=0.99643
  [ep 64 step 35800] loss=1.1231 feat_std=0.0124 lr=0.00017 m=0.99643
  [ep 64 step 35850] loss=1.1368 feat_std=0.0126 lr=0.00017 m=0.99644
  [ep 64 step 35900] loss=1.1141 feat_std=0.0126 lr=0.00017 m=0.99644
  [ep 64 step 35950] loss=1.0753 feat_std=0.0128 lr=0.00017 m=0.99644
  [ep 64 step 36000] loss=1.0008 feat_std=0.0129 lr=0.00017 m=0.99644
  [ep 64 step 36050] loss=1.2039 feat_std=0.0126 lr=0.00017 m=0.99644
  [ep 64 step 36100] loss=1.0701 feat_std=0.0126 lr=0.00017 m=0.99644
  [ep 64 step 36150] loss=1.0338 feat_std=0.0128 lr=0.00017 m=0.99644
  [ep 64 step 36200] loss=1.0529 feat_std=0.0129 lr=0.00017 m=0.99644
  [ep 64 step 36250] loss=0.9729 feat_std=0.0127 lr=0.00017 m=0.99645
  [ep 65 step 36300] loss=1.0224 feat_std=0.0128 lr=0.00017 m=0.99645
  [ep 65 step 36350] loss=1.0138 feat_std=0.0126 lr=0.00017 m=0.99645
  [ep 65 step 36400] loss=1.0676 feat_std=0.0128 lr=0.00017 m=0.99645
  [ep 65 step 36450] loss=1.0324 feat_std=0.0129 lr=0.00017 m=0.99645
  [ep 65 step 36500] loss=0.9848 feat_std=0.0128 lr=0.00017 m=0.99645
  [ep 65 step 36550] loss=1.1794 feat_std=0.0127 lr=0.00017 m=0.99645
  [ep 65 step 36600] loss=1.0456 feat_std=0.0128 lr=0.00017 m=0.99645
  [ep 65 step 36650] loss=1.1163 feat_std=0.0126 lr=0.00017 m=0.99645
  [ep 65 step 36700] loss=1.0997 feat_std=0.0128 lr=0.00017 m=0.99646
  [ep 65 step 36750] loss=1.1077 feat_std=0.0126 lr=0.00017 m=0.99646
  [ep 65 step 36800] loss=1.1349 feat_std=0.0129 lr=0.00017 m=0.99646
  [ep 66 step 36850] loss=1.0352 feat_std=0.0128 lr=0.00017 m=0.99646
  [ep 66 step 36900] loss=1.0980 feat_std=0.0126 lr=0.00017 m=0.99646
  [ep 66 step 36950] loss=1.0279 feat_std=0.0127 lr=0.00017 m=0.99646
  [ep 66 step 37000] loss=0.9610 feat_std=0.0130 lr=0.00017 m=0.99646
  [ep 66 step 37050] loss=0.9639 feat_std=0.0130 lr=0.00017 m=0.99646
  [ep 66 step 37100] loss=1.0843 feat_std=0.0127 lr=0.00017 m=0.99647
  [ep 66 step 37150] loss=1.1006 feat_std=0.0126 lr=0.00017 m=0.99647
  [ep 66 step 37200] loss=1.1520 feat_std=0.0127 lr=0.00017 m=0.99647
  [ep 66 step 37250] loss=1.1189 feat_std=0.0128 lr=0.00017 m=0.99647
  [ep 66 step 37300] loss=1.1108 feat_std=0.0127 lr=0.00017 m=0.99647
  [ep 66 step 37350] loss=0.9965 feat_std=0.0127 lr=0.00017 m=0.99647
  [ep 67 step 37400] loss=1.0145 feat_std=0.0128 lr=0.00017 m=0.99647
  [ep 67 step 37450] loss=1.0243 feat_std=0.0126 lr=0.00017 m=0.99647
  [ep 67 step 37500] loss=1.0084 feat_std=0.0129 lr=0.00017 m=0.99648
  [ep 67 step 37550] loss=0.9753 feat_std=0.0128 lr=0.00017 m=0.99648
  [ep 67 step 37600] loss=1.1663 feat_std=0.0129 lr=0.00017 m=0.99648
  [ep 67 step 37650] loss=1.0128 feat_std=0.0128 lr=0.00017 m=0.99648
  [ep 67 step 37700] loss=0.9615 feat_std=0.0130 lr=0.00017 m=0.99648
  [ep 67 step 37750] loss=1.0159 feat_std=0.0127 lr=0.00017 m=0.99648
  [ep 67 step 37800] loss=1.0668 feat_std=0.0127 lr=0.00017 m=0.99648
  [ep 67 step 37850] loss=1.0806 feat_std=0.0129 lr=0.00017 m=0.99648
  [ep 67 step 37900] loss=0.9962 feat_std=0.0128 lr=0.00017 m=0.99648
  [ep 68 step 37950] loss=1.0388 feat_std=0.0128 lr=0.00017 m=0.99649
  [ep 68 step 38000] loss=0.9060 feat_std=0.0130 lr=0.00017 m=0.99649
  [ep 68 step 38050] loss=1.0303 feat_std=0.0127 lr=0.00017 m=0.99649
  [ep 68 step 38100] loss=1.1772 feat_std=0.0128 lr=0.00017 m=0.99649
  [ep 68 step 38150] loss=0.9814 feat_std=0.0127 lr=0.00017 m=0.99649
  [ep 68 step 38200] loss=1.0800 feat_std=0.0128 lr=0.00017 m=0.99649
  [ep 68 step 38250] loss=1.0140 feat_std=0.0128 lr=0.00017 m=0.99649
  [ep 68 step 38300] loss=0.9628 feat_std=0.0129 lr=0.00017 m=0.99649
  [ep 68 step 38350] loss=1.0453 feat_std=0.0127 lr=0.00017 m=0.99650
  [ep 68 step 38400] loss=1.0196 feat_std=0.0127 lr=0.00017 m=0.99650
  [ep 68 step 38450] loss=1.1057 feat_std=0.0126 lr=0.00017 m=0.99650
  [ep 68 step 38500] loss=0.8871 feat_std=0.0128 lr=0.00017 m=0.99650
  [ep 69 step 38550] loss=0.9873 feat_std=0.0129 lr=0.00017 m=0.99650
  [ep 69 step 38600] loss=1.0548 feat_std=0.0128 lr=0.00017 m=0.99650
  [ep 69 step 38650] loss=0.9821 feat_std=0.0129 lr=0.00017 m=0.99650
  [ep 69 step 38700] loss=1.0360 feat_std=0.0128 lr=0.00017 m=0.99650
  [ep 69 step 38750] loss=0.9882 feat_std=0.0129 lr=0.00017 m=0.99651
  [ep 69 step 38800] loss=1.0673 feat_std=0.0126 lr=0.00017 m=0.99651
  [ep 69 step 38850] loss=1.0241 feat_std=0.0128 lr=0.00017 m=0.99651
  [ep 69 step 38900] loss=1.0088 feat_std=0.0128 lr=0.00017 m=0.99651
  [ep 69 step 38950] loss=1.0613 feat_std=0.0129 lr=0.00017 m=0.99651
  [ep 69 step 39000] loss=1.1214 feat_std=0.0125 lr=0.00017 m=0.99651
  [ep 69 step 39050] loss=0.9498 feat_std=0.0128 lr=0.00017 m=0.99651
  [ep 70 step 39100] loss=1.0462 feat_std=0.0127 lr=0.00017 m=0.99651
  [ep 70 step 39150] loss=0.9953 feat_std=0.0129 lr=0.00017 m=0.99652
  [ep 70 step 39200] loss=0.9458 feat_std=0.0129 lr=0.00017 m=0.99652
  [ep 70 step 39250] loss=1.0151 feat_std=0.0127 lr=0.00017 m=0.99652
  [ep 70 step 39300] loss=1.0588 feat_std=0.0130 lr=0.00017 m=0.99652
  [ep 70 step 39350] loss=0.9914 feat_std=0.0128 lr=0.00017 m=0.99652
  [ep 70 step 39400] loss=1.0985 feat_std=0.0126 lr=0.00017 m=0.99652
  [ep 70 step 39450] loss=1.0054 feat_std=0.0128 lr=0.00017 m=0.99652
  [ep 70 step 39500] loss=1.0273 feat_std=0.0130 lr=0.00017 m=0.99652
  [ep 70 step 39550] loss=1.0494 feat_std=0.0128 lr=0.00017 m=0.99653
  [ep 70 step 39600] loss=1.1171 feat_std=0.0128 lr=0.00017 m=0.99653
  [ep 71 step 39650] loss=1.0302 feat_std=0.0129 lr=0.00017 m=0.99653
  [ep 71 step 39700] loss=1.0301 feat_std=0.0128 lr=0.00017 m=0.99653
  [ep 71 step 39750] loss=0.9267 feat_std=0.0129 lr=0.00017 m=0.99653
  [ep 71 step 39800] loss=1.0452 feat_std=0.0127 lr=0.00017 m=0.99653
  [ep 71 step 39850] loss=1.1496 feat_std=0.0128 lr=0.00017 m=0.99653
  [ep 71 step 39900] loss=0.9783 feat_std=0.0128 lr=0.00017 m=0.99653
  [ep 71 step 39950] loss=1.0309 feat_std=0.0127 lr=0.00017 m=0.99654
  [ep 71 step 40000] loss=1.0591 feat_std=0.0128 lr=0.00017 m=0.99654
  [ep 71 step 40050] loss=1.0044 feat_std=0.0130 lr=0.00017 m=0.99654
  [ep 71 step 40100] loss=1.0847 feat_std=0.0126 lr=0.00017 m=0.99654
  [ep 71 step 40150] loss=1.0870 feat_std=0.0130 lr=0.00017 m=0.99654
  [ep 72 step 40200] loss=0.9573 feat_std=0.0129 lr=0.00017 m=0.99654
  [ep 72 step 40250] loss=1.1316 feat_std=0.0128 lr=0.00017 m=0.99654
  [ep 72 step 40300] loss=0.9809 feat_std=0.0127 lr=0.00017 m=0.99655
  [ep 72 step 40350] loss=1.0394 feat_std=0.0127 lr=0.00017 m=0.99655
  [ep 72 step 40400] loss=0.9906 feat_std=0.0129 lr=0.00017 m=0.99655
  [ep 72 step 40450] loss=1.1214 feat_std=0.0127 lr=0.00017 m=0.99655
  [ep 72 step 40500] loss=1.1379 feat_std=0.0126 lr=0.00017 m=0.99655
  [ep 72 step 40550] loss=1.0435 feat_std=0.0128 lr=0.00017 m=0.99655
  [ep 72 step 40600] loss=1.1620 feat_std=0.0127 lr=0.00017 m=0.99655
  [ep 72 step 40650] loss=1.0214 feat_std=0.0127 lr=0.00017 m=0.99655
  [ep 72 step 40700] loss=1.0253 feat_std=0.0128 lr=0.00017 m=0.99656
  [ep 73 step 40750] loss=1.0897 feat_std=0.0128 lr=0.00017 m=0.99656
  [ep 73 step 40800] loss=1.0436 feat_std=0.0129 lr=0.00017 m=0.99656
  [ep 73 step 40850] loss=1.0327 feat_std=0.0128 lr=0.00017 m=0.99656
  [ep 73 step 40900] loss=1.1166 feat_std=0.0126 lr=0.00017 m=0.99656
  [ep 73 step 40950] loss=1.0564 feat_std=0.0128 lr=0.00017 m=0.99656
  [ep 73 step 41000] loss=1.0784 feat_std=0.0127 lr=0.00017 m=0.99656
  [ep 73 step 41050] loss=0.9050 feat_std=0.0129 lr=0.00017 m=0.99656
  [ep 73 step 41100] loss=0.9529 feat_std=0.0128 lr=0.00017 m=0.99657
  [ep 73 step 41150] loss=1.1508 feat_std=0.0127 lr=0.00017 m=0.99657
  [ep 73 step 41200] loss=1.1047 feat_std=0.0128 lr=0.00017 m=0.99657
  [ep 73 step 41250] loss=0.9271 feat_std=0.0130 lr=0.00017 m=0.99657
  [ep 74 step 41300] loss=1.0681 feat_std=0.0126 lr=0.00017 m=0.99657
  [ep 74 step 41350] loss=0.9092 feat_std=0.0128 lr=0.00017 m=0.99657
  [ep 74 step 41400] loss=0.8987 feat_std=0.0128 lr=0.00017 m=0.99657
  [ep 74 step 41450] loss=1.1059 feat_std=0.0129 lr=0.00017 m=0.99658
  [ep 74 step 41500] loss=1.0317 feat_std=0.0129 lr=0.00017 m=0.99658
  [ep 74 step 41550] loss=0.8888 feat_std=0.0128 lr=0.00017 m=0.99658
  [ep 74 step 41600] loss=0.9183 feat_std=0.0129 lr=0.00017 m=0.99658
  [ep 74 step 41650] loss=1.0819 feat_std=0.0126 lr=0.00017 m=0.99658
  [ep 74 step 41700] loss=1.0297 feat_std=0.0131 lr=0.00017 m=0.99658
  [ep 74 step 41750] loss=0.9933 feat_std=0.0127 lr=0.00017 m=0.99658
  [ep 74 step 41800] loss=0.9554 feat_std=0.0130 lr=0.00017 m=0.99658
  [ep 75 step 41850] loss=1.0905 feat_std=0.0129 lr=0.00017 m=0.99659
  [ep 75 step 41900] loss=0.9967 feat_std=0.0127 lr=0.00017 m=0.99659
  [ep 75 step 41950] loss=1.0063 feat_std=0.0127 lr=0.00017 m=0.99659
  [ep 75 step 42000] loss=0.9031 feat_std=0.0130 lr=0.00017 m=0.99659
  [ep 75 step 42050] loss=0.9603 feat_std=0.0130 lr=0.00016 m=0.99659
  [ep 75 step 42100] loss=1.0349 feat_std=0.0128 lr=0.00016 m=0.99659
  [ep 75 step 42150] loss=0.9013 feat_std=0.0130 lr=0.00016 m=0.99659
  [ep 75 step 42200] loss=0.8761 feat_std=0.0128 lr=0.00016 m=0.99660
  [ep 75 step 42250] loss=0.9694 feat_std=0.0130 lr=0.00016 m=0.99660
  [ep 75 step 42300] loss=1.1075 feat_std=0.0128 lr=0.00016 m=0.99660
  [ep 75 step 42350] loss=1.0201 feat_std=0.0129 lr=0.00016 m=0.99660
  [ep 75 step 42400] loss=1.0943 feat_std=0.0129 lr=0.00016 m=0.99660
  [ep 76 step 42450] loss=1.0462 feat_std=0.0126 lr=0.00016 m=0.99660
  [ep 76 step 42500] loss=1.0115 feat_std=0.0129 lr=0.00016 m=0.99660
  [ep 76 step 42550] loss=1.0706 feat_std=0.0128 lr=0.00016 m=0.99660
  [ep 76 step 42600] loss=0.9178 feat_std=0.0128 lr=0.00016 m=0.99661
  [ep 76 step 42650] loss=1.0413 feat_std=0.0129 lr=0.00016 m=0.99661
  [ep 76 step 42700] loss=0.9237 feat_std=0.0128 lr=0.00016 m=0.99661
  [ep 76 step 42750] loss=1.1423 feat_std=0.0127 lr=0.00016 m=0.99661
  [ep 76 step 42800] loss=1.0220 feat_std=0.0127 lr=0.00016 m=0.99661
  [ep 76 step 42850] loss=0.8891 feat_std=0.0128 lr=0.00016 m=0.99661
  [ep 76 step 42900] loss=1.0354 feat_std=0.0129 lr=0.00016 m=0.99661
  [ep 76 step 42950] loss=1.0191 feat_std=0.0127 lr=0.00016 m=0.99662
  [ep 77 step 43000] loss=1.0314 feat_std=0.0128 lr=0.00016 m=0.99662
  [ep 77 step 43050] loss=0.9910 feat_std=0.0127 lr=0.00016 m=0.99662
  [ep 77 step 43100] loss=0.9977 feat_std=0.0129 lr=0.00016 m=0.99662
