SSL pretraining | backbone=resnet50 | method=mocov2 | epochs=300
Configs: ['configs/default.yaml', 'configs/ssl_pretrain.yaml', 'configs/_win_local.yaml', 'configs/ssl_moco_v2_0.yaml']
  Disjointness OK — SSL=53576 (26788 patients) vs train=35126 (17563 patients)
  Corpus images: 53576
  Device=cuda | AMP=True | feature_dim=2048
  [ep 0 step 0] loss=4.3574 feat_std=0.0052 lr=0.00000 m=0.99600
  [ep 0 step 50] loss=8.4466 feat_std=0.0051 lr=0.00010 m=0.99600
  [ep 0 step 100] loss=8.9398 feat_std=0.0051 lr=0.00020 m=0.99600
  [ep 0 step 150] loss=8.9761 feat_std=0.0053 lr=0.00030 m=0.99600
  [ep 0 step 200] loss=8.9314 feat_std=0.0054 lr=0.00041 m=0.99600
  [ep 0 step 250] loss=8.9405 feat_std=0.0054 lr=0.00051 m=0.99600
  [ep 0 step 300] loss=9.0411 feat_std=0.0052 lr=0.00061 m=0.99600
  [ep 0 step 350] loss=8.8995 feat_std=0.0052 lr=0.00071 m=0.99600
  [ep 0 step 400] loss=8.8276 feat_std=0.0051 lr=0.00081 m=0.99600
  [ep 0 step 450] loss=8.7928 feat_std=0.0049 lr=0.00091 m=0.99600
  [ep 0 step 500] loss=8.7606 feat_std=0.0052 lr=0.00101 m=0.99600
  [ep 0 step 550] loss=8.7154 feat_std=0.0053 lr=0.00111 m=0.99600
  [ep 1 step 600] loss=8.7670 feat_std=0.0053 lr=0.00121 m=0.99600
  [ep 1 step 650] loss=8.7496 feat_std=0.0052 lr=0.00131 m=0.99600
  [ep 1 step 700] loss=8.7118 feat_std=0.0051 lr=0.00141 m=0.99600
  [ep 1 step 750] loss=8.7151 feat_std=0.0052 lr=0.00151 m=0.99600
  [ep 1 step 800] loss=8.6992 feat_std=0.0050 lr=0.00161 m=0.99600
  [ep 1 step 850] loss=8.7131 feat_std=0.0049 lr=0.00172 m=0.99600
  [ep 1 step 900] loss=8.6829 feat_std=0.0052 lr=0.00182 m=0.99600
  [ep 1 step 950] loss=8.6396 feat_std=0.0052 lr=0.00192 m=0.99600
  [ep 1 step 1000] loss=8.6493 feat_std=0.0052 lr=0.00202 m=0.99600
  [ep 1 step 1050] loss=8.6635 feat_std=0.0053 lr=0.00212 m=0.99600
  [ep 1 step 1100] loss=8.6911 feat_std=0.0050 lr=0.00222 m=0.99600
  [ep 2 step 1150] loss=8.5822 feat_std=0.0050 lr=0.00232 m=0.99600
  [ep 2 step 1200] loss=8.6293 feat_std=0.0053 lr=0.00242 m=0.99600
  [ep 2 step 1250] loss=8.7556 feat_std=0.0051 lr=0.00252 m=0.99600
  [ep 2 step 1300] loss=8.7217 feat_std=0.0052 lr=0.00262 m=0.99600
  [ep 2 step 1350] loss=8.6555 feat_std=0.0051 lr=0.00272 m=0.99600
  [ep 2 step 1400] loss=8.6315 feat_std=0.0052 lr=0.00282 m=0.99600
  [ep 2 step 1450] loss=8.6149 feat_std=0.0048 lr=0.00293 m=0.99600
  [ep 2 step 1500] loss=8.6524 feat_std=0.0050 lr=0.00303 m=0.99600
  [ep 2 step 1550] loss=8.6051 feat_std=0.0049 lr=0.00313 m=0.99600
  [ep 2 step 1600] loss=8.6781 feat_std=0.0050 lr=0.00323 m=0.99600
  [ep 2 step 1650] loss=8.6205 feat_std=0.0051 lr=0.00333 m=0.99600
  [ep 3 step 1700] loss=8.6043 feat_std=0.0049 lr=0.00343 m=0.99600
  [ep 3 step 1750] loss=8.5029 feat_std=0.0052 lr=0.00353 m=0.99600
  [ep 3 step 1800] loss=8.5673 feat_std=0.0051 lr=0.00363 m=0.99600
  [ep 3 step 1850] loss=8.5072 feat_std=0.0051 lr=0.00373 m=0.99600
  [ep 3 step 1900] loss=8.4793 feat_std=0.0053 lr=0.00383 m=0.99600
  [ep 3 step 1950] loss=8.4333 feat_std=0.0052 lr=0.00393 m=0.99600
  [ep 3 step 2000] loss=8.4427 feat_std=0.0052 lr=0.00403 m=0.99600
  [ep 3 step 2050] loss=8.5802 feat_std=0.0051 lr=0.00414 m=0.99600
  [ep 3 step 2100] loss=8.4672 feat_std=0.0052 lr=0.00424 m=0.99600
  [ep 3 step 2150] loss=8.4595 feat_std=0.0050 lr=0.00434 m=0.99600
  [ep 3 step 2200] loss=8.4546 feat_std=0.0053 lr=0.00444 m=0.99600
  [ep 4 step 2250] loss=8.3815 feat_std=0.0051 lr=0.00454 m=0.99600
  [ep 4 step 2300] loss=8.3353 feat_std=0.0053 lr=0.00464 m=0.99600
  [ep 4 step 2350] loss=8.3002 feat_std=0.0054 lr=0.00474 m=0.99600
  [ep 4 step 2400] loss=8.4022 feat_std=0.0055 lr=0.00484 m=0.99600
  [ep 4 step 2450] loss=8.3100 feat_std=0.0053 lr=0.00494 m=0.99600
  [ep 4 step 2500] loss=8.3261 feat_std=0.0053 lr=0.00504 m=0.99600
  [ep 4 step 2550] loss=8.3089 feat_std=0.0053 lr=0.00514 m=0.99600
  [ep 4 step 2600] loss=8.1980 feat_std=0.0053 lr=0.00524 m=0.99600
  [ep 4 step 2650] loss=8.4411 feat_std=0.0052 lr=0.00534 m=0.99600
  [ep 4 step 2700] loss=8.2530 feat_std=0.0054 lr=0.00545 m=0.99600
  [ep 4 step 2750] loss=8.2116 feat_std=0.0052 lr=0.00555 m=0.99600
  [ep 5 step 2800] loss=8.1523 feat_std=0.0053 lr=0.00565 m=0.99600
  [ep 5 step 2850] loss=8.1628 feat_std=0.0053 lr=0.00575 m=0.99600
  [ep 5 step 2900] loss=8.1462 feat_std=0.0050 lr=0.00585 m=0.99600
  [ep 5 step 2950] loss=7.9947 feat_std=0.0054 lr=0.00595 m=0.99600
  [ep 5 step 3000] loss=8.1516 feat_std=0.0056 lr=0.00605 m=0.99600
  [ep 5 step 3050] loss=8.1239 feat_std=0.0056 lr=0.00615 m=0.99600
  [ep 5 step 3100] loss=8.1504 feat_std=0.0054 lr=0.00625 m=0.99600
  [ep 5 step 3150] loss=8.0330 feat_std=0.0055 lr=0.00635 m=0.99600
  [ep 5 step 3200] loss=8.1003 feat_std=0.0057 lr=0.00645 m=0.99600
  [ep 5 step 3250] loss=8.0324 feat_std=0.0055 lr=0.00655 m=0.99600
  [ep 5 step 3300] loss=8.0080 feat_std=0.0056 lr=0.00666 m=0.99600
  [ep 6 step 3350] loss=8.0019 feat_std=0.0059 lr=0.00676 m=0.99600
  [ep 6 step 3400] loss=7.9225 feat_std=0.0058 lr=0.00686 m=0.99600
  [ep 6 step 3450] loss=8.0014 feat_std=0.0059 lr=0.00696 m=0.99600
  [ep 6 step 3500] loss=8.1106 feat_std=0.0059 lr=0.00706 m=0.99600
  [ep 6 step 3550] loss=7.8368 feat_std=0.0059 lr=0.00716 m=0.99600
  [ep 6 step 3600] loss=8.0632 feat_std=0.0059 lr=0.00726 m=0.99600
  [ep 6 step 3650] loss=7.8570 feat_std=0.0058 lr=0.00736 m=0.99600
  [ep 6 step 3700] loss=7.9231 feat_std=0.0061 lr=0.00746 m=0.99600
  [ep 6 step 3750] loss=7.7667 feat_std=0.0059 lr=0.00756 m=0.99600
  [ep 6 step 3800] loss=7.8358 feat_std=0.0059 lr=0.00766 m=0.99601
  [ep 6 step 3850] loss=7.9601 feat_std=0.0059 lr=0.00776 m=0.99601
  [ep 6 step 3900] loss=7.6926 feat_std=0.0061 lr=0.00786 m=0.99601
  [ep 7 step 3950] loss=7.8056 feat_std=0.0063 lr=0.00797 m=0.99601
  [ep 7 step 4000] loss=7.7837 feat_std=0.0059 lr=0.00807 m=0.99601
  [ep 7 step 4050] loss=7.7431 feat_std=0.0063 lr=0.00817 m=0.99601
  [ep 7 step 4100] loss=7.7121 feat_std=0.0063 lr=0.00827 m=0.99601
  [ep 7 step 4150] loss=7.5799 feat_std=0.0066 lr=0.00837 m=0.99601
  [ep 7 step 4200] loss=7.7667 feat_std=0.0067 lr=0.00847 m=0.99601
  [ep 7 step 4250] loss=7.7131 feat_std=0.0062 lr=0.00857 m=0.99601
  [ep 7 step 4300] loss=7.5276 feat_std=0.0064 lr=0.00867 m=0.99601
  [ep 7 step 4350] loss=7.5934 feat_std=0.0065 lr=0.00877 m=0.99601
  [ep 7 step 4400] loss=7.4652 feat_std=0.0064 lr=0.00887 m=0.99601
  [ep 7 step 4450] loss=7.5694 feat_std=0.0067 lr=0.00897 m=0.99601
  [ep 8 step 4500] loss=7.5741 feat_std=0.0061 lr=0.00907 m=0.99601
  [ep 8 step 4550] loss=7.5247 feat_std=0.0067 lr=0.00918 m=0.99601
  [ep 8 step 4600] loss=7.4967 feat_std=0.0067 lr=0.00928 m=0.99601
  [ep 8 step 4650] loss=7.4251 feat_std=0.0066 lr=0.00938 m=0.99601
  [ep 8 step 4700] loss=7.3358 feat_std=0.0066 lr=0.00948 m=0.99601
  [ep 8 step 4750] loss=7.4951 feat_std=0.0065 lr=0.00958 m=0.99601
  [ep 8 step 4800] loss=7.1903 feat_std=0.0068 lr=0.00968 m=0.99601
  [ep 8 step 4850] loss=7.3154 feat_std=0.0069 lr=0.00978 m=0.99601
  [ep 8 step 4900] loss=7.3298 feat_std=0.0066 lr=0.00988 m=0.99601
  [ep 8 step 4950] loss=7.1457 feat_std=0.0069 lr=0.00998 m=0.99601
  [ep 8 step 5000] loss=7.2757 feat_std=0.0070 lr=0.01008 m=0.99601
  [ep 9 step 5050] loss=7.2147 feat_std=0.0069 lr=0.01018 m=0.99601
  [ep 9 step 5100] loss=7.1656 feat_std=0.0069 lr=0.01028 m=0.99601
  [ep 9 step 5150] loss=7.2396 feat_std=0.0068 lr=0.01039 m=0.99601
  [ep 9 step 5200] loss=7.4093 feat_std=0.0066 lr=0.01049 m=0.99601
  [ep 9 step 5250] loss=7.1162 feat_std=0.0071 lr=0.01059 m=0.99601
  [ep 9 step 5300] loss=7.1276 feat_std=0.0071 lr=0.01069 m=0.99601
  [ep 9 step 5350] loss=7.0764 feat_std=0.0071 lr=0.01079 m=0.99601
  [ep 9 step 5400] loss=7.1299 feat_std=0.0067 lr=0.01089 m=0.99601
  [ep 9 step 5450] loss=7.0406 feat_std=0.0068 lr=0.01099 m=0.99601
  [ep 9 step 5500] loss=6.9784 feat_std=0.0071 lr=0.01109 m=0.99601
  [ep 9 step 5550] loss=6.9147 feat_std=0.0070 lr=0.01119 m=0.99601
  [ep 10 step 5600] loss=7.0713 feat_std=0.0068 lr=0.01125 m=0.99601
  [ep 10 step 5650] loss=6.9932 feat_std=0.0070 lr=0.01125 m=0.99601
  [ep 10 step 5700] loss=6.8461 feat_std=0.0073 lr=0.01125 m=0.99601
  [ep 10 step 5750] loss=6.8669 feat_std=0.0069 lr=0.01125 m=0.99601
  [ep 10 step 5800] loss=6.9030 feat_std=0.0068 lr=0.01125 m=0.99601
  [ep 10 step 5850] loss=6.9000 feat_std=0.0070 lr=0.01125 m=0.99601
  [ep 10 step 5900] loss=6.8136 feat_std=0.0070 lr=0.01125 m=0.99601
  [ep 10 step 5950] loss=6.7186 feat_std=0.0074 lr=0.01125 m=0.99601
  [ep 10 step 6000] loss=6.7367 feat_std=0.0073 lr=0.01125 m=0.99601
  [ep 10 step 6050] loss=6.5319 feat_std=0.0072 lr=0.01125 m=0.99601
  [ep 10 step 6100] loss=6.6854 feat_std=0.0074 lr=0.01125 m=0.99601
  [ep 11 step 6150] loss=6.6741 feat_std=0.0073 lr=0.01125 m=0.99601
  [ep 11 step 6200] loss=6.6393 feat_std=0.0074 lr=0.01125 m=0.99601
  [ep 11 step 6250] loss=6.5662 feat_std=0.0074 lr=0.01125 m=0.99601
  [ep 11 step 6300] loss=6.5584 feat_std=0.0072 lr=0.01125 m=0.99601
  [ep 11 step 6350] loss=6.5833 feat_std=0.0073 lr=0.01125 m=0.99601
  [ep 11 step 6400] loss=6.5565 feat_std=0.0073 lr=0.01125 m=0.99601
  [ep 11 step 6450] loss=6.5120 feat_std=0.0071 lr=0.01125 m=0.99601
  [ep 11 step 6500] loss=6.5239 feat_std=0.0076 lr=0.01125 m=0.99601
  [ep 11 step 6550] loss=6.4734 feat_std=0.0073 lr=0.01125 m=0.99602
  [ep 11 step 6600] loss=6.5796 feat_std=0.0075 lr=0.01125 m=0.99602
  [ep 11 step 6650] loss=6.3762 feat_std=0.0077 lr=0.01125 m=0.99602
  [ep 12 step 6700] loss=6.3926 feat_std=0.0073 lr=0.01125 m=0.99602
  [ep 12 step 6750] loss=6.3383 feat_std=0.0075 lr=0.01125 m=0.99602
  [ep 12 step 6800] loss=6.3157 feat_std=0.0077 lr=0.01125 m=0.99602
  [ep 12 step 6850] loss=6.2950 feat_std=0.0075 lr=0.01125 m=0.99602
  [ep 12 step 6900] loss=6.3871 feat_std=0.0072 lr=0.01125 m=0.99602
  [ep 12 step 6950] loss=6.3958 feat_std=0.0074 lr=0.01125 m=0.99602
  [ep 12 step 7000] loss=6.2607 feat_std=0.0077 lr=0.01125 m=0.99602
  [ep 12 step 7050] loss=6.3418 feat_std=0.0075 lr=0.01125 m=0.99602
  [ep 12 step 7100] loss=6.2913 feat_std=0.0076 lr=0.01125 m=0.99602
  [ep 12 step 7150] loss=6.3923 feat_std=0.0074 lr=0.01125 m=0.99602
  [ep 12 step 7200] loss=6.2369 feat_std=0.0076 lr=0.01125 m=0.99602
  [ep 12 step 7250] loss=6.1575 feat_std=0.0076 lr=0.01125 m=0.99602
  [ep 13 step 7300] loss=6.2269 feat_std=0.0075 lr=0.01125 m=0.99602
  [ep 13 step 7350] loss=6.2072 feat_std=0.0076 lr=0.01125 m=0.99602
  [ep 13 step 7400] loss=6.1299 feat_std=0.0078 lr=0.01125 m=0.99602
  [ep 13 step 7450] loss=6.1056 feat_std=0.0076 lr=0.01125 m=0.99602
  [ep 13 step 7500] loss=6.2009 feat_std=0.0079 lr=0.01125 m=0.99602
  [ep 13 step 7550] loss=6.1590 feat_std=0.0079 lr=0.01125 m=0.99602
  [ep 13 step 7600] loss=6.2175 feat_std=0.0076 lr=0.01125 m=0.99602
  [ep 13 step 7650] loss=6.0645 feat_std=0.0077 lr=0.01125 m=0.99602
  [ep 13 step 7700] loss=6.0689 feat_std=0.0079 lr=0.01125 m=0.99602
  [ep 13 step 7750] loss=6.1304 feat_std=0.0078 lr=0.01125 m=0.99602
  [ep 13 step 7800] loss=6.0213 feat_std=0.0079 lr=0.01124 m=0.99602
  [ep 14 step 7850] loss=6.0217 feat_std=0.0078 lr=0.01124 m=0.99602
  [ep 14 step 7900] loss=5.9825 feat_std=0.0078 lr=0.01124 m=0.99602
  [ep 14 step 7950] loss=6.0335 feat_std=0.0081 lr=0.01124 m=0.99602
  [ep 14 step 8000] loss=5.9469 feat_std=0.0081 lr=0.01124 m=0.99602
  [ep 14 step 8050] loss=6.0028 feat_std=0.0080 lr=0.01124 m=0.99602
  [ep 14 step 8100] loss=5.9191 feat_std=0.0078 lr=0.01124 m=0.99602
  [ep 14 step 8150] loss=5.8984 feat_std=0.0082 lr=0.01124 m=0.99602
  [ep 14 step 8200] loss=5.8747 feat_std=0.0079 lr=0.01124 m=0.99602
  [ep 14 step 8250] loss=5.9662 feat_std=0.0081 lr=0.01124 m=0.99602
  [ep 14 step 8300] loss=5.9543 feat_std=0.0079 lr=0.01124 m=0.99602
  [ep 14 step 8350] loss=5.9373 feat_std=0.0076 lr=0.01124 m=0.99602
  [ep 15 step 8400] loss=5.8745 feat_std=0.0081 lr=0.01124 m=0.99602
  [ep 15 step 8450] loss=5.8220 feat_std=0.0082 lr=0.01124 m=0.99603
  [ep 15 step 8500] loss=5.8457 feat_std=0.0083 lr=0.01124 m=0.99603
  [ep 15 step 8550] loss=5.8746 feat_std=0.0080 lr=0.01124 m=0.99603
  [ep 15 step 8600] loss=5.8297 feat_std=0.0080 lr=0.01124 m=0.99603
  [ep 15 step 8650] loss=5.8865 feat_std=0.0079 lr=0.01124 m=0.99603
  [ep 15 step 8700] loss=5.8407 feat_std=0.0078 lr=0.01124 m=0.99603
  [ep 15 step 8750] loss=5.8276 feat_std=0.0079 lr=0.01124 m=0.99603
  [ep 15 step 8800] loss=5.8652 feat_std=0.0078 lr=0.01124 m=0.99603
  [ep 15 step 8850] loss=5.7969 feat_std=0.0081 lr=0.01124 m=0.99603
  [ep 15 step 8900] loss=5.8022 feat_std=0.0081 lr=0.01124 m=0.99603
  [ep 16 step 8950] loss=5.8232 feat_std=0.0080 lr=0.01124 m=0.99603
  [ep 16 step 9000] loss=5.7519 feat_std=0.0085 lr=0.01124 m=0.99603
  [ep 16 step 9050] loss=5.7587 feat_std=0.0083 lr=0.01124 m=0.99603
  [ep 16 step 9100] loss=5.8035 feat_std=0.0084 lr=0.01124 m=0.99603
  [ep 16 step 9150] loss=5.7221 feat_std=0.0084 lr=0.01124 m=0.99603
  [ep 16 step 9200] loss=5.7072 feat_std=0.0085 lr=0.01124 m=0.99603
  [ep 16 step 9250] loss=5.6822 feat_std=0.0082 lr=0.01124 m=0.99603
  [ep 16 step 9300] loss=5.6650 feat_std=0.0082 lr=0.01124 m=0.99603
  [ep 16 step 9350] loss=5.7057 feat_std=0.0082 lr=0.01123 m=0.99603
  [ep 16 step 9400] loss=5.6768 feat_std=0.0082 lr=0.01123 m=0.99603
  [ep 16 step 9450] loss=5.6696 feat_std=0.0081 lr=0.01123 m=0.99603
  [ep 17 step 9500] loss=5.6122 feat_std=0.0084 lr=0.01123 m=0.99603
  [ep 17 step 9550] loss=5.6872 feat_std=0.0083 lr=0.01123 m=0.99603
  [ep 17 step 9600] loss=5.6576 feat_std=0.0084 lr=0.01123 m=0.99603
  [ep 17 step 9650] loss=5.6026 feat_std=0.0083 lr=0.01123 m=0.99603
  [ep 17 step 9700] loss=5.6312 feat_std=0.0084 lr=0.01123 m=0.99603
  [ep 17 step 9750] loss=5.6567 feat_std=0.0081 lr=0.01123 m=0.99603
  [ep 17 step 9800] loss=5.6726 feat_std=0.0085 lr=0.01123 m=0.99603
  [ep 17 step 9850] loss=5.6185 feat_std=0.0083 lr=0.01123 m=0.99603
  [ep 17 step 9900] loss=5.5814 feat_std=0.0085 lr=0.01123 m=0.99603
  [ep 17 step 9950] loss=5.5353 feat_std=0.0086 lr=0.01123 m=0.99603
  [ep 17 step 10000] loss=5.5991 feat_std=0.0083 lr=0.01123 m=0.99604
  [ep 18 step 10050] loss=5.5886 feat_std=0.0086 lr=0.01123 m=0.99604
  [ep 18 step 10100] loss=5.5425 feat_std=0.0083 lr=0.01123 m=0.99604
  [ep 18 step 10150] loss=5.6113 feat_std=0.0083 lr=0.01123 m=0.99604
  [ep 18 step 10200] loss=5.5832 feat_std=0.0086 lr=0.01123 m=0.99604
  [ep 18 step 10250] loss=5.5089 feat_std=0.0084 lr=0.01123 m=0.99604
  [ep 18 step 10300] loss=5.5427 feat_std=0.0087 lr=0.01123 m=0.99604
  [ep 18 step 10350] loss=5.5880 feat_std=0.0083 lr=0.01123 m=0.99604
  [ep 18 step 10400] loss=5.5300 feat_std=0.0083 lr=0.01123 m=0.99604
  [ep 18 step 10450] loss=5.5650 feat_std=0.0083 lr=0.01122 m=0.99604
  [ep 18 step 10500] loss=5.4954 feat_std=0.0086 lr=0.01122 m=0.99604
  [ep 18 step 10550] loss=5.5478 feat_std=0.0084 lr=0.01122 m=0.99604
  [ep 18 step 10600] loss=5.5381 feat_std=0.0086 lr=0.01122 m=0.99604
  [ep 19 step 10650] loss=5.4924 feat_std=0.0086 lr=0.01122 m=0.99604
  [ep 19 step 10700] loss=5.4948 feat_std=0.0085 lr=0.01122 m=0.99604
  [ep 19 step 10750] loss=5.4332 feat_std=0.0087 lr=0.01122 m=0.99604
  [ep 19 step 10800] loss=5.4664 feat_std=0.0088 lr=0.01122 m=0.99604
  [ep 19 step 10850] loss=5.4842 feat_std=0.0084 lr=0.01122 m=0.99604
  [ep 19 step 10900] loss=5.4613 feat_std=0.0086 lr=0.01122 m=0.99604
  [ep 19 step 10950] loss=5.4525 feat_std=0.0088 lr=0.01122 m=0.99604
  [ep 19 step 11000] loss=5.4333 feat_std=0.0086 lr=0.01122 m=0.99604
  [ep 19 step 11050] loss=5.4426 feat_std=0.0089 lr=0.01122 m=0.99604
  [ep 19 step 11100] loss=5.4165 feat_std=0.0085 lr=0.01122 m=0.99604
  [ep 19 step 11150] loss=5.4234 feat_std=0.0087 lr=0.01122 m=0.99604
  [ep 20 step 11200] loss=5.4382 feat_std=0.0086 lr=0.01122 m=0.99604
  [ep 20 step 11250] loss=5.4417 feat_std=0.0088 lr=0.01122 m=0.99604
  [ep 20 step 11300] loss=5.3604 feat_std=0.0088 lr=0.01122 m=0.99604
  [ep 20 step 11350] loss=5.4285 feat_std=0.0087 lr=0.01121 m=0.99605
  [ep 20 step 11400] loss=5.3922 feat_std=0.0086 lr=0.01121 m=0.99605
  [ep 20 step 11450] loss=5.3461 feat_std=0.0088 lr=0.01121 m=0.99605
  [ep 20 step 11500] loss=5.4111 feat_std=0.0086 lr=0.01121 m=0.99605
  [ep 20 step 11550] loss=5.3506 feat_std=0.0091 lr=0.01121 m=0.99605
  [ep 20 step 11600] loss=5.3669 feat_std=0.0086 lr=0.01121 m=0.99605
  [ep 20 step 11650] loss=5.3176 feat_std=0.0088 lr=0.01121 m=0.99605
  [ep 20 step 11700] loss=5.3974 feat_std=0.0088 lr=0.01121 m=0.99605
  [ep 21 step 11750] loss=5.2779 feat_std=0.0089 lr=0.01121 m=0.99605
  [ep 21 step 11800] loss=5.3428 feat_std=0.0089 lr=0.01121 m=0.99605
  [ep 21 step 11850] loss=5.3255 feat_std=0.0089 lr=0.01121 m=0.99605
  [ep 21 step 11900] loss=5.2946 feat_std=0.0088 lr=0.01121 m=0.99605
  [ep 21 step 11950] loss=5.3365 feat_std=0.0088 lr=0.01121 m=0.99605
  [ep 21 step 12000] loss=5.3230 feat_std=0.0086 lr=0.01121 m=0.99605
  [ep 21 step 12050] loss=5.2670 feat_std=0.0089 lr=0.01121 m=0.99605
  [ep 21 step 12100] loss=5.2758 feat_std=0.0090 lr=0.01120 m=0.99605
  [ep 21 step 12150] loss=5.3354 feat_std=0.0091 lr=0.01120 m=0.99605
  [ep 21 step 12200] loss=5.2809 feat_std=0.0088 lr=0.01120 m=0.99605
  [ep 21 step 12250] loss=5.3019 feat_std=0.0090 lr=0.01120 m=0.99605
  [ep 22 step 12300] loss=5.2776 feat_std=0.0086 lr=0.01120 m=0.99605
  [ep 22 step 12350] loss=5.2423 feat_std=0.0090 lr=0.01120 m=0.99605
  [ep 22 step 12400] loss=5.2449 feat_std=0.0090 lr=0.01120 m=0.99605
  [ep 22 step 12450] loss=5.2604 feat_std=0.0089 lr=0.01120 m=0.99605
  [ep 22 step 12500] loss=5.2121 feat_std=0.0091 lr=0.01120 m=0.99605
  [ep 22 step 12550] loss=5.2262 feat_std=0.0088 lr=0.01120 m=0.99606
  [ep 22 step 12600] loss=5.2626 feat_std=0.0090 lr=0.01120 m=0.99606
  [ep 22 step 12650] loss=5.2783 feat_std=0.0089 lr=0.01120 m=0.99606
  [ep 22 step 12700] loss=5.1893 feat_std=0.0090 lr=0.01120 m=0.99606
  [ep 22 step 12750] loss=5.2067 feat_std=0.0089 lr=0.01120 m=0.99606
  [ep 22 step 12800] loss=5.2188 feat_std=0.0090 lr=0.01119 m=0.99606
  [ep 23 step 12850] loss=5.2343 feat_std=0.0090 lr=0.01119 m=0.99606
  [ep 23 step 12900] loss=5.2264 feat_std=0.0089 lr=0.01119 m=0.99606
  [ep 23 step 12950] loss=5.2161 feat_std=0.0090 lr=0.01119 m=0.99606
  [ep 23 step 13000] loss=5.1805 feat_std=0.0091 lr=0.01119 m=0.99606
  [ep 23 step 13050] loss=5.1497 feat_std=0.0092 lr=0.01119 m=0.99606
  [ep 23 step 13100] loss=5.1568 feat_std=0.0089 lr=0.01119 m=0.99606
  [ep 23 step 13150] loss=5.1889 feat_std=0.0091 lr=0.01119 m=0.99606
  [ep 23 step 13200] loss=5.1733 feat_std=0.0091 lr=0.01119 m=0.99606
  [ep 23 step 13250] loss=5.1409 feat_std=0.0091 lr=0.01119 m=0.99606
  [ep 23 step 13300] loss=5.1516 feat_std=0.0091 lr=0.01119 m=0.99606
  [ep 23 step 13350] loss=5.1237 feat_std=0.0091 lr=0.01119 m=0.99606
  [ep 24 step 13400] loss=5.1333 feat_std=0.0093 lr=0.01119 m=0.99606
  [ep 24 step 13450] loss=5.1843 feat_std=0.0091 lr=0.01118 m=0.99606
  [ep 24 step 13500] loss=5.1865 feat_std=0.0091 lr=0.01118 m=0.99606
  [ep 24 step 13550] loss=5.1312 feat_std=0.0092 lr=0.01118 m=0.99606
  [ep 24 step 13600] loss=5.1419 feat_std=0.0091 lr=0.01118 m=0.99606
  [ep 24 step 13650] loss=5.1302 feat_std=0.0093 lr=0.01118 m=0.99607
  [ep 24 step 13700] loss=5.1429 feat_std=0.0093 lr=0.01118 m=0.99607
  [ep 24 step 13750] loss=5.1148 feat_std=0.0090 lr=0.01118 m=0.99607
  [ep 24 step 13800] loss=5.0573 feat_std=0.0093 lr=0.01118 m=0.99607
  [ep 24 step 13850] loss=5.1521 feat_std=0.0094 lr=0.01118 m=0.99607
  [ep 24 step 13900] loss=5.0973 feat_std=0.0092 lr=0.01118 m=0.99607
  [ep 25 step 13950] loss=5.0879 feat_std=0.0091 lr=0.01118 m=0.99607
  [ep 25 step 14000] loss=5.1271 feat_std=0.0093 lr=0.01118 m=0.99607
  [ep 25 step 14050] loss=5.1532 feat_std=0.0091 lr=0.01117 m=0.99607
  [ep 25 step 14100] loss=5.1453 feat_std=0.0092 lr=0.01117 m=0.99607
  [ep 25 step 14150] loss=5.0767 feat_std=0.0093 lr=0.01117 m=0.99607
  [ep 25 step 14200] loss=5.0749 feat_std=0.0091 lr=0.01117 m=0.99607
  [ep 25 step 14250] loss=5.0677 feat_std=0.0091 lr=0.01117 m=0.99607
  [ep 25 step 14300] loss=5.0203 feat_std=0.0092 lr=0.01117 m=0.99607
  [ep 25 step 14350] loss=5.0891 feat_std=0.0093 lr=0.01117 m=0.99607
  [ep 25 step 14400] loss=5.0540 feat_std=0.0091 lr=0.01117 m=0.99607
  [ep 25 step 14450] loss=5.0460 feat_std=0.0093 lr=0.01117 m=0.99607
  [ep 25 step 14500] loss=5.0737 feat_std=0.0093 lr=0.01117 m=0.99607
  [ep 26 step 14550] loss=5.0364 feat_std=0.0094 lr=0.01116 m=0.99607
  [ep 26 step 14600] loss=5.0662 feat_std=0.0092 lr=0.01116 m=0.99607
  [ep 26 step 14650] loss=5.0489 feat_std=0.0094 lr=0.01116 m=0.99608
  [ep 26 step 14700] loss=5.0743 feat_std=0.0091 lr=0.01116 m=0.99608
  [ep 26 step 14750] loss=5.0679 feat_std=0.0092 lr=0.01116 m=0.99608
  [ep 26 step 14800] loss=5.0279 feat_std=0.0095 lr=0.01116 m=0.99608
  [ep 26 step 14850] loss=5.0384 feat_std=0.0093 lr=0.01116 m=0.99608
  [ep 26 step 14900] loss=5.0305 feat_std=0.0094 lr=0.01116 m=0.99608
  [ep 26 step 14950] loss=5.0483 feat_std=0.0094 lr=0.01116 m=0.99608
  [ep 26 step 15000] loss=5.0773 feat_std=0.0094 lr=0.01116 m=0.99608
  [ep 26 step 15050] loss=4.9912 feat_std=0.0091 lr=0.01116 m=0.99608
  [ep 27 step 15100] loss=4.9994 feat_std=0.0093 lr=0.01115 m=0.99608
  [ep 27 step 15150] loss=5.0110 feat_std=0.0092 lr=0.01115 m=0.99608
  [ep 27 step 15200] loss=5.0257 feat_std=0.0096 lr=0.01115 m=0.99608
  [ep 27 step 15250] loss=5.0060 feat_std=0.0093 lr=0.01115 m=0.99608
  [ep 27 step 15300] loss=5.0010 feat_std=0.0092 lr=0.01115 m=0.99608
  [ep 27 step 15350] loss=4.9951 feat_std=0.0093 lr=0.01115 m=0.99608
  [ep 27 step 15400] loss=5.0242 feat_std=0.0096 lr=0.01115 m=0.99608
  [ep 27 step 15450] loss=5.0012 feat_std=0.0095 lr=0.01115 m=0.99608
  [ep 27 step 15500] loss=4.9711 feat_std=0.0095 lr=0.01115 m=0.99608
  [ep 27 step 15550] loss=4.9682 feat_std=0.0093 lr=0.01114 m=0.99608
  [ep 27 step 15600] loss=4.9716 feat_std=0.0095 lr=0.01114 m=0.99609
  [ep 28 step 15650] loss=4.9930 feat_std=0.0095 lr=0.01114 m=0.99609
  [ep 28 step 15700] loss=4.9590 feat_std=0.0095 lr=0.01114 m=0.99609
  [ep 28 step 15750] loss=5.0250 feat_std=0.0095 lr=0.01114 m=0.99609
  [ep 28 step 15800] loss=4.9488 feat_std=0.0095 lr=0.01114 m=0.99609
  [ep 28 step 15850] loss=4.9424 feat_std=0.0091 lr=0.01114 m=0.99609
  [ep 28 step 15900] loss=4.9601 feat_std=0.0096 lr=0.01114 m=0.99609
  [ep 28 step 15950] loss=4.9593 feat_std=0.0094 lr=0.01114 m=0.99609
  [ep 28 step 16000] loss=4.9209 feat_std=0.0094 lr=0.01114 m=0.99609
  [ep 28 step 16050] loss=4.9441 feat_std=0.0096 lr=0.01113 m=0.99609
  [ep 28 step 16100] loss=4.9346 feat_std=0.0095 lr=0.01113 m=0.99609
  [ep 28 step 16150] loss=4.9709 feat_std=0.0095 lr=0.01113 m=0.99609
  [ep 29 step 16200] loss=4.9650 feat_std=0.0096 lr=0.01113 m=0.99609
  [ep 29 step 16250] loss=4.9637 feat_std=0.0096 lr=0.01113 m=0.99609
  [ep 29 step 16300] loss=4.9516 feat_std=0.0095 lr=0.01113 m=0.99609
  [ep 29 step 16350] loss=4.9259 feat_std=0.0095 lr=0.01113 m=0.99609
  [ep 29 step 16400] loss=4.9393 feat_std=0.0094 lr=0.01113 m=0.99609
  [ep 29 step 16450] loss=5.0061 feat_std=0.0095 lr=0.01113 m=0.99609
  [ep 29 step 16500] loss=4.9485 feat_std=0.0095 lr=0.01112 m=0.99610
  [ep 29 step 16550] loss=4.9160 feat_std=0.0097 lr=0.01112 m=0.99610
  [ep 29 step 16600] loss=4.9531 feat_std=0.0095 lr=0.01112 m=0.99610
  [ep 29 step 16650] loss=4.9064 feat_std=0.0094 lr=0.01112 m=0.99610
  [ep 29 step 16700] loss=4.9239 feat_std=0.0096 lr=0.01112 m=0.99610
  [ep 30 step 16750] loss=4.9165 feat_std=0.0097 lr=0.01112 m=0.99610
  [ep 30 step 16800] loss=4.9257 feat_std=0.0097 lr=0.01112 m=0.99610
  [ep 30 step 16850] loss=4.9531 feat_std=0.0095 lr=0.01112 m=0.99610
  [ep 30 step 16900] loss=4.9418 feat_std=0.0095 lr=0.01111 m=0.99610
  [ep 30 step 16950] loss=4.9109 feat_std=0.0095 lr=0.01111 m=0.99610
  [ep 30 step 17000] loss=4.9393 feat_std=0.0098 lr=0.01111 m=0.99610
  [ep 30 step 17050] loss=4.8819 feat_std=0.0097 lr=0.01111 m=0.99610
  [ep 30 step 17100] loss=4.8996 feat_std=0.0097 lr=0.01111 m=0.99610
  [ep 30 step 17150] loss=4.9028 feat_std=0.0097 lr=0.01111 m=0.99610
  [ep 30 step 17200] loss=4.8980 feat_std=0.0098 lr=0.01111 m=0.99610
  [ep 30 step 17250] loss=4.9003 feat_std=0.0095 lr=0.01111 m=0.99610
  [ep 31 step 17300] loss=4.9125 feat_std=0.0097 lr=0.01111 m=0.99610
  [ep 31 step 17350] loss=4.8722 feat_std=0.0098 lr=0.01110 m=0.99611
  [ep 31 step 17400] loss=4.8773 feat_std=0.0099 lr=0.01110 m=0.99611
  [ep 31 step 17450] loss=4.8592 feat_std=0.0097 lr=0.01110 m=0.99611
  [ep 31 step 17500] loss=4.8892 feat_std=0.0098 lr=0.01110 m=0.99611
  [ep 31 step 17550] loss=4.8621 feat_std=0.0096 lr=0.01110 m=0.99611
  [ep 31 step 17600] loss=4.8660 feat_std=0.0096 lr=0.01110 m=0.99611
  [ep 31 step 17650] loss=4.8526 feat_std=0.0097 lr=0.01110 m=0.99611
  [ep 31 step 17700] loss=4.8417 feat_std=0.0096 lr=0.01110 m=0.99611
  [ep 31 step 17750] loss=4.8591 feat_std=0.0095 lr=0.01109 m=0.99611
  [ep 31 step 17800] loss=4.8452 feat_std=0.0099 lr=0.01109 m=0.99611
  [ep 31 step 17850] loss=4.8702 feat_std=0.0096 lr=0.01109 m=0.99611
  [ep 32 step 17900] loss=4.8679 feat_std=0.0097 lr=0.01109 m=0.99611
  [ep 32 step 17950] loss=4.8688 feat_std=0.0098 lr=0.01109 m=0.99611
  [ep 32 step 18000] loss=4.8480 feat_std=0.0097 lr=0.01109 m=0.99611
  [ep 32 step 18050] loss=4.8477 feat_std=0.0098 lr=0.01109 m=0.99611
  [ep 32 step 18100] loss=4.8225 feat_std=0.0099 lr=0.01108 m=0.99611
  [ep 32 step 18150] loss=4.8671 feat_std=0.0097 lr=0.01108 m=0.99611
  [ep 32 step 18200] loss=4.8589 feat_std=0.0097 lr=0.01108 m=0.99612
  [ep 32 step 18250] loss=4.8204 feat_std=0.0096 lr=0.01108 m=0.99612
  [ep 32 step 18300] loss=4.8327 feat_std=0.0099 lr=0.01108 m=0.99612
  [ep 32 step 18350] loss=4.8122 feat_std=0.0098 lr=0.01108 m=0.99612
  [ep 32 step 18400] loss=4.8126 feat_std=0.0097 lr=0.01108 m=0.99612
  [ep 33 step 18450] loss=4.8381 feat_std=0.0097 lr=0.01108 m=0.99612
  [ep 33 step 18500] loss=4.8074 feat_std=0.0097 lr=0.01107 m=0.99612
  [ep 33 step 18550] loss=4.8232 feat_std=0.0099 lr=0.01107 m=0.99612
  [ep 33 step 18600] loss=4.8508 feat_std=0.0096 lr=0.01107 m=0.99612
  [ep 33 step 18650] loss=4.7910 feat_std=0.0100 lr=0.01107 m=0.99612
  [ep 33 step 18700] loss=4.8354 feat_std=0.0097 lr=0.01107 m=0.99612
  [ep 33 step 18750] loss=4.7998 feat_std=0.0098 lr=0.01107 m=0.99612
  [ep 33 step 18800] loss=4.8076 feat_std=0.0099 lr=0.01107 m=0.99612
  [ep 33 step 18850] loss=4.8258 feat_std=0.0098 lr=0.01106 m=0.99612
  [ep 33 step 18900] loss=4.8233 feat_std=0.0098 lr=0.01106 m=0.99612
  [ep 33 step 18950] loss=4.8151 feat_std=0.0097 lr=0.01106 m=0.99613
  [ep 34 step 19000] loss=4.8051 feat_std=0.0098 lr=0.01106 m=0.99613
  [ep 34 step 19050] loss=4.8106 feat_std=0.0097 lr=0.01106 m=0.99613
  [ep 34 step 19100] loss=4.7855 feat_std=0.0098 lr=0.01106 m=0.99613
  [ep 34 step 19150] loss=4.8233 feat_std=0.0096 lr=0.01106 m=0.99613
  [ep 34 step 19200] loss=4.7774 feat_std=0.0100 lr=0.01105 m=0.99613
  [ep 34 step 19250] loss=4.8032 feat_std=0.0099 lr=0.01105 m=0.99613
  [ep 34 step 19300] loss=4.7936 feat_std=0.0098 lr=0.01105 m=0.99613
  [ep 34 step 19350] loss=4.7850 feat_std=0.0099 lr=0.01105 m=0.99613
  [ep 34 step 19400] loss=4.8000 feat_std=0.0099 lr=0.01105 m=0.99613
  [ep 34 step 19450] loss=4.8019 feat_std=0.0098 lr=0.01105 m=0.99613
  [ep 34 step 19500] loss=4.7667 feat_std=0.0100 lr=0.01105 m=0.99613
  [ep 35 step 19550] loss=4.7747 feat_std=0.0098 lr=0.01104 m=0.99613
  [ep 35 step 19600] loss=4.7749 feat_std=0.0101 lr=0.01104 m=0.99613
  [ep 35 step 19650] loss=4.7566 feat_std=0.0098 lr=0.01104 m=0.99613
  [ep 35 step 19700] loss=4.7984 feat_std=0.0099 lr=0.01104 m=0.99614
  [ep 35 step 19750] loss=4.7623 feat_std=0.0098 lr=0.01104 m=0.99614
  [ep 35 step 19800] loss=4.7929 feat_std=0.0100 lr=0.01104 m=0.99614
  [ep 35 step 19850] loss=4.7820 feat_std=0.0099 lr=0.01104 m=0.99614
  [ep 35 step 19900] loss=4.7424 feat_std=0.0100 lr=0.01103 m=0.99614
  [ep 35 step 19950] loss=4.7855 feat_std=0.0098 lr=0.01103 m=0.99614
  [ep 35 step 20000] loss=4.7754 feat_std=0.0100 lr=0.01103 m=0.99614
  [ep 35 step 20050] loss=4.8145 feat_std=0.0098 lr=0.01103 m=0.99614
  [ep 36 step 20100] loss=4.7645 feat_std=0.0098 lr=0.01103 m=0.99614
  [ep 36 step 20150] loss=4.7688 feat_std=0.0099 lr=0.01103 m=0.99614
  [ep 36 step 20200] loss=4.7500 feat_std=0.0101 lr=0.01102 m=0.99614
  [ep 36 step 20250] loss=4.7788 feat_std=0.0099 lr=0.01102 m=0.99614
  [ep 36 step 20300] loss=4.7457 feat_std=0.0099 lr=0.01102 m=0.99614
  [ep 36 step 20350] loss=4.7874 feat_std=0.0099 lr=0.01102 m=0.99614
  [ep 36 step 20400] loss=4.7698 feat_std=0.0098 lr=0.01102 m=0.99614
  [ep 36 step 20450] loss=4.7793 feat_std=0.0099 lr=0.01102 m=0.99615
  [ep 36 step 20500] loss=4.7365 feat_std=0.0099 lr=0.01102 m=0.99615
  [ep 36 step 20550] loss=4.7796 feat_std=0.0097 lr=0.01101 m=0.99615
  [ep 36 step 20600] loss=4.7498 feat_std=0.0098 lr=0.01101 m=0.99615
  [ep 37 step 20650] loss=4.7405 feat_std=0.0100 lr=0.01101 m=0.99615
  [ep 37 step 20700] loss=4.7420 feat_std=0.0101 lr=0.01101 m=0.99615
  [ep 37 step 20750] loss=4.7529 feat_std=0.0101 lr=0.01101 m=0.99615
  [ep 37 step 20800] loss=4.7240 feat_std=0.0099 lr=0.01101 m=0.99615
  [ep 37 step 20850] loss=4.7459 feat_std=0.0099 lr=0.01100 m=0.99615
  [ep 37 step 20900] loss=4.7431 feat_std=0.0098 lr=0.01100 m=0.99615
  [ep 37 step 20950] loss=4.7093 feat_std=0.0098 lr=0.01100 m=0.99615
  [ep 37 step 21000] loss=4.7395 feat_std=0.0103 lr=0.01100 m=0.99615
  [ep 37 step 21050] loss=4.7075 feat_std=0.0100 lr=0.01100 m=0.99615
  [ep 37 step 21100] loss=4.7269 feat_std=0.0100 lr=0.01100 m=0.99615
  [ep 37 step 21150] loss=4.7649 feat_std=0.0101 lr=0.01099 m=0.99616
  [ep 37 step 21200] loss=4.7214 feat_std=0.0100 lr=0.01099 m=0.99616
  [ep 38 step 21250] loss=4.7341 feat_std=0.0100 lr=0.01099 m=0.99616
  [ep 38 step 21300] loss=4.7696 feat_std=0.0099 lr=0.01099 m=0.99616
  [ep 38 step 21350] loss=4.6962 feat_std=0.0100 lr=0.01099 m=0.99616
  [ep 38 step 21400] loss=4.7257 feat_std=0.0101 lr=0.01099 m=0.99616
  [ep 38 step 21450] loss=4.7092 feat_std=0.0098 lr=0.01099 m=0.99616
  [ep 38 step 21500] loss=4.7341 feat_std=0.0102 lr=0.01098 m=0.99616
  [ep 38 step 21550] loss=4.7391 feat_std=0.0100 lr=0.01098 m=0.99616
  [ep 38 step 21600] loss=4.7277 feat_std=0.0100 lr=0.01098 m=0.99616
  [ep 38 step 21650] loss=4.7474 feat_std=0.0101 lr=0.01098 m=0.99616
  [ep 38 step 21700] loss=4.7379 feat_std=0.0100 lr=0.01098 m=0.99616
  [ep 38 step 21750] loss=4.6735 feat_std=0.0100 lr=0.01098 m=0.99616
  [ep 39 step 21800] loss=4.7122 feat_std=0.0102 lr=0.01097 m=0.99617
  [ep 39 step 21850] loss=4.7072 feat_std=0.0100 lr=0.01097 m=0.99617
  [ep 39 step 21900] loss=4.7005 feat_std=0.0103 lr=0.01097 m=0.99617
  [ep 39 step 21950] loss=4.7287 feat_std=0.0101 lr=0.01097 m=0.99617
  [ep 39 step 22000] loss=4.7190 feat_std=0.0100 lr=0.01097 m=0.99617
  [ep 39 step 22050] loss=4.7037 feat_std=0.0101 lr=0.01096 m=0.99617
  [ep 39 step 22100] loss=4.6877 feat_std=0.0102 lr=0.01096 m=0.99617
  [ep 39 step 22150] loss=4.6791 feat_std=0.0101 lr=0.01096 m=0.99617
  [ep 39 step 22200] loss=4.7126 feat_std=0.0103 lr=0.01096 m=0.99617
  [ep 39 step 22250] loss=4.6961 feat_std=0.0102 lr=0.01096 m=0.99617
  [ep 39 step 22300] loss=4.6806 feat_std=0.0103 lr=0.01096 m=0.99617
  [ep 40 step 22350] loss=4.6720 feat_std=0.0102 lr=0.01095 m=0.99617
  [ep 40 step 22400] loss=4.7092 feat_std=0.0100 lr=0.01095 m=0.99617
  [ep 40 step 22450] loss=4.6806 feat_std=0.0101 lr=0.01095 m=0.99617
  [ep 40 step 22500] loss=4.6851 feat_std=0.0103 lr=0.01095 m=0.99618
  [ep 40 step 22550] loss=4.6945 feat_std=0.0100 lr=0.01095 m=0.99618
  [ep 40 step 22600] loss=4.6977 feat_std=0.0102 lr=0.01095 m=0.99618
  [ep 40 step 22650] loss=4.6908 feat_std=0.0103 lr=0.01094 m=0.99618
  [ep 40 step 22700] loss=4.6948 feat_std=0.0102 lr=0.01094 m=0.99618
  [ep 40 step 22750] loss=4.6800 feat_std=0.0102 lr=0.01094 m=0.99618
  [ep 40 step 22800] loss=4.7031 feat_std=0.0102 lr=0.01094 m=0.99618
  [ep 40 step 22850] loss=4.7086 feat_std=0.0100 lr=0.01094 m=0.99618
  [ep 41 step 22900] loss=4.6655 feat_std=0.0102 lr=0.01093 m=0.99618
  [ep 41 step 22950] loss=4.6972 feat_std=0.0102 lr=0.01093 m=0.99618
  [ep 41 step 23000] loss=4.6792 feat_std=0.0101 lr=0.01093 m=0.99618
  [ep 41 step 23050] loss=4.7086 feat_std=0.0101 lr=0.01093 m=0.99618
  [ep 41 step 23100] loss=4.6577 feat_std=0.0103 lr=0.01093 m=0.99619
  [ep 41 step 23150] loss=4.6792 feat_std=0.0103 lr=0.01093 m=0.99619
  [ep 41 step 23200] loss=4.6880 feat_std=0.0101 lr=0.01092 m=0.99619
  [ep 41 step 23250] loss=4.6875 feat_std=0.0105 lr=0.01092 m=0.99619
  [ep 41 step 23300] loss=4.6717 feat_std=0.0102 lr=0.01092 m=0.99619
  [ep 41 step 23350] loss=4.6697 feat_std=0.0103 lr=0.01092 m=0.99619
  [ep 41 step 23400] loss=4.6555 feat_std=0.0101 lr=0.01092 m=0.99619
  [ep 42 step 23450] loss=4.6587 feat_std=0.0101 lr=0.01091 m=0.99619
  [ep 42 step 23500] loss=4.6414 feat_std=0.0103 lr=0.01091 m=0.99619
  [ep 42 step 23550] loss=4.6384 feat_std=0.0103 lr=0.01091 m=0.99619
  [ep 42 step 23600] loss=4.6652 feat_std=0.0101 lr=0.01091 m=0.99619
  [ep 42 step 23650] loss=4.6548 feat_std=0.0102 lr=0.01091 m=0.99619
  [ep 42 step 23700] loss=4.6659 feat_std=0.0101 lr=0.01091 m=0.99619
  [ep 42 step 23750] loss=4.6567 feat_std=0.0102 lr=0.01090 m=0.99620
  [ep 42 step 23800] loss=4.6343 feat_std=0.0102 lr=0.01090 m=0.99620
  [ep 42 step 23850] loss=4.6362 feat_std=0.0102 lr=0.01090 m=0.99620
  [ep 42 step 23900] loss=4.6365 feat_std=0.0103 lr=0.01090 m=0.99620
  [ep 42 step 23950] loss=4.6567 feat_std=0.0103 lr=0.01090 m=0.99620
  [ep 43 step 24000] loss=4.6610 feat_std=0.0105 lr=0.01089 m=0.99620
  [ep 43 step 24050] loss=4.6911 feat_std=0.0101 lr=0.01089 m=0.99620
  [ep 43 step 24100] loss=4.6423 feat_std=0.0103 lr=0.01089 m=0.99620
  [ep 43 step 24150] loss=4.6322 feat_std=0.0103 lr=0.01089 m=0.99620
  [ep 43 step 24200] loss=4.6724 feat_std=0.0102 lr=0.01089 m=0.99620
  [ep 43 step 24250] loss=4.6358 feat_std=0.0103 lr=0.01088 m=0.99620
  [ep 43 step 24300] loss=4.6544 feat_std=0.0103 lr=0.01088 m=0.99620
  [ep 43 step 24350] loss=4.6358 feat_std=0.0103 lr=0.01088 m=0.99621
  [ep 43 step 24400] loss=4.6378 feat_std=0.0104 lr=0.01088 m=0.99621
  [ep 43 step 24450] loss=4.6381 feat_std=0.0105 lr=0.01088 m=0.99621
  [ep 43 step 24500] loss=4.6567 feat_std=0.0103 lr=0.01087 m=0.99621
  [ep 43 step 24550] loss=4.6520 feat_std=0.0103 lr=0.01087 m=0.99621
  [ep 44 step 24600] loss=4.6660 feat_std=0.0101 lr=0.01087 m=0.99621
  [ep 44 step 24650] loss=4.6607 feat_std=0.0102 lr=0.01087 m=0.99621
  [ep 44 step 24700] loss=4.6364 feat_std=0.0103 lr=0.01087 m=0.99621
  [ep 44 step 24750] loss=4.6215 feat_std=0.0104 lr=0.01086 m=0.99621
  [ep 44 step 24800] loss=4.6479 feat_std=0.0104 lr=0.01086 m=0.99621
  [ep 44 step 24850] loss=4.6375 feat_std=0.0104 lr=0.01086 m=0.99621
  [ep 44 step 24900] loss=4.6191 feat_std=0.0104 lr=0.01086 m=0.99621
  [ep 44 step 24950] loss=4.6279 feat_std=0.0105 lr=0.01086 m=0.99622
  [ep 44 step 25000] loss=4.6107 feat_std=0.0104 lr=0.01085 m=0.99622
  [ep 44 step 25050] loss=4.6248 feat_std=0.0103 lr=0.01085 m=0.99622
  [ep 44 step 25100] loss=4.6674 feat_std=0.0105 lr=0.01085 m=0.99622
  [ep 45 step 25150] loss=4.6425 feat_std=0.0104 lr=0.01085 m=0.99622
  [ep 45 step 25200] loss=4.6527 feat_std=0.0104 lr=0.01085 m=0.99622
  [ep 45 step 25250] loss=4.6196 feat_std=0.0103 lr=0.01084 m=0.99622
  [ep 45 step 25300] loss=4.6154 feat_std=0.0102 lr=0.01084 m=0.99622
  [ep 45 step 25350] loss=4.6357 feat_std=0.0104 lr=0.01084 m=0.99622
  [ep 45 step 25400] loss=4.5922 feat_std=0.0103 lr=0.01084 m=0.99622
  [ep 45 step 25450] loss=4.6060 feat_std=0.0102 lr=0.01084 m=0.99622
  [ep 45 step 25500] loss=4.6198 feat_std=0.0103 lr=0.01083 m=0.99622
  [ep 45 step 25550] loss=4.6068 feat_std=0.0104 lr=0.01083 m=0.99623
  [ep 45 step 25600] loss=4.6049 feat_std=0.0102 lr=0.01083 m=0.99623
  [ep 45 step 25650] loss=4.6209 feat_std=0.0103 lr=0.01083 m=0.99623
  [ep 46 step 25700] loss=4.6025 feat_std=0.0105 lr=0.01083 m=0.99623
  [ep 46 step 25750] loss=4.6227 feat_std=0.0104 lr=0.01082 m=0.99623
  [ep 46 step 25800] loss=4.5917 feat_std=0.0104 lr=0.01082 m=0.99623
  [ep 46 step 25850] loss=4.5897 feat_std=0.0102 lr=0.01082 m=0.99623
  [ep 46 step 25900] loss=4.5992 feat_std=0.0105 lr=0.01082 m=0.99623
  [ep 46 step 25950] loss=4.5882 feat_std=0.0103 lr=0.01082 m=0.99623
  [ep 46 step 26000] loss=4.6199 feat_std=0.0103 lr=0.01081 m=0.99623
  [ep 46 step 26050] loss=4.6080 feat_std=0.0105 lr=0.01081 m=0.99623
  [ep 46 step 26100] loss=4.5985 feat_std=0.0104 lr=0.01081 m=0.99624
  [ep 46 step 26150] loss=4.6017 feat_std=0.0106 lr=0.01081 m=0.99624
  [ep 46 step 26200] loss=4.5993 feat_std=0.0103 lr=0.01081 m=0.99624
  [ep 47 step 26250] loss=4.5703 feat_std=0.0105 lr=0.01080 m=0.99624
  [ep 47 step 26300] loss=4.5868 feat_std=0.0104 lr=0.01080 m=0.99624
  [ep 47 step 26350] loss=4.6188 feat_std=0.0104 lr=0.01080 m=0.99624
  [ep 47 step 26400] loss=4.6038 feat_std=0.0104 lr=0.01080 m=0.99624
  [ep 47 step 26450] loss=4.5940 feat_std=0.0103 lr=0.01079 m=0.99624
  [ep 47 step 26500] loss=4.5707 feat_std=0.0105 lr=0.01079 m=0.99624
  [ep 47 step 26550] loss=4.6127 feat_std=0.0104 lr=0.01079 m=0.99624
  [ep 47 step 26600] loss=4.5685 feat_std=0.0104 lr=0.01079 m=0.99624
  [ep 47 step 26650] loss=4.6211 feat_std=0.0103 lr=0.01079 m=0.99624
  [ep 47 step 26700] loss=4.5880 feat_std=0.0102 lr=0.01078 m=0.99625
  [ep 47 step 26750] loss=4.5979 feat_std=0.0105 lr=0.01078 m=0.99625
  [ep 48 step 26800] loss=4.5913 feat_std=0.0104 lr=0.01078 m=0.99625
  [ep 48 step 26850] loss=4.6057 feat_std=0.0103 lr=0.01078 m=0.99625
  [ep 48 step 26900] loss=4.5750 feat_std=0.0105 lr=0.01078 m=0.99625
  [ep 48 step 26950] loss=4.5692 feat_std=0.0105 lr=0.01077 m=0.99625
  [ep 48 step 27000] loss=4.5745 feat_std=0.0105 lr=0.01077 m=0.99625
  [ep 48 step 27050] loss=4.5828 feat_std=0.0104 lr=0.01077 m=0.99625
  [ep 48 step 27100] loss=4.6267 feat_std=0.0107 lr=0.01077 m=0.99625
  [ep 48 step 27150] loss=4.5994 feat_std=0.0106 lr=0.01076 m=0.99625
  [ep 48 step 27200] loss=4.5855 feat_std=0.0103 lr=0.01076 m=0.99625
  [ep 48 step 27250] loss=4.5892 feat_std=0.0106 lr=0.01076 m=0.99626
  [ep 48 step 27300] loss=4.5714 feat_std=0.0105 lr=0.01076 m=0.99626
  [ep 49 step 27350] loss=4.5614 feat_std=0.0104 lr=0.01076 m=0.99626
  [ep 49 step 27400] loss=4.5741 feat_std=0.0104 lr=0.01075 m=0.99626
  [ep 49 step 27450] loss=4.5663 feat_std=0.0104 lr=0.01075 m=0.99626
  [ep 49 step 27500] loss=4.5905 feat_std=0.0104 lr=0.01075 m=0.99626
  [ep 49 step 27550] loss=4.5540 feat_std=0.0106 lr=0.01075 m=0.99626
  [ep 49 step 27600] loss=4.5869 feat_std=0.0105 lr=0.01074 m=0.99626
  [ep 49 step 27650] loss=4.5648 feat_std=0.0105 lr=0.01074 m=0.99626
  [ep 49 step 27700] loss=4.5842 feat_std=0.0105 lr=0.01074 m=0.99626
  [ep 49 step 27750] loss=4.5745 feat_std=0.0106 lr=0.01074 m=0.99627
  [ep 49 step 27800] loss=4.5713 feat_std=0.0104 lr=0.01073 m=0.99627
  [ep 49 step 27850] loss=4.5703 feat_std=0.0106 lr=0.01073 m=0.99627
  [ep 50 step 27900] loss=4.5860 feat_std=0.0106 lr=0.01073 m=0.99627
  [ep 50 step 27950] loss=4.5584 feat_std=0.0104 lr=0.01073 m=0.99627
  [ep 50 step 28000] loss=4.5770 feat_std=0.0105 lr=0.01073 m=0.99627
  [ep 50 step 28050] loss=4.5572 feat_std=0.0104 lr=0.01072 m=0.99627
  [ep 50 step 28100] loss=4.5535 feat_std=0.0103 lr=0.01072 m=0.99627
  [ep 50 step 28150] loss=4.5690 feat_std=0.0104 lr=0.01072 m=0.99627
  [ep 50 step 28200] loss=4.5498 feat_std=0.0105 lr=0.01072 m=0.99627
  [ep 50 step 28250] loss=4.5657 feat_std=0.0106 lr=0.01071 m=0.99627
  [ep 50 step 28300] loss=4.5717 feat_std=0.0104 lr=0.01071 m=0.99628
  [ep 50 step 28350] loss=4.5638 feat_std=0.0104 lr=0.01071 m=0.99628
  [ep 50 step 28400] loss=4.5338 feat_std=0.0107 lr=0.01071 m=0.99628
  [ep 50 step 28450] loss=4.5444 feat_std=0.0106 lr=0.01070 m=0.99628
  [ep 51 step 28500] loss=4.5576 feat_std=0.0105 lr=0.01070 m=0.99628
  [ep 51 step 28550] loss=4.5598 feat_std=0.0105 lr=0.01070 m=0.99628
  [ep 51 step 28600] loss=4.5498 feat_std=0.0106 lr=0.01070 m=0.99628
  [ep 51 step 28650] loss=4.5593 feat_std=0.0104 lr=0.01070 m=0.99628
  [ep 51 step 28700] loss=4.5650 feat_std=0.0107 lr=0.01069 m=0.99628
  [ep 51 step 28750] loss=4.5513 feat_std=0.0107 lr=0.01069 m=0.99628
  [ep 51 step 28800] loss=4.5761 feat_std=0.0107 lr=0.01069 m=0.99629
  [ep 51 step 28850] loss=4.5646 feat_std=0.0106 lr=0.01069 m=0.99629
  [ep 51 step 28900] loss=4.5356 feat_std=0.0106 lr=0.01068 m=0.99629
  [ep 51 step 28950] loss=4.5348 feat_std=0.0106 lr=0.01068 m=0.99629
  [ep 51 step 29000] loss=4.5572 feat_std=0.0106 lr=0.01068 m=0.99629
  [ep 52 step 29050] loss=4.5584 feat_std=0.0107 lr=0.01068 m=0.99629
  [ep 52 step 29100] loss=4.5674 feat_std=0.0106 lr=0.01067 m=0.99629
  [ep 52 step 29150] loss=4.5628 feat_std=0.0107 lr=0.01067 m=0.99629
  [ep 52 step 29200] loss=4.5656 feat_std=0.0105 lr=0.01067 m=0.99629
  [ep 52 step 29250] loss=4.5310 feat_std=0.0107 lr=0.01067 m=0.99629
  [ep 52 step 29300] loss=4.5528 feat_std=0.0106 lr=0.01066 m=0.99629
  [ep 52 step 29350] loss=4.5452 feat_std=0.0106 lr=0.01066 m=0.99630
  [ep 52 step 29400] loss=4.5327 feat_std=0.0106 lr=0.01066 m=0.99630
  [ep 52 step 29450] loss=4.5264 feat_std=0.0108 lr=0.01066 m=0.99630
  [ep 52 step 29500] loss=4.5470 feat_std=0.0106 lr=0.01065 m=0.99630
  [ep 52 step 29550] loss=4.5329 feat_std=0.0107 lr=0.01065 m=0.99630
  [ep 53 step 29600] loss=4.5444 feat_std=0.0105 lr=0.01065 m=0.99630
  [ep 53 step 29650] loss=4.5583 feat_std=0.0107 lr=0.01065 m=0.99630
  [ep 53 step 29700] loss=4.5298 feat_std=0.0106 lr=0.01064 m=0.99630
  [ep 53 step 29750] loss=4.5212 feat_std=0.0106 lr=0.01064 m=0.99630
  [ep 53 step 29800] loss=4.5300 feat_std=0.0107 lr=0.01064 m=0.99630
  [ep 53 step 29850] loss=4.5329 feat_std=0.0107 lr=0.01064 m=0.99631
  [ep 53 step 29900] loss=4.5456 feat_std=0.0106 lr=0.01063 m=0.99631
  [ep 53 step 29950] loss=4.5573 feat_std=0.0107 lr=0.01063 m=0.99631
  [ep 53 step 30000] loss=4.5086 feat_std=0.0107 lr=0.01063 m=0.99631
  [ep 53 step 30050] loss=4.5078 feat_std=0.0106 lr=0.01063 m=0.99631
  [ep 53 step 30100] loss=4.5376 feat_std=0.0107 lr=0.01062 m=0.99631
  [ep 54 step 30150] loss=4.5275 feat_std=0.0105 lr=0.01062 m=0.99631
  [ep 54 step 30200] loss=4.5644 feat_std=0.0106 lr=0.01062 m=0.99631
  [ep 54 step 30250] loss=4.5265 feat_std=0.0108 lr=0.01062 m=0.99631
  [ep 54 step 30300] loss=4.5403 feat_std=0.0107 lr=0.01061 m=0.99631
  [ep 54 step 30350] loss=4.5543 feat_std=0.0107 lr=0.01061 m=0.99632
  [ep 54 step 30400] loss=4.5279 feat_std=0.0107 lr=0.01061 m=0.99632
  [ep 54 step 30450] loss=4.5656 feat_std=0.0107 lr=0.01061 m=0.99632
  [ep 54 step 30500] loss=4.5207 feat_std=0.0107 lr=0.01060 m=0.99632
  [ep 54 step 30550] loss=4.5241 feat_std=0.0108 lr=0.01060 m=0.99632
  [ep 54 step 30600] loss=4.5040 feat_std=0.0106 lr=0.01060 m=0.99632
  [ep 54 step 30650] loss=4.5730 feat_std=0.0107 lr=0.01060 m=0.99632
  [ep 55 step 30700] loss=4.5272 feat_std=0.0106 lr=0.01059 m=0.99632
  [ep 55 step 30750] loss=4.5340 feat_std=0.0106 lr=0.01059 m=0.99632
  [ep 55 step 30800] loss=4.5298 feat_std=0.0107 lr=0.01059 m=0.99632
  [ep 55 step 30850] loss=4.5761 feat_std=0.0107 lr=0.01059 m=0.99633
  [ep 55 step 30900] loss=4.5245 feat_std=0.0106 lr=0.01058 m=0.99633
  [ep 55 step 30950] loss=4.5383 feat_std=0.0108 lr=0.01058 m=0.99633
  [ep 55 step 31000] loss=4.5130 feat_std=0.0107 lr=0.01058 m=0.99633
  [ep 55 step 31050] loss=4.5339 feat_std=0.0107 lr=0.01058 m=0.99633
  [ep 55 step 31100] loss=4.5238 feat_std=0.0108 lr=0.01057 m=0.99633
  [ep 55 step 31150] loss=4.5260 feat_std=0.0107 lr=0.01057 m=0.99633
  [ep 55 step 31200] loss=4.5302 feat_std=0.0108 lr=0.01057 m=0.99633
  [ep 56 step 31250] loss=4.5172 feat_std=0.0108 lr=0.01057 m=0.99633
  [ep 56 step 31300] loss=4.5353 feat_std=0.0107 lr=0.01056 m=0.99634
  [ep 56 step 31350] loss=4.5066 feat_std=0.0107 lr=0.01056 m=0.99634
  [ep 56 step 31400] loss=4.5240 feat_std=0.0106 lr=0.01056 m=0.99634
  [ep 56 step 31450] loss=4.4947 feat_std=0.0107 lr=0.01056 m=0.99634
  [ep 56 step 31500] loss=4.5138 feat_std=0.0107 lr=0.01055 m=0.99634
  [ep 56 step 31550] loss=4.5277 feat_std=0.0108 lr=0.01055 m=0.99634
  [ep 56 step 31600] loss=4.5161 feat_std=0.0106 lr=0.01055 m=0.99634
  [ep 56 step 31650] loss=4.5153 feat_std=0.0109 lr=0.01054 m=0.99634
  [ep 56 step 31700] loss=4.5164 feat_std=0.0107 lr=0.01054 m=0.99634
  [ep 56 step 31750] loss=4.5145 feat_std=0.0107 lr=0.01054 m=0.99634
  [ep 56 step 31800] loss=4.5125 feat_std=0.0108 lr=0.01054 m=0.99635
  [ep 57 step 31850] loss=4.4872 feat_std=0.0108 lr=0.01053 m=0.99635
  [ep 57 step 31900] loss=4.5006 feat_std=0.0108 lr=0.01053 m=0.99635
  [ep 57 step 31950] loss=4.4936 feat_std=0.0104 lr=0.01053 m=0.99635
  [ep 57 step 32000] loss=4.4910 feat_std=0.0107 lr=0.01053 m=0.99635
  [ep 57 step 32050] loss=4.5084 feat_std=0.0107 lr=0.01052 m=0.99635
  [ep 57 step 32100] loss=4.5050 feat_std=0.0106 lr=0.01052 m=0.99635
  [ep 57 step 32150] loss=4.5280 feat_std=0.0106 lr=0.01052 m=0.99635
  [ep 57 step 32200] loss=4.5025 feat_std=0.0108 lr=0.01052 m=0.99635
  [ep 57 step 32250] loss=4.5090 feat_std=0.0108 lr=0.01051 m=0.99636
  [ep 57 step 32300] loss=4.5032 feat_std=0.0109 lr=0.01051 m=0.99636
  [ep 57 step 32350] loss=4.5171 feat_std=0.0109 lr=0.01051 m=0.99636
  [ep 58 step 32400] loss=4.5229 feat_std=0.0107 lr=0.01050 m=0.99636
  [ep 58 step 32450] loss=4.5140 feat_std=0.0108 lr=0.01050 m=0.99636
  [ep 58 step 32500] loss=4.4855 feat_std=0.0107 lr=0.01050 m=0.99636
  [ep 58 step 32550] loss=4.5056 feat_std=0.0108 lr=0.01050 m=0.99636
  [ep 58 step 32600] loss=4.5004 feat_std=0.0106 lr=0.01049 m=0.99636
  [ep 58 step 32650] loss=4.5014 feat_std=0.0108 lr=0.01049 m=0.99636
  [ep 58 step 32700] loss=4.4970 feat_std=0.0109 lr=0.01049 m=0.99636
  [ep 58 step 32750] loss=4.4997 feat_std=0.0107 lr=0.01049 m=0.99637
  [ep 58 step 32800] loss=4.4939 feat_std=0.0105 lr=0.01048 m=0.99637
  [ep 58 step 32850] loss=4.5210 feat_std=0.0107 lr=0.01048 m=0.99637
  [ep 58 step 32900] loss=4.4916 feat_std=0.0109 lr=0.01048 m=0.99637
  [ep 59 step 32950] loss=4.4870 feat_std=0.0109 lr=0.01047 m=0.99637
  [ep 59 step 33000] loss=4.4939 feat_std=0.0107 lr=0.01047 m=0.99637
  [ep 59 step 33050] loss=4.4900 feat_std=0.0107 lr=0.01047 m=0.99637
  [ep 59 step 33100] loss=4.4823 feat_std=0.0108 lr=0.01047 m=0.99637
  [ep 59 step 33150] loss=4.4901 feat_std=0.0108 lr=0.01046 m=0.99637
  [ep 59 step 33200] loss=4.4791 feat_std=0.0108 lr=0.01046 m=0.99638
  [ep 59 step 33250] loss=4.4711 feat_std=0.0106 lr=0.01046 m=0.99638
  [ep 59 step 33300] loss=4.4898 feat_std=0.0107 lr=0.01045 m=0.99638
  [ep 59 step 33350] loss=4.4773 feat_std=0.0109 lr=0.01045 m=0.99638
  [ep 59 step 33400] loss=4.5036 feat_std=0.0109 lr=0.01045 m=0.99638
  [ep 59 step 33450] loss=4.4825 feat_std=0.0109 lr=0.01045 m=0.99638
  [ep 60 step 33500] loss=4.4823 feat_std=0.0109 lr=0.01044 m=0.99638
  [ep 60 step 33550] loss=4.4775 feat_std=0.0107 lr=0.01044 m=0.99638
  [ep 60 step 33600] loss=4.4754 feat_std=0.0108 lr=0.01044 m=0.99638
  [ep 60 step 33650] loss=4.4980 feat_std=0.0107 lr=0.01044 m=0.99639
  [ep 60 step 33700] loss=4.4926 feat_std=0.0108 lr=0.01043 m=0.99639
  [ep 60 step 33750] loss=4.5156 feat_std=0.0107 lr=0.01043 m=0.99639
  [ep 60 step 33800] loss=4.4952 feat_std=0.0108 lr=0.01043 m=0.99639
  [ep 60 step 33850] loss=4.5111 feat_std=0.0109 lr=0.01042 m=0.99639
  [ep 60 step 33900] loss=4.4836 feat_std=0.0108 lr=0.01042 m=0.99639
  [ep 60 step 33950] loss=4.5023 feat_std=0.0107 lr=0.01042 m=0.99639
  [ep 60 step 34000] loss=4.5011 feat_std=0.0109 lr=0.01042 m=0.99639
  [ep 61 step 34050] loss=4.5097 feat_std=0.0109 lr=0.01041 m=0.99639
  [ep 61 step 34100] loss=4.5026 feat_std=0.0108 lr=0.01041 m=0.99640
  [ep 61 step 34150] loss=4.4743 feat_std=0.0108 lr=0.01041 m=0.99640
  [ep 61 step 34200] loss=4.4832 feat_std=0.0110 lr=0.01040 m=0.99640
  [ep 61 step 34250] loss=4.4911 feat_std=0.0108 lr=0.01040 m=0.99640
  [ep 61 step 34300] loss=4.4981 feat_std=0.0106 lr=0.01040 m=0.99640
  [ep 61 step 34350] loss=4.4763 feat_std=0.0109 lr=0.01040 m=0.99640
  [ep 61 step 34400] loss=4.4963 feat_std=0.0109 lr=0.01039 m=0.99640
  [ep 61 step 34450] loss=4.4912 feat_std=0.0109 lr=0.01039 m=0.99640
  [ep 61 step 34500] loss=4.4581 feat_std=0.0110 lr=0.01039 m=0.99640
  [ep 61 step 34550] loss=4.5084 feat_std=0.0108 lr=0.01038 m=0.99641
  [ep 62 step 34600] loss=4.4736 feat_std=0.0109 lr=0.01038 m=0.99641
  [ep 62 step 34650] loss=4.4972 feat_std=0.0108 lr=0.01038 m=0.99641
  [ep 62 step 34700] loss=4.4871 feat_std=0.0110 lr=0.01037 m=0.99641
  [ep 62 step 34750] loss=4.4769 feat_std=0.0108 lr=0.01037 m=0.99641
  [ep 62 step 34800] loss=4.4835 feat_std=0.0109 lr=0.01037 m=0.99641
  [ep 62 step 34850] loss=4.4645 feat_std=0.0109 lr=0.01037 m=0.99641
  [ep 62 step 34900] loss=4.5031 feat_std=0.0110 lr=0.01036 m=0.99641
  [ep 62 step 34950] loss=4.5011 feat_std=0.0110 lr=0.01036 m=0.99642
  [ep 62 step 35000] loss=4.4764 feat_std=0.0109 lr=0.01036 m=0.99642
  [ep 62 step 35050] loss=4.4799 feat_std=0.0109 lr=0.01035 m=0.99642
  [ep 62 step 35100] loss=4.4660 feat_std=0.0108 lr=0.01035 m=0.99642
  [ep 62 step 35150] loss=4.4925 feat_std=0.0110 lr=0.01035 m=0.99642
  [ep 63 step 35200] loss=4.4527 feat_std=0.0109 lr=0.01035 m=0.99642
  [ep 63 step 35250] loss=4.4601 feat_std=0.0109 lr=0.01034 m=0.99642
  [ep 63 step 35300] loss=4.4991 feat_std=0.0108 lr=0.01034 m=0.99642
  [ep 63 step 35350] loss=4.4734 feat_std=0.0110 lr=0.01034 m=0.99642
  [ep 63 step 35400] loss=4.4875 feat_std=0.0110 lr=0.01033 m=0.99643
  [ep 63 step 35450] loss=4.4787 feat_std=0.0107 lr=0.01033 m=0.99643
  [ep 63 step 35500] loss=4.4682 feat_std=0.0109 lr=0.01033 m=0.99643
  [ep 63 step 35550] loss=4.4556 feat_std=0.0109 lr=0.01032 m=0.99643
  [ep 63 step 35600] loss=4.4830 feat_std=0.0109 lr=0.01032 m=0.99643
  [ep 63 step 35650] loss=4.4903 feat_std=0.0109 lr=0.01032 m=0.99643
  [ep 63 step 35700] loss=4.4768 feat_std=0.0108 lr=0.01032 m=0.99643
  [ep 64 step 35750] loss=4.4724 feat_std=0.0109 lr=0.01031 m=0.99643
  [ep 64 step 35800] loss=4.5191 feat_std=0.0110 lr=0.01031 m=0.99643
  [ep 64 step 35850] loss=4.4532 feat_std=0.0109 lr=0.01031 m=0.99644
  [ep 64 step 35900] loss=4.4903 feat_std=0.0108 lr=0.01030 m=0.99644
  [ep 64 step 35950] loss=4.5164 feat_std=0.0107 lr=0.01030 m=0.99644
  [ep 64 step 36000] loss=4.4460 feat_std=0.0110 lr=0.01030 m=0.99644
  [ep 64 step 36050] loss=4.4606 feat_std=0.0108 lr=0.01029 m=0.99644
  [ep 64 step 36100] loss=4.4746 feat_std=0.0108 lr=0.01029 m=0.99644
  [ep 64 step 36150] loss=4.4599 feat_std=0.0110 lr=0.01029 m=0.99644
  [ep 64 step 36200] loss=4.4816 feat_std=0.0108 lr=0.01029 m=0.99644
  [ep 64 step 36250] loss=4.4632 feat_std=0.0109 lr=0.01028 m=0.99645
  [ep 65 step 36300] loss=4.4805 feat_std=0.0107 lr=0.01028 m=0.99645
  [ep 65 step 36350] loss=4.4610 feat_std=0.0109 lr=0.01028 m=0.99645
  [ep 65 step 36400] loss=4.4755 feat_std=0.0109 lr=0.01027 m=0.99645
  [ep 65 step 36450] loss=4.4484 feat_std=0.0110 lr=0.01027 m=0.99645
  [ep 65 step 36500] loss=4.4623 feat_std=0.0108 lr=0.01027 m=0.99645
  [ep 65 step 36550] loss=4.4669 feat_std=0.0109 lr=0.01026 m=0.99645
  [ep 65 step 36600] loss=4.4750 feat_std=0.0108 lr=0.01026 m=0.99645
  [ep 65 step 36650] loss=4.4448 feat_std=0.0109 lr=0.01026 m=0.99645
  [ep 65 step 36700] loss=4.4403 feat_std=0.0110 lr=0.01025 m=0.99646
  [ep 65 step 36750] loss=4.4738 feat_std=0.0110 lr=0.01025 m=0.99646
  [ep 65 step 36800] loss=4.4633 feat_std=0.0109 lr=0.01025 m=0.99646
  [ep 66 step 36850] loss=4.4593 feat_std=0.0111 lr=0.01024 m=0.99646
  [ep 66 step 36900] loss=4.4744 feat_std=0.0111 lr=0.01024 m=0.99646
  [ep 66 step 36950] loss=4.4616 feat_std=0.0111 lr=0.01024 m=0.99646
  [ep 66 step 37000] loss=4.4690 feat_std=0.0109 lr=0.01024 m=0.99646
  [ep 66 step 37050] loss=4.4887 feat_std=0.0108 lr=0.01023 m=0.99646
  [ep 66 step 37100] loss=4.4404 feat_std=0.0110 lr=0.01023 m=0.99647
  [ep 66 step 37150] loss=4.4856 feat_std=0.0110 lr=0.01023 m=0.99647
  [ep 66 step 37200] loss=4.4536 feat_std=0.0110 lr=0.01022 m=0.99647
  [ep 66 step 37250] loss=4.4863 feat_std=0.0109 lr=0.01022 m=0.99647
  [ep 66 step 37300] loss=4.4702 feat_std=0.0109 lr=0.01022 m=0.99647
  [ep 66 step 37350] loss=4.4413 feat_std=0.0111 lr=0.01021 m=0.99647
  [ep 67 step 37400] loss=4.4830 feat_std=0.0110 lr=0.01021 m=0.99647
  [ep 67 step 37450] loss=4.4616 feat_std=0.0111 lr=0.01021 m=0.99647
  [ep 67 step 37500] loss=4.4528 feat_std=0.0111 lr=0.01020 m=0.99648
  [ep 67 step 37550] loss=4.4633 feat_std=0.0110 lr=0.01020 m=0.99648
  [ep 67 step 37600] loss=4.4561 feat_std=0.0109 lr=0.01020 m=0.99648
  [ep 67 step 37650] loss=4.4503 feat_std=0.0111 lr=0.01019 m=0.99648
  [ep 67 step 37700] loss=4.4747 feat_std=0.0109 lr=0.01019 m=0.99648
  [ep 67 step 37750] loss=4.4819 feat_std=0.0107 lr=0.01019 m=0.99648
  [ep 67 step 37800] loss=4.4530 feat_std=0.0110 lr=0.01018 m=0.99648
  [ep 67 step 37850] loss=4.4669 feat_std=0.0110 lr=0.01018 m=0.99648
  [ep 67 step 37900] loss=4.4609 feat_std=0.0110 lr=0.01018 m=0.99648
  [ep 68 step 37950] loss=4.4450 feat_std=0.0110 lr=0.01018 m=0.99649
  [ep 68 step 38000] loss=4.4470 feat_std=0.0109 lr=0.01017 m=0.99649
  [ep 68 step 38050] loss=4.4498 feat_std=0.0110 lr=0.01017 m=0.99649
  [ep 68 step 38100] loss=4.4428 feat_std=0.0110 lr=0.01017 m=0.99649
  [ep 68 step 38150] loss=4.4866 feat_std=0.0110 lr=0.01016 m=0.99649
  [ep 68 step 38200] loss=4.4318 feat_std=0.0110 lr=0.01016 m=0.99649
  [ep 68 step 38250] loss=4.4719 feat_std=0.0108 lr=0.01016 m=0.99649
  [ep 68 step 38300] loss=4.4551 feat_std=0.0110 lr=0.01015 m=0.99649
  [ep 68 step 38350] loss=4.4579 feat_std=0.0110 lr=0.01015 m=0.99650
  [ep 68 step 38400] loss=4.4546 feat_std=0.0111 lr=0.01015 m=0.99650
  [ep 68 step 38450] loss=4.4646 feat_std=0.0110 lr=0.01014 m=0.99650
  [ep 68 step 38500] loss=4.4457 feat_std=0.0110 lr=0.01014 m=0.99650
  [ep 69 step 38550] loss=4.4480 feat_std=0.0110 lr=0.01014 m=0.99650
  [ep 69 step 38600] loss=4.4690 feat_std=0.0110 lr=0.01013 m=0.99650
  [ep 69 step 38650] loss=4.4572 feat_std=0.0110 lr=0.01013 m=0.99650
  [ep 69 step 38700] loss=4.4611 feat_std=0.0112 lr=0.01013 m=0.99650
  [ep 69 step 38750] loss=4.4887 feat_std=0.0110 lr=0.01012 m=0.99651
  [ep 69 step 38800] loss=4.4477 feat_std=0.0109 lr=0.01012 m=0.99651
  [ep 69 step 38850] loss=4.4487 feat_std=0.0109 lr=0.01012 m=0.99651
  [ep 69 step 38900] loss=4.4559 feat_std=0.0111 lr=0.01011 m=0.99651
  [ep 69 step 38950] loss=4.4372 feat_std=0.0112 lr=0.01011 m=0.99651
  [ep 69 step 39000] loss=4.4557 feat_std=0.0110 lr=0.01011 m=0.99651
  [ep 69 step 39050] loss=4.4535 feat_std=0.0109 lr=0.01010 m=0.99651
  [ep 70 step 39100] loss=4.4573 feat_std=0.0112 lr=0.01010 m=0.99651
  [ep 70 step 39150] loss=4.4607 feat_std=0.0109 lr=0.01010 m=0.99652
  [ep 70 step 39200] loss=4.4477 feat_std=0.0113 lr=0.01009 m=0.99652
  [ep 70 step 39250] loss=4.4566 feat_std=0.0111 lr=0.01009 m=0.99652
  [ep 70 step 39300] loss=4.4428 feat_std=0.0110 lr=0.01009 m=0.99652
  [ep 70 step 39350] loss=4.4433 feat_std=0.0108 lr=0.01008 m=0.99652
  [ep 70 step 39400] loss=4.4487 feat_std=0.0111 lr=0.01008 m=0.99652
  [ep 70 step 39450] loss=4.4398 feat_std=0.0112 lr=0.01008 m=0.99652
  [ep 70 step 39500] loss=4.4514 feat_std=0.0111 lr=0.01007 m=0.99652
  [ep 70 step 39550] loss=4.4726 feat_std=0.0111 lr=0.01007 m=0.99653
  [ep 70 step 39600] loss=4.4453 feat_std=0.0111 lr=0.01007 m=0.99653
  [ep 71 step 39650] loss=4.4747 feat_std=0.0112 lr=0.01006 m=0.99653
  [ep 71 step 39700] loss=4.4778 feat_std=0.0112 lr=0.01006 m=0.99653
  [ep 71 step 39750] loss=4.4337 feat_std=0.0111 lr=0.01006 m=0.99653
  [ep 71 step 39800] loss=4.4453 feat_std=0.0112 lr=0.01005 m=0.99653
  [ep 71 step 39850] loss=4.4726 feat_std=0.0110 lr=0.01005 m=0.99653
  [ep 71 step 39900] loss=4.4576 feat_std=0.0112 lr=0.01005 m=0.99653
  [ep 71 step 39950] loss=4.4228 feat_std=0.0110 lr=0.01004 m=0.99654
  [ep 71 step 40000] loss=4.4507 feat_std=0.0109 lr=0.01004 m=0.99654
  [ep 71 step 40050] loss=4.4401 feat_std=0.0108 lr=0.01004 m=0.99654
  [ep 71 step 40100] loss=4.4565 feat_std=0.0109 lr=0.01003 m=0.99654
  [ep 71 step 40150] loss=4.4553 feat_std=0.0111 lr=0.01003 m=0.99654
  [ep 72 step 40200] loss=4.4744 feat_std=0.0111 lr=0.01003 m=0.99654
  [ep 72 step 40250] loss=4.4282 feat_std=0.0110 lr=0.01002 m=0.99654
  [ep 72 step 40300] loss=4.4295 feat_std=0.0111 lr=0.01002 m=0.99655
  [ep 72 step 40350] loss=4.4527 feat_std=0.0110 lr=0.01002 m=0.99655
  [ep 72 step 40400] loss=4.4437 feat_std=0.0112 lr=0.01001 m=0.99655
  [ep 72 step 40450] loss=4.4614 feat_std=0.0109 lr=0.01001 m=0.99655
  [ep 72 step 40500] loss=4.4488 feat_std=0.0112 lr=0.01001 m=0.99655
  [ep 72 step 40550] loss=4.4439 feat_std=0.0110 lr=0.01000 m=0.99655
  [ep 72 step 40600] loss=4.4659 feat_std=0.0111 lr=0.01000 m=0.99655
  [ep 72 step 40650] loss=4.4309 feat_std=0.0112 lr=0.01000 m=0.99655
  [ep 72 step 40700] loss=4.4422 feat_std=0.0110 lr=0.00999 m=0.99656
  [ep 73 step 40750] loss=4.4276 feat_std=0.0111 lr=0.00999 m=0.99656
  [ep 73 step 40800] loss=4.4416 feat_std=0.0110 lr=0.00999 m=0.99656
  [ep 73 step 40850] loss=4.4341 feat_std=0.0110 lr=0.00998 m=0.99656
  [ep 73 step 40900] loss=4.4396 feat_std=0.0108 lr=0.00998 m=0.99656
  [ep 73 step 40950] loss=4.4353 feat_std=0.0111 lr=0.00998 m=0.99656
  [ep 73 step 41000] loss=4.4365 feat_std=0.0111 lr=0.00997 m=0.99656
  [ep 73 step 41050] loss=4.4787 feat_std=0.0110 lr=0.00997 m=0.99656
  [ep 73 step 41100] loss=4.4413 feat_std=0.0110 lr=0.00996 m=0.99657
  [ep 73 step 41150] loss=4.4257 feat_std=0.0108 lr=0.00996 m=0.99657
  [ep 73 step 41200] loss=4.4188 feat_std=0.0111 lr=0.00996 m=0.99657
  [ep 73 step 41250] loss=4.4871 feat_std=0.0110 lr=0.00995 m=0.99657
  [ep 74 step 41300] loss=4.4248 feat_std=0.0111 lr=0.00995 m=0.99657
  [ep 74 step 41350] loss=4.4417 feat_std=0.0111 lr=0.00995 m=0.99657
  [ep 74 step 41400] loss=4.4677 feat_std=0.0111 lr=0.00994 m=0.99657
  [ep 74 step 41450] loss=4.4609 feat_std=0.0110 lr=0.00994 m=0.99658
  [ep 74 step 41500] loss=4.4435 feat_std=0.0109 lr=0.00994 m=0.99658
  [ep 74 step 41550] loss=4.4210 feat_std=0.0111 lr=0.00993 m=0.99658
  [ep 74 step 41600] loss=4.4592 feat_std=0.0111 lr=0.00993 m=0.99658
  [ep 74 step 41650] loss=4.4323 feat_std=0.0111 lr=0.00993 m=0.99658
  [ep 74 step 41700] loss=4.4455 feat_std=0.0112 lr=0.00992 m=0.99658
  [ep 74 step 41750] loss=4.4286 feat_std=0.0111 lr=0.00992 m=0.99658
  [ep 74 step 41800] loss=4.4347 feat_std=0.0113 lr=0.00992 m=0.99658
  [ep 75 step 41850] loss=4.4378 feat_std=0.0110 lr=0.00991 m=0.99659
  [ep 75 step 41900] loss=4.4253 feat_std=0.0112 lr=0.00991 m=0.99659
  [ep 75 step 41950] loss=4.4340 feat_std=0.0110 lr=0.00991 m=0.99659
  [ep 75 step 42000] loss=4.4540 feat_std=0.0111 lr=0.00990 m=0.99659
  [ep 75 step 42050] loss=4.4318 feat_std=0.0112 lr=0.00990 m=0.99659
  [ep 75 step 42100] loss=4.4419 feat_std=0.0111 lr=0.00989 m=0.99659
  [ep 75 step 42150] loss=4.4302 feat_std=0.0110 lr=0.00989 m=0.99659
  [ep 75 step 42200] loss=4.4469 feat_std=0.0111 lr=0.00989 m=0.99660
  [ep 75 step 42250] loss=4.4328 feat_std=0.0113 lr=0.00988 m=0.99660
  [ep 75 step 42300] loss=4.4184 feat_std=0.0112 lr=0.00988 m=0.99660
  [ep 75 step 42350] loss=4.4412 feat_std=0.0112 lr=0.00988 m=0.99660
  [ep 75 step 42400] loss=4.4458 feat_std=0.0112 lr=0.00987 m=0.99660
  [ep 76 step 42450] loss=4.4311 feat_std=0.0112 lr=0.00987 m=0.99660
  [ep 76 step 42500] loss=4.4365 feat_std=0.0113 lr=0.00987 m=0.99660
  [ep 76 step 42550] loss=4.4355 feat_std=0.0110 lr=0.00986 m=0.99660
  [ep 76 step 42600] loss=4.4485 feat_std=0.0111 lr=0.00986 m=0.99661
  [ep 76 step 42650] loss=4.4281 feat_std=0.0111 lr=0.00986 m=0.99661
  [ep 76 step 42700] loss=4.4469 feat_std=0.0110 lr=0.00985 m=0.99661
  [ep 76 step 42750] loss=4.4315 feat_std=0.0111 lr=0.00985 m=0.99661
  [ep 76 step 42800] loss=4.4338 feat_std=0.0111 lr=0.00984 m=0.99661
  [ep 76 step 42850] loss=4.4354 feat_std=0.0111 lr=0.00984 m=0.99661
  [ep 76 step 42900] loss=4.5068 feat_std=0.0111 lr=0.00984 m=0.99661
  [ep 76 step 42950] loss=4.4355 feat_std=0.0112 lr=0.00983 m=0.99662
  [ep 77 step 43000] loss=4.4508 feat_std=0.0112 lr=0.00983 m=0.99662
  [ep 77 step 43050] loss=4.4287 feat_std=0.0112 lr=0.00983 m=0.99662
  [ep 77 step 43100] loss=4.4475 feat_std=0.0112 lr=0.00982 m=0.99662
  [ep 77 step 43150] loss=4.4609 feat_std=0.0109 lr=0.00982 m=0.99662
  [ep 77 step 43200] loss=4.4404 feat_std=0.0113 lr=0.00982 m=0.99662
  [ep 77 step 43250] loss=4.4401 feat_std=0.0110 lr=0.00981 m=0.99662
  [ep 77 step 43300] loss=4.4478 feat_std=0.0110 lr=0.00981 m=0.99662
  [ep 77 step 43350] loss=4.4496 feat_std=0.0112 lr=0.00980 m=0.99663
  [ep 77 step 43400] loss=4.4354 feat_std=0.0110 lr=0.00980 m=0.99663
  [ep 77 step 43450] loss=4.4526 feat_std=0.0112 lr=0.00980 m=0.99663
  [ep 77 step 43500] loss=4.4253 feat_std=0.0110 lr=0.00979 m=0.99663
  [ep 78 step 43550] loss=4.4455 feat_std=0.0112 lr=0.00979 m=0.99663
  [ep 78 step 43600] loss=4.4459 feat_std=0.0111 lr=0.00979 m=0.99663
  [ep 78 step 43650] loss=4.4584 feat_std=0.0111 lr=0.00978 m=0.99663
  [ep 78 step 43700] loss=4.4386 feat_std=0.0111 lr=0.00978 m=0.99664
  [ep 78 step 43750] loss=4.4448 feat_std=0.0112 lr=0.00977 m=0.99664
  [ep 78 step 43800] loss=4.4195 feat_std=0.0112 lr=0.00977 m=0.99664
  [ep 78 step 43850] loss=4.4150 feat_std=0.0112 lr=0.00977 m=0.99664
  [ep 78 step 43900] loss=4.4544 feat_std=0.0112 lr=0.00976 m=0.99664
  [ep 78 step 43950] loss=4.4203 feat_std=0.0111 lr=0.00976 m=0.99664
  [ep 78 step 44000] loss=4.4344 feat_std=0.0112 lr=0.00976 m=0.99664
  [ep 78 step 44050] loss=4.4281 feat_std=0.0112 lr=0.00975 m=0.99665
  [ep 79 step 44100] loss=4.4593 feat_std=0.0111 lr=0.00975 m=0.99665
  [ep 79 step 44150] loss=4.4541 feat_std=0.0113 lr=0.00975 m=0.99665
  [ep 79 step 44200] loss=4.4505 feat_std=0.0112 lr=0.00974 m=0.99665
  [ep 79 step 44250] loss=4.4235 feat_std=0.0112 lr=0.00974 m=0.99665
  [ep 79 step 44300] loss=4.4506 feat_std=0.0111 lr=0.00973 m=0.99665
  [ep 79 step 44350] loss=4.4201 feat_std=0.0112 lr=0.00973 m=0.99665
  [ep 79 step 44400] loss=4.4290 feat_std=0.0111 lr=0.00973 m=0.99666
  [ep 79 step 44450] loss=4.4251 feat_std=0.0112 lr=0.00972 m=0.99666
  [ep 79 step 44500] loss=4.4438 feat_std=0.0112 lr=0.00972 m=0.99666
  [ep 79 step 44550] loss=4.4284 feat_std=0.0111 lr=0.00972 m=0.99666
  [ep 79 step 44600] loss=4.4022 feat_std=0.0113 lr=0.00971 m=0.99666
  [ep 80 step 44650] loss=4.4318 feat_std=0.0111 lr=0.00971 m=0.99666
  [ep 80 step 44700] loss=4.4404 feat_std=0.0112 lr=0.00970 m=0.99666
  [ep 80 step 44750] loss=4.4535 feat_std=0.0111 lr=0.00970 m=0.99666
  [ep 80 step 44800] loss=4.4433 feat_std=0.0112 lr=0.00970 m=0.99667
  [ep 80 step 44850] loss=4.4181 feat_std=0.0111 lr=0.00969 m=0.99667
  [ep 80 step 44900] loss=4.4246 feat_std=0.0111 lr=0.00969 m=0.99667
  [ep 80 step 44950] loss=4.4295 feat_std=0.0111 lr=0.00969 m=0.99667
  [ep 80 step 45000] loss=4.4277 feat_std=0.0112 lr=0.00968 m=0.99667
  [ep 80 step 45050] loss=4.4478 feat_std=0.0112 lr=0.00968 m=0.99667
  [ep 80 step 45100] loss=4.4216 feat_std=0.0112 lr=0.00967 m=0.99667
  [ep 80 step 45150] loss=4.4320 feat_std=0.0114 lr=0.00967 m=0.99668
  [ep 81 step 45200] loss=4.4301 feat_std=0.0112 lr=0.00967 m=0.99668
  [ep 81 step 45250] loss=4.4252 feat_std=0.0112 lr=0.00966 m=0.99668
  [ep 81 step 45300] loss=4.4438 feat_std=0.0112 lr=0.00966 m=0.99668
  [ep 81 step 45350] loss=4.4188 feat_std=0.0112 lr=0.00966 m=0.99668
  [ep 81 step 45400] loss=4.4536 feat_std=0.0111 lr=0.00965 m=0.99668
  [ep 81 step 45450] loss=4.4084 feat_std=0.0112 lr=0.00965 m=0.99668
  [ep 81 step 45500] loss=4.4247 feat_std=0.0111 lr=0.00964 m=0.99669
  [ep 81 step 45550] loss=4.4242 feat_std=0.0113 lr=0.00964 m=0.99669
  [ep 81 step 45600] loss=4.4448 feat_std=0.0111 lr=0.00964 m=0.99669
  [ep 81 step 45650] loss=4.4422 feat_std=0.0113 lr=0.00963 m=0.99669
  [ep 81 step 45700] loss=4.4325 feat_std=0.0112 lr=0.00963 m=0.99669
  [ep 81 step 45750] loss=4.4515 feat_std=0.0111 lr=0.00962 m=0.99669
  [ep 82 step 45800] loss=4.4250 feat_std=0.0111 lr=0.00962 m=0.99669
  [ep 82 step 45850] loss=4.4602 feat_std=0.0111 lr=0.00962 m=0.99670
  [ep 82 step 45900] loss=4.4387 feat_std=0.0112 lr=0.00961 m=0.99670
  [ep 82 step 45950] loss=4.4369 feat_std=0.0111 lr=0.00961 m=0.99670
  [ep 82 step 46000] loss=4.4297 feat_std=0.0113 lr=0.00961 m=0.99670
  [ep 82 step 46050] loss=4.4277 feat_std=0.0113 lr=0.00960 m=0.99670
  [ep 82 step 46100] loss=4.4309 feat_std=0.0111 lr=0.00960 m=0.99670
  [ep 82 step 46150] loss=4.4760 feat_std=0.0113 lr=0.00959 m=0.99670
  [ep 82 step 46200] loss=4.4387 feat_std=0.0112 lr=0.00959 m=0.99671
  [ep 82 step 46250] loss=4.4374 feat_std=0.0111 lr=0.00959 m=0.99671
  [ep 82 step 46300] loss=4.4494 feat_std=0.0113 lr=0.00958 m=0.99671
  [ep 83 step 46350] loss=4.4620 feat_std=0.0113 lr=0.00958 m=0.99671
  [ep 83 step 46400] loss=4.4212 feat_std=0.0113 lr=0.00957 m=0.99671
  [ep 83 step 46450] loss=4.4275 feat_std=0.0112 lr=0.00957 m=0.99671
  [ep 83 step 46500] loss=4.4064 feat_std=0.0114 lr=0.00957 m=0.99671
  [ep 83 step 46550] loss=4.4348 feat_std=0.0114 lr=0.00956 m=0.99672
  [ep 83 step 46600] loss=4.4315 feat_std=0.0114 lr=0.00956 m=0.99672
  [ep 83 step 46650] loss=4.4772 feat_std=0.0112 lr=0.00955 m=0.99672
  [ep 83 step 46700] loss=4.4320 feat_std=0.0112 lr=0.00955 m=0.99672
  [ep 83 step 46750] loss=4.4357 feat_std=0.0114 lr=0.00955 m=0.99672
  [ep 83 step 46800] loss=4.4151 feat_std=0.0112 lr=0.00954 m=0.99672
  [ep 83 step 46850] loss=4.4419 feat_std=0.0112 lr=0.00954 m=0.99672
  [ep 84 step 46900] loss=4.4266 feat_std=0.0111 lr=0.00954 m=0.99673
  [ep 84 step 46950] loss=4.4185 feat_std=0.0113 lr=0.00953 m=0.99673
  [ep 84 step 47000] loss=4.4066 feat_std=0.0112 lr=0.00953 m=0.99673
  [ep 84 step 47050] loss=4.4530 feat_std=0.0111 lr=0.00952 m=0.99673
  [ep 84 step 47100] loss=4.4397 feat_std=0.0111 lr=0.00952 m=0.99673
  [ep 84 step 47150] loss=4.4401 feat_std=0.0112 lr=0.00952 m=0.99673
  [ep 84 step 47200] loss=4.4354 feat_std=0.0111 lr=0.00951 m=0.99673
  [ep 84 step 47250] loss=4.4436 feat_std=0.0113 lr=0.00951 m=0.99674
  [ep 84 step 47300] loss=4.4313 feat_std=0.0113 lr=0.00950 m=0.99674
  [ep 84 step 47350] loss=4.4527 feat_std=0.0113 lr=0.00950 m=0.99674
  [ep 84 step 47400] loss=4.4187 feat_std=0.0112 lr=0.00950 m=0.99674
  [ep 85 step 47450] loss=4.4361 feat_std=0.0113 lr=0.00949 m=0.99674
  [ep 85 step 47500] loss=4.4436 feat_std=0.0112 lr=0.00949 m=0.99674
  [ep 85 step 47550] loss=4.4298 feat_std=0.0111 lr=0.00948 m=0.99674
  [ep 85 step 47600] loss=4.4408 feat_std=0.0111 lr=0.00948 m=0.99675
  [ep 85 step 47650] loss=4.4202 feat_std=0.0113 lr=0.00948 m=0.99675
  [ep 85 step 47700] loss=4.4520 feat_std=0.0112 lr=0.00947 m=0.99675
  [ep 85 step 47750] loss=4.4375 feat_std=0.0112 lr=0.00947 m=0.99675
  [ep 85 step 47800] loss=4.4265 feat_std=0.0112 lr=0.00946 m=0.99675
  [ep 85 step 47850] loss=4.4145 feat_std=0.0112 lr=0.00946 m=0.99675
  [ep 85 step 47900] loss=4.4153 feat_std=0.0112 lr=0.00946 m=0.99676
  [ep 85 step 47950] loss=4.4334 feat_std=0.0111 lr=0.00945 m=0.99676
  [ep 86 step 48000] loss=4.4182 feat_std=0.0112 lr=0.00945 m=0.99676
  [ep 86 step 48050] loss=4.4268 feat_std=0.0113 lr=0.00944 m=0.99676
  [ep 86 step 48100] loss=4.4204 feat_std=0.0114 lr=0.00944 m=0.99676
  [ep 86 step 48150] loss=4.4113 feat_std=0.0114 lr=0.00944 m=0.99676
  [ep 86 step 48200] loss=4.4352 feat_std=0.0112 lr=0.00943 m=0.99676
  [ep 86 step 48250] loss=4.4442 feat_std=0.0114 lr=0.00943 m=0.99677
  [ep 86 step 48300] loss=4.4387 feat_std=0.0113 lr=0.00942 m=0.99677
  [ep 86 step 48350] loss=4.4674 feat_std=0.0111 lr=0.00942 m=0.99677
  [ep 86 step 48400] loss=4.3929 feat_std=0.0113 lr=0.00942 m=0.99677
  [ep 86 step 48450] loss=4.4440 feat_std=0.0112 lr=0.00941 m=0.99677
  [ep 86 step 48500] loss=4.4450 feat_std=0.0113 lr=0.00941 m=0.99677
  [ep 87 step 48550] loss=4.3937 feat_std=0.0113 lr=0.00940 m=0.99677
  [ep 87 step 48600] loss=4.4386 feat_std=0.0111 lr=0.00940 m=0.99678
  [ep 87 step 48650] loss=4.4459 feat_std=0.0113 lr=0.00940 m=0.99678
  [ep 87 step 48700] loss=4.4187 feat_std=0.0113 lr=0.00939 m=0.99678
  [ep 87 step 48750] loss=4.4251 feat_std=0.0114 lr=0.00939 m=0.99678
  [ep 87 step 48800] loss=4.4509 feat_std=0.0113 lr=0.00938 m=0.99678
  [ep 87 step 48850] loss=4.4395 feat_std=0.0113 lr=0.00938 m=0.99678
  [ep 87 step 48900] loss=4.4443 feat_std=0.0113 lr=0.00938 m=0.99678
  [ep 87 step 48950] loss=4.4258 feat_std=0.0115 lr=0.00937 m=0.99679
  [ep 87 step 49000] loss=4.4446 feat_std=0.0112 lr=0.00937 m=0.99679
  [ep 87 step 49050] loss=4.4010 feat_std=0.0114 lr=0.00936 m=0.99679
  [ep 87 step 49100] loss=4.4096 feat_std=0.0113 lr=0.00936 m=0.99679
  [ep 88 step 49150] loss=4.4287 feat_std=0.0112 lr=0.00935 m=0.99679
  [ep 88 step 49200] loss=4.4150 feat_std=0.0113 lr=0.00935 m=0.99679
  [ep 88 step 49250] loss=4.4445 feat_std=0.0113 lr=0.00935 m=0.99680
  [ep 88 step 49300] loss=4.4114 feat_std=0.0111 lr=0.00934 m=0.99680
  [ep 88 step 49350] loss=4.4397 feat_std=0.0112 lr=0.00934 m=0.99680
  [ep 88 step 49400] loss=4.4206 feat_std=0.0112 lr=0.00933 m=0.99680
  [ep 88 step 49450] loss=4.4362 feat_std=0.0110 lr=0.00933 m=0.99680
  [ep 88 step 49500] loss=4.4292 feat_std=0.0114 lr=0.00933 m=0.99680
  [ep 88 step 49550] loss=4.4376 feat_std=0.0111 lr=0.00932 m=0.99680
  [ep 88 step 49600] loss=4.4392 feat_std=0.0113 lr=0.00932 m=0.99681
  [ep 88 step 49650] loss=4.4151 feat_std=0.0113 lr=0.00931 m=0.99681
  [ep 89 step 49700] loss=4.4433 feat_std=0.0111 lr=0.00931 m=0.99681
  [ep 89 step 49750] loss=4.4009 feat_std=0.0112 lr=0.00931 m=0.99681
  [ep 89 step 49800] loss=4.4553 feat_std=0.0110 lr=0.00930 m=0.99681
  [ep 89 step 49850] loss=4.4322 feat_std=0.0113 lr=0.00930 m=0.99681
  [ep 89 step 49900] loss=4.4093 feat_std=0.0113 lr=0.00929 m=0.99681
  [ep 89 step 49950] loss=4.4491 feat_std=0.0112 lr=0.00929 m=0.99682
  [ep 89 step 50000] loss=4.4182 feat_std=0.0115 lr=0.00928 m=0.99682
  [ep 89 step 50050] loss=4.4315 feat_std=0.0113 lr=0.00928 m=0.99682
  [ep 89 step 50100] loss=4.4247 feat_std=0.0113 lr=0.00928 m=0.99682
  [ep 89 step 50150] loss=4.4278 feat_std=0.0112 lr=0.00927 m=0.99682
  [ep 89 step 50200] loss=4.4398 feat_std=0.0114 lr=0.00927 m=0.99682
  [ep 90 step 50250] loss=4.4464 feat_std=0.0111 lr=0.00926 m=0.99683
  [ep 90 step 50300] loss=4.4126 feat_std=0.0114 lr=0.00926 m=0.99683
  [ep 90 step 50350] loss=4.4528 feat_std=0.0112 lr=0.00926 m=0.99683
  [ep 90 step 50400] loss=4.4370 feat_std=0.0113 lr=0.00925 m=0.99683
  [ep 90 step 50450] loss=4.4162 feat_std=0.0112 lr=0.00925 m=0.99683
  [ep 90 step 50500] loss=4.4295 feat_std=0.0113 lr=0.00924 m=0.99683
  [ep 90 step 50550] loss=4.4155 feat_std=0.0112 lr=0.00924 m=0.99683
  [ep 90 step 50600] loss=4.4066 feat_std=0.0113 lr=0.00923 m=0.99684
  [ep 90 step 50650] loss=4.4118 feat_std=0.0113 lr=0.00923 m=0.99684
  [ep 90 step 50700] loss=4.4395 feat_std=0.0114 lr=0.00923 m=0.99684
  [ep 90 step 50750] loss=4.4091 feat_std=0.0112 lr=0.00922 m=0.99684
  [ep 91 step 50800] loss=4.4418 feat_std=0.0115 lr=0.00922 m=0.99684
  [ep 91 step 50850] loss=4.4246 feat_std=0.0112 lr=0.00921 m=0.99684
  [ep 91 step 50900] loss=4.4420 feat_std=0.0113 lr=0.00921 m=0.99685
  [ep 91 step 50950] loss=4.4341 feat_std=0.0113 lr=0.00921 m=0.99685
  [ep 91 step 51000] loss=4.3985 feat_std=0.0113 lr=0.00920 m=0.99685
  [ep 91 step 51050] loss=4.4431 feat_std=0.0112 lr=0.00920 m=0.99685
  [ep 91 step 51100] loss=4.4389 feat_std=0.0112 lr=0.00919 m=0.99685
  [ep 91 step 51150] loss=4.4126 feat_std=0.0112 lr=0.00919 m=0.99685
  [ep 91 step 51200] loss=4.4143 feat_std=0.0113 lr=0.00918 m=0.99685
  [ep 91 step 51250] loss=4.4194 feat_std=0.0113 lr=0.00918 m=0.99686
  [ep 91 step 51300] loss=4.4288 feat_std=0.0114 lr=0.00918 m=0.99686
  [ep 92 step 51350] loss=4.4275 feat_std=0.0116 lr=0.00917 m=0.99686
  [ep 92 step 51400] loss=4.4332 feat_std=0.0114 lr=0.00917 m=0.99686
  [ep 92 step 51450] loss=4.4128 feat_std=0.0113 lr=0.00916 m=0.99686
  [ep 92 step 51500] loss=4.4538 feat_std=0.0112 lr=0.00916 m=0.99686
  [ep 92 step 51550] loss=4.4102 feat_std=0.0114 lr=0.00915 m=0.99687
  [ep 92 step 51600] loss=4.4447 feat_std=0.0114 lr=0.00915 m=0.99687
  [ep 92 step 51650] loss=4.4161 feat_std=0.0113 lr=0.00915 m=0.99687
  [ep 92 step 51700] loss=4.4301 feat_std=0.0113 lr=0.00914 m=0.99687
  [ep 92 step 51750] loss=4.4435 feat_std=0.0113 lr=0.00914 m=0.99687
  [ep 92 step 51800] loss=4.4362 feat_std=0.0111 lr=0.00913 m=0.99687
  [ep 92 step 51850] loss=4.4426 feat_std=0.0114 lr=0.00913 m=0.99687
  [ep 93 step 51900] loss=4.4230 feat_std=0.0114 lr=0.00912 m=0.99688
  [ep 93 step 51950] loss=4.4316 feat_std=0.0112 lr=0.00912 m=0.99688
  [ep 93 step 52000] loss=4.4235 feat_std=0.0114 lr=0.00912 m=0.99688
  [ep 93 step 52050] loss=4.4402 feat_std=0.0112 lr=0.00911 m=0.99688
  [ep 93 step 52100] loss=4.4360 feat_std=0.0112 lr=0.00911 m=0.99688
  [ep 93 step 52150] loss=4.4055 feat_std=0.0114 lr=0.00910 m=0.99688
  [ep 93 step 52200] loss=4.4192 feat_std=0.0111 lr=0.00910 m=0.99689
  [ep 93 step 52250] loss=4.4295 feat_std=0.0112 lr=0.00909 m=0.99689
  [ep 93 step 52300] loss=4.4312 feat_std=0.0113 lr=0.00909 m=0.99689
  [ep 93 step 52350] loss=4.4435 feat_std=0.0113 lr=0.00909 m=0.99689
  [ep 93 step 52400] loss=4.4355 feat_std=0.0114 lr=0.00908 m=0.99689
  [ep 93 step 52450] loss=4.4097 feat_std=0.0113 lr=0.00908 m=0.99689
  [ep 94 step 52500] loss=4.4123 feat_std=0.0113 lr=0.00907 m=0.99689
  [ep 94 step 52550] loss=4.4044 feat_std=0.0113 lr=0.00907 m=0.99690
  [ep 94 step 52600] loss=4.4319 feat_std=0.0112 lr=0.00906 m=0.99690
  [ep 94 step 52650] loss=4.4400 feat_std=0.0114 lr=0.00906 m=0.99690
  [ep 94 step 52700] loss=4.4041 feat_std=0.0114 lr=0.00906 m=0.99690
  [ep 94 step 52750] loss=4.3998 feat_std=0.0114 lr=0.00905 m=0.99690
  [ep 94 step 52800] loss=4.4195 feat_std=0.0113 lr=0.00905 m=0.99690
  [ep 94 step 52850] loss=4.4358 feat_std=0.0114 lr=0.00904 m=0.99691
  [ep 94 step 52900] loss=4.4427 feat_std=0.0114 lr=0.00904 m=0.99691
  [ep 94 step 52950] loss=4.4337 feat_std=0.0113 lr=0.00903 m=0.99691
  [ep 94 step 53000] loss=4.4207 feat_std=0.0113 lr=0.00903 m=0.99691
  [ep 95 step 53050] loss=4.4242 feat_std=0.0113 lr=0.00903 m=0.99691
  [ep 95 step 53100] loss=4.4228 feat_std=0.0112 lr=0.00902 m=0.99691
  [ep 95 step 53150] loss=4.4285 feat_std=0.0112 lr=0.00902 m=0.99692
  [ep 95 step 53200] loss=4.4089 feat_std=0.0114 lr=0.00901 m=0.99692
  [ep 95 step 53250] loss=4.4276 feat_std=0.0113 lr=0.00901 m=0.99692
  [ep 95 step 53300] loss=4.4164 feat_std=0.0114 lr=0.00900 m=0.99692
  [ep 95 step 53350] loss=4.4454 feat_std=0.0114 lr=0.00900 m=0.99692
  [ep 95 step 53400] loss=4.4147 feat_std=0.0114 lr=0.00900 m=0.99692
  [ep 95 step 53450] loss=4.4394 feat_std=0.0114 lr=0.00899 m=0.99692
  [ep 95 step 53500] loss=4.4124 feat_std=0.0114 lr=0.00899 m=0.99693
  [ep 95 step 53550] loss=4.4415 feat_std=0.0113 lr=0.00898 m=0.99693
  [ep 96 step 53600] loss=4.4200 feat_std=0.0112 lr=0.00898 m=0.99693
  [ep 96 step 53650] loss=4.4410 feat_std=0.0112 lr=0.00897 m=0.99693
  [ep 96 step 53700] loss=4.4177 feat_std=0.0114 lr=0.00897 m=0.99693
  [ep 96 step 53750] loss=4.4171 feat_std=0.0114 lr=0.00896 m=0.99693
  [ep 96 step 53800] loss=4.4449 feat_std=0.0113 lr=0.00896 m=0.99694
  [ep 96 step 53850] loss=4.4367 feat_std=0.0115 lr=0.00896 m=0.99694
  [ep 96 step 53900] loss=4.4384 feat_std=0.0114 lr=0.00895 m=0.99694
  [ep 96 step 53950] loss=4.4360 feat_std=0.0114 lr=0.00895 m=0.99694
  [ep 96 step 54000] loss=4.4124 feat_std=0.0114 lr=0.00894 m=0.99694
  [ep 96 step 54050] loss=4.4089 feat_std=0.0113 lr=0.00894 m=0.99694
  [ep 96 step 54100] loss=4.3999 feat_std=0.0113 lr=0.00893 m=0.99695
  [ep 97 step 54150] loss=4.4195 feat_std=0.0114 lr=0.00893 m=0.99695
  [ep 97 step 54200] loss=4.4343 feat_std=0.0115 lr=0.00892 m=0.99695
  [ep 97 step 54250] loss=4.4337 feat_std=0.0115 lr=0.00892 m=0.99695
  [ep 97 step 54300] loss=4.4358 feat_std=0.0114 lr=0.00892 m=0.99695
  [ep 97 step 54350] loss=4.4306 feat_std=0.0112 lr=0.00891 m=0.99695
  [ep 97 step 54400] loss=4.4534 feat_std=0.0114 lr=0.00891 m=0.99695
  [ep 97 step 54450] loss=4.4155 feat_std=0.0113 lr=0.00890 m=0.99696
  [ep 97 step 54500] loss=4.4346 feat_std=0.0112 lr=0.00890 m=0.99696
  [ep 97 step 54550] loss=4.4000 feat_std=0.0112 lr=0.00889 m=0.99696
  [ep 97 step 54600] loss=4.4349 feat_std=0.0114 lr=0.00889 m=0.99696
  [ep 97 step 54650] loss=4.4148 feat_std=0.0113 lr=0.00888 m=0.99696
  [ep 98 step 54700] loss=4.4280 feat_std=0.0113 lr=0.00888 m=0.99696
  [ep 98 step 54750] loss=4.4340 feat_std=0.0113 lr=0.00888 m=0.99697
  [ep 98 step 54800] loss=4.3985 feat_std=0.0113 lr=0.00887 m=0.99697
  [ep 98 step 54850] loss=4.4457 feat_std=0.0113 lr=0.00887 m=0.99697
  [ep 98 step 54900] loss=4.4308 feat_std=0.0114 lr=0.00886 m=0.99697
  [ep 98 step 54950] loss=4.4366 feat_std=0.0113 lr=0.00886 m=0.99697
  [ep 98 step 55000] loss=4.4334 feat_std=0.0114 lr=0.00885 m=0.99697
  [ep 98 step 55050] loss=4.4226 feat_std=0.0113 lr=0.00885 m=0.99698
  [ep 98 step 55100] loss=4.4369 feat_std=0.0114 lr=0.00884 m=0.99698
  [ep 98 step 55150] loss=4.4378 feat_std=0.0113 lr=0.00884 m=0.99698
  [ep 98 step 55200] loss=4.4063 feat_std=0.0114 lr=0.00884 m=0.99698
  [ep 99 step 55250] loss=4.4220 feat_std=0.0115 lr=0.00883 m=0.99698
  [ep 99 step 55300] loss=4.4111 feat_std=0.0114 lr=0.00883 m=0.99698
  [ep 99 step 55350] loss=4.4039 feat_std=0.0113 lr=0.00882 m=0.99699
  [ep 99 step 55400] loss=4.4182 feat_std=0.0114 lr=0.00882 m=0.99699
  [ep 99 step 55450] loss=4.4131 feat_std=0.0115 lr=0.00881 m=0.99699
  [ep 99 step 55500] loss=4.3963 feat_std=0.0113 lr=0.00881 m=0.99699
  [ep 99 step 55550] loss=4.4233 feat_std=0.0114 lr=0.00880 m=0.99699
  [ep 99 step 55600] loss=4.4407 feat_std=0.0113 lr=0.00880 m=0.99699
  [ep 99 step 55650] loss=4.3953 feat_std=0.0114 lr=0.00880 m=0.99700
  [ep 99 step 55700] loss=4.4466 feat_std=0.0113 lr=0.00879 m=0.99700
  [ep 99 step 55750] loss=4.3976 feat_std=0.0113 lr=0.00879 m=0.99700
  [ep 100 step 55800] loss=4.4221 feat_std=0.0113 lr=0.00878 m=0.99700
