SSL pretraining | backbone=resnet50 | method=byol | epochs=300
Configs: ['configs/default.yaml', 'configs/ssl_pretrain.yaml', 'configs/_win_local.yaml', 'configs/ssl_retrain_v1_2.yaml']
  Disjointness OK — SSL=53576 (26788 patients) vs train=35126 (17563 patients)
  Corpus images: 53576
  Device=cuda | AMP=True | feature_dim=2048
  [ep 0 step 0] loss=3.9527 feat_std=0.0053 lr=0.00001 m=0.99600
  [ep 0 step 50] loss=3.8970 feat_std=0.0053 lr=0.00069 m=0.99600
  [ep 0 step 100] loss=3.7425 feat_std=0.0051 lr=0.00136 m=0.99600
  [ep 0 step 150] loss=3.5305 feat_std=0.0052 lr=0.00203 m=0.99600
  [ep 0 step 200] loss=3.3154 feat_std=0.0053 lr=0.00270 m=0.99600
  [ep 0 step 250] loss=3.0857 feat_std=0.0053 lr=0.00337 m=0.99600
  [ep 0 step 300] loss=2.5886 feat_std=0.0054 lr=0.00405 m=0.99600
  [ep 0 step 350] loss=2.5767 feat_std=0.0056 lr=0.00472 m=0.99600
  [ep 0 step 400] loss=2.2802 feat_std=0.0058 lr=0.00539 m=0.99600
  [ep 0 step 450] loss=2.0014 feat_std=0.0061 lr=0.00606 m=0.99600
  [ep 0 step 500] loss=1.8665 feat_std=0.0061 lr=0.00673 m=0.99600
  [ep 0 step 550] loss=1.8628 feat_std=0.0063 lr=0.00741 m=0.99600
  [ep 1 step 600] loss=1.6934 feat_std=0.0065 lr=0.00808 m=0.99600
  [ep 1 step 650] loss=1.6707 feat_std=0.0068 lr=0.00875 m=0.99600
  [ep 1 step 700] loss=1.6242 feat_std=0.0071 lr=0.00942 m=0.99600
  [ep 1 step 750] loss=1.5921 feat_std=0.0071 lr=0.01009 m=0.99600
  [ep 1 step 800] loss=1.5304 feat_std=0.0070 lr=0.01077 m=0.99600
  [ep 1 step 850] loss=1.5455 feat_std=0.0070 lr=0.01144 m=0.99600
  [ep 1 step 900] loss=1.5883 feat_std=0.0070 lr=0.01211 m=0.99600
  [ep 1 step 950] loss=1.5164 feat_std=0.0070 lr=0.01278 m=0.99600
  [ep 1 step 1000] loss=1.4303 feat_std=0.0073 lr=0.01345 m=0.99600
  [ep 1 step 1050] loss=1.4752 feat_std=0.0073 lr=0.01413 m=0.99600
  [ep 1 step 1100] loss=1.4374 feat_std=0.0074 lr=0.01480 m=0.99600
  [ep 2 step 1150] loss=1.5820 feat_std=0.0074 lr=0.01547 m=0.99600
  [ep 2 step 1200] loss=1.4430 feat_std=0.0076 lr=0.01614 m=0.99600
  [ep 2 step 1250] loss=1.2892 feat_std=0.0075 lr=0.01681 m=0.99600
  [ep 2 step 1300] loss=1.4073 feat_std=0.0074 lr=0.01749 m=0.99600
  [ep 2 step 1350] loss=1.3991 feat_std=0.0074 lr=0.01816 m=0.99600
  [ep 2 step 1400] loss=1.3247 feat_std=0.0074 lr=0.01883 m=0.99600
  [ep 2 step 1450] loss=1.2278 feat_std=0.0078 lr=0.01950 m=0.99600
  [ep 2 step 1500] loss=1.2231 feat_std=0.0080 lr=0.02017 m=0.99600
  [ep 2 step 1550] loss=1.1974 feat_std=0.0076 lr=0.02085 m=0.99600
  [ep 2 step 1600] loss=1.3147 feat_std=0.0074 lr=0.02152 m=0.99600
  [ep 2 step 1650] loss=1.4115 feat_std=0.0076 lr=0.02219 m=0.99600
  [ep 3 step 1700] loss=1.3411 feat_std=0.0077 lr=0.02286 m=0.99600
  [ep 3 step 1750] loss=1.2527 feat_std=0.0077 lr=0.02353 m=0.99600
  [ep 3 step 1800] loss=1.2585 feat_std=0.0074 lr=0.02421 m=0.99600
  [ep 3 step 1850] loss=1.1430 feat_std=0.0079 lr=0.02488 m=0.99600
  [ep 3 step 1900] loss=0.9689 feat_std=0.0077 lr=0.02555 m=0.99600
  [ep 3 step 1950] loss=1.1745 feat_std=0.0077 lr=0.02622 m=0.99600
  [ep 3 step 2000] loss=1.1662 feat_std=0.0074 lr=0.02690 m=0.99600
  [ep 3 step 2050] loss=0.9386 feat_std=0.0080 lr=0.02757 m=0.99600
  [ep 3 step 2100] loss=1.1736 feat_std=0.0079 lr=0.02824 m=0.99600
  [ep 3 step 2150] loss=0.9138 feat_std=0.0076 lr=0.02891 m=0.99600
  [ep 3 step 2200] loss=1.1155 feat_std=0.0077 lr=0.02958 m=0.99600
  [ep 4 step 2250] loss=0.8275 feat_std=0.0081 lr=0.03026 m=0.99600
  [ep 4 step 2300] loss=1.2435 feat_std=0.0079 lr=0.03093 m=0.99600
  [ep 4 step 2350] loss=0.9655 feat_std=0.0080 lr=0.03160 m=0.99600
  [ep 4 step 2400] loss=1.0699 feat_std=0.0078 lr=0.03227 m=0.99600
  [ep 4 step 2450] loss=0.8341 feat_std=0.0082 lr=0.03294 m=0.99600
  [ep 4 step 2500] loss=0.8951 feat_std=0.0081 lr=0.03362 m=0.99600
  [ep 4 step 2550] loss=0.9731 feat_std=0.0080 lr=0.03429 m=0.99600
  [ep 4 step 2600] loss=0.6592 feat_std=0.0084 lr=0.03496 m=0.99600
  [ep 4 step 2650] loss=1.0160 feat_std=0.0079 lr=0.03563 m=0.99600
  [ep 4 step 2700] loss=0.8996 feat_std=0.0080 lr=0.03630 m=0.99600
  [ep 4 step 2750] loss=0.6850 feat_std=0.0082 lr=0.03698 m=0.99600
  [ep 5 step 2800] loss=0.7244 feat_std=0.0085 lr=0.03765 m=0.99600
  [ep 5 step 2850] loss=0.8261 feat_std=0.0081 lr=0.03832 m=0.99600
  [ep 5 step 2900] loss=0.7007 feat_std=0.0080 lr=0.03899 m=0.99600
  [ep 5 step 2950] loss=0.6481 feat_std=0.0084 lr=0.03966 m=0.99600
  [ep 5 step 3000] loss=0.7274 feat_std=0.0084 lr=0.04034 m=0.99600
  [ep 5 step 3050] loss=0.8724 feat_std=0.0085 lr=0.04101 m=0.99600
  [ep 5 step 3100] loss=0.7329 feat_std=0.0080 lr=0.04168 m=0.99600
  [ep 5 step 3150] loss=0.4849 feat_std=0.0084 lr=0.04235 m=0.99600
  [ep 5 step 3200] loss=0.5271 feat_std=0.0082 lr=0.04302 m=0.99600
  [ep 5 step 3250] loss=0.6625 feat_std=0.0084 lr=0.04370 m=0.99600
  [ep 5 step 3300] loss=0.5764 feat_std=0.0080 lr=0.04437 m=0.99600
  [ep 6 step 3350] loss=0.6612 feat_std=0.0085 lr=0.04504 m=0.99600
  [ep 6 step 3400] loss=0.7612 feat_std=0.0082 lr=0.04571 m=0.99600
  [ep 6 step 3450] loss=0.6194 feat_std=0.0083 lr=0.04638 m=0.99600
  [ep 6 step 3500] loss=0.4835 feat_std=0.0085 lr=0.04706 m=0.99600
  [ep 6 step 3550] loss=0.4925 feat_std=0.0085 lr=0.04773 m=0.99600
  [ep 6 step 3600] loss=0.5312 feat_std=0.0084 lr=0.04840 m=0.99600
  [ep 6 step 3650] loss=0.5151 feat_std=0.0084 lr=0.04907 m=0.99600
  [ep 6 step 3700] loss=0.4901 feat_std=0.0084 lr=0.04974 m=0.99600
  [ep 6 step 3750] loss=0.4209 feat_std=0.0084 lr=0.05042 m=0.99600
  [ep 6 step 3800] loss=0.4295 feat_std=0.0084 lr=0.05109 m=0.99601
  [ep 6 step 3850] loss=0.3946 feat_std=0.0085 lr=0.05176 m=0.99601
  [ep 6 step 3900] loss=0.3969 feat_std=0.0084 lr=0.05243 m=0.99601
  [ep 7 step 3950] loss=0.4253 feat_std=0.0084 lr=0.05310 m=0.99601
  [ep 7 step 4000] loss=0.5123 feat_std=0.0083 lr=0.05378 m=0.99601
  [ep 7 step 4050] loss=0.4421 feat_std=0.0085 lr=0.05445 m=0.99601
  [ep 7 step 4100] loss=0.4028 feat_std=0.0086 lr=0.05512 m=0.99601
  [ep 7 step 4150] loss=0.3644 feat_std=0.0086 lr=0.05579 m=0.99601
  [ep 7 step 4200] loss=0.3655 feat_std=0.0087 lr=0.05647 m=0.99601
  [ep 7 step 4250] loss=0.3977 feat_std=0.0087 lr=0.05714 m=0.99601
  [ep 7 step 4300] loss=0.3386 feat_std=0.0085 lr=0.05781 m=0.99601
  [ep 7 step 4350] loss=0.3966 feat_std=0.0086 lr=0.05848 m=0.99601
  [ep 7 step 4400] loss=0.5007 feat_std=0.0083 lr=0.05915 m=0.99601
  [ep 7 step 4450] loss=0.2928 feat_std=0.0083 lr=0.05983 m=0.99601
  [ep 8 step 4500] loss=0.3616 feat_std=0.0085 lr=0.06050 m=0.99601
  [ep 8 step 4550] loss=0.3122 feat_std=0.0086 lr=0.06117 m=0.99601
  [ep 8 step 4600] loss=0.3465 feat_std=0.0085 lr=0.06184 m=0.99601
  [ep 8 step 4650] loss=0.4293 feat_std=0.0085 lr=0.06251 m=0.99601
  [ep 8 step 4700] loss=0.3969 feat_std=0.0084 lr=0.06319 m=0.99601
  [ep 8 step 4750] loss=0.3135 feat_std=0.0086 lr=0.06386 m=0.99601
  [ep 8 step 4800] loss=0.3757 feat_std=0.0081 lr=0.06453 m=0.99601
  [ep 8 step 4850] loss=0.2661 feat_std=0.0084 lr=0.06520 m=0.99601
  [ep 8 step 4900] loss=0.3014 feat_std=0.0083 lr=0.06587 m=0.99601
  [ep 8 step 4950] loss=0.2962 feat_std=0.0086 lr=0.06655 m=0.99601
  [ep 8 step 5000] loss=0.3217 feat_std=0.0086 lr=0.06722 m=0.99601
  [ep 9 step 5050] loss=0.2192 feat_std=0.0084 lr=0.06789 m=0.99601
  [ep 9 step 5100] loss=0.2635 feat_std=0.0083 lr=0.06856 m=0.99601
  [ep 9 step 5150] loss=0.2541 feat_std=0.0085 lr=0.06923 m=0.99601
  [ep 9 step 5200] loss=0.3158 feat_std=0.0086 lr=0.06991 m=0.99601
  [ep 9 step 5250] loss=0.2338 feat_std=0.0081 lr=0.07058 m=0.99601
  [ep 9 step 5300] loss=0.3603 feat_std=0.0082 lr=0.07125 m=0.99601
  [ep 9 step 5350] loss=0.1900 feat_std=0.0083 lr=0.07192 m=0.99601
  [ep 9 step 5400] loss=0.2642 feat_std=0.0085 lr=0.07259 m=0.99601
  [ep 9 step 5450] loss=0.3035 feat_std=0.0083 lr=0.07327 m=0.99601
  [ep 9 step 5500] loss=0.2492 feat_std=0.0083 lr=0.07394 m=0.99601
  [ep 9 step 5550] loss=0.2545 feat_std=0.0081 lr=0.07461 m=0.99601
  [ep 10 step 5600] loss=0.2439 feat_std=0.0081 lr=0.07500 m=0.99601
  [ep 10 step 5650] loss=0.2689 feat_std=0.0082 lr=0.07500 m=0.99601
  [ep 10 step 5700] loss=0.2397 feat_std=0.0081 lr=0.07500 m=0.99601
  [ep 10 step 5750] loss=0.1771 feat_std=0.0083 lr=0.07500 m=0.99601
  [ep 10 step 5800] loss=0.3166 feat_std=0.0081 lr=0.07500 m=0.99601
  [ep 10 step 5850] loss=0.2165 feat_std=0.0082 lr=0.07500 m=0.99601
  [ep 10 step 5900] loss=0.2972 feat_std=0.0081 lr=0.07500 m=0.99601
  [ep 10 step 5950] loss=0.3629 feat_std=0.0082 lr=0.07500 m=0.99601
  [ep 10 step 6000] loss=0.2036 feat_std=0.0083 lr=0.07500 m=0.99601
  [ep 10 step 6050] loss=0.2979 feat_std=0.0081 lr=0.07500 m=0.99601
  [ep 10 step 6100] loss=0.2461 feat_std=0.0079 lr=0.07500 m=0.99601
  [ep 11 step 6150] loss=0.2366 feat_std=0.0080 lr=0.07500 m=0.99601
  [ep 11 step 6200] loss=0.2124 feat_std=0.0080 lr=0.07500 m=0.99601
  [ep 11 step 6250] loss=0.3329 feat_std=0.0076 lr=0.07500 m=0.99601
  [ep 11 step 6300] loss=0.1680 feat_std=0.0081 lr=0.07500 m=0.99601
  [ep 11 step 6350] loss=0.2537 feat_std=0.0081 lr=0.07500 m=0.99601
  [ep 11 step 6400] loss=0.2640 feat_std=0.0080 lr=0.07500 m=0.99601
  [ep 11 step 6450] loss=0.2337 feat_std=0.0081 lr=0.07499 m=0.99601
  [ep 11 step 6500] loss=0.2008 feat_std=0.0081 lr=0.07499 m=0.99601
  [ep 11 step 6550] loss=0.2159 feat_std=0.0080 lr=0.07499 m=0.99602
  [ep 11 step 6600] loss=0.2075 feat_std=0.0081 lr=0.07499 m=0.99602
  [ep 11 step 6650] loss=0.2111 feat_std=0.0081 lr=0.07499 m=0.99602
  [ep 12 step 6700] loss=0.1975 feat_std=0.0080 lr=0.07499 m=0.99602
  [ep 12 step 6750] loss=0.2159 feat_std=0.0081 lr=0.07499 m=0.99602
  [ep 12 step 6800] loss=0.1916 feat_std=0.0079 lr=0.07499 m=0.99602
  [ep 12 step 6850] loss=0.1911 feat_std=0.0080 lr=0.07499 m=0.99602
  [ep 12 step 6900] loss=0.1902 feat_std=0.0078 lr=0.07499 m=0.99602
  [ep 12 step 6950] loss=0.1942 feat_std=0.0082 lr=0.07499 m=0.99602
  [ep 12 step 7000] loss=0.2034 feat_std=0.0079 lr=0.07499 m=0.99602
  [ep 12 step 7050] loss=0.2070 feat_std=0.0079 lr=0.07498 m=0.99602
  [ep 12 step 7100] loss=0.1794 feat_std=0.0080 lr=0.07498 m=0.99602
  [ep 12 step 7150] loss=0.2049 feat_std=0.0080 lr=0.07498 m=0.99602
  [ep 12 step 7200] loss=0.2388 feat_std=0.0079 lr=0.07498 m=0.99602
  [ep 12 step 7250] loss=0.1604 feat_std=0.0076 lr=0.07498 m=0.99602
  [ep 13 step 7300] loss=0.1790 feat_std=0.0080 lr=0.07498 m=0.99602
  [ep 13 step 7350] loss=0.2099 feat_std=0.0079 lr=0.07498 m=0.99602
  [ep 13 step 7400] loss=0.1386 feat_std=0.0080 lr=0.07498 m=0.99602
  [ep 13 step 7450] loss=0.1978 feat_std=0.0079 lr=0.07498 m=0.99602
  [ep 13 step 7500] loss=0.1939 feat_std=0.0078 lr=0.07497 m=0.99602
  [ep 13 step 7550] loss=0.1669 feat_std=0.0078 lr=0.07497 m=0.99602
  [ep 13 step 7600] loss=0.1945 feat_std=0.0077 lr=0.07497 m=0.99602
  [ep 13 step 7650] loss=0.1534 feat_std=0.0078 lr=0.07497 m=0.99602
  [ep 13 step 7700] loss=0.1765 feat_std=0.0077 lr=0.07497 m=0.99602
  [ep 13 step 7750] loss=0.1468 feat_std=0.0079 lr=0.07497 m=0.99602
  [ep 13 step 7800] loss=0.1417 feat_std=0.0078 lr=0.07497 m=0.99602
  [ep 14 step 7850] loss=0.1629 feat_std=0.0079 lr=0.07496 m=0.99602
  [ep 14 step 7900] loss=0.1425 feat_std=0.0079 lr=0.07496 m=0.99602
  [ep 14 step 7950] loss=0.1610 feat_std=0.0076 lr=0.07496 m=0.99602
  [ep 14 step 8000] loss=0.1384 feat_std=0.0079 lr=0.07496 m=0.99602
  [ep 14 step 8050] loss=0.1553 feat_std=0.0075 lr=0.07496 m=0.99602
  [ep 14 step 8100] loss=0.1660 feat_std=0.0076 lr=0.07496 m=0.99602
  [ep 14 step 8150] loss=0.1408 feat_std=0.0080 lr=0.07495 m=0.99602
  [ep 14 step 8200] loss=0.1438 feat_std=0.0078 lr=0.07495 m=0.99602
  [ep 14 step 8250] loss=0.1763 feat_std=0.0079 lr=0.07495 m=0.99602
  [ep 14 step 8300] loss=0.1404 feat_std=0.0079 lr=0.07495 m=0.99602
  [ep 14 step 8350] loss=0.1376 feat_std=0.0077 lr=0.07495 m=0.99602
  [ep 15 step 8400] loss=0.1342 feat_std=0.0078 lr=0.07494 m=0.99602
  [ep 15 step 8450] loss=0.1286 feat_std=0.0079 lr=0.07494 m=0.99603
  [ep 15 step 8500] loss=0.1357 feat_std=0.0076 lr=0.07494 m=0.99603
  [ep 15 step 8550] loss=0.2356 feat_std=0.0074 lr=0.07494 m=0.99603
  [ep 15 step 8600] loss=0.1694 feat_std=0.0077 lr=0.07494 m=0.99603
  [ep 15 step 8650] loss=0.1107 feat_std=0.0079 lr=0.07493 m=0.99603
  [ep 15 step 8700] loss=0.1442 feat_std=0.0078 lr=0.07493 m=0.99603
  [ep 15 step 8750] loss=0.1593 feat_std=0.0077 lr=0.07493 m=0.99603
  [ep 15 step 8800] loss=0.1419 feat_std=0.0077 lr=0.07493 m=0.99603
  [ep 15 step 8850] loss=0.1347 feat_std=0.0076 lr=0.07492 m=0.99603
  [ep 15 step 8900] loss=0.1393 feat_std=0.0076 lr=0.07492 m=0.99603
  [ep 16 step 8950] loss=0.1745 feat_std=0.0072 lr=0.07492 m=0.99603
  [ep 16 step 9000] loss=0.1804 feat_std=0.0074 lr=0.07492 m=0.99603
  [ep 16 step 9050] loss=0.1451 feat_std=0.0075 lr=0.07491 m=0.99603
  [ep 16 step 9100] loss=0.1374 feat_std=0.0076 lr=0.07491 m=0.99603
  [ep 16 step 9150] loss=0.1460 feat_std=0.0075 lr=0.07491 m=0.99603
  [ep 16 step 9200] loss=0.1306 feat_std=0.0076 lr=0.07491 m=0.99603
  [ep 16 step 9250] loss=0.1517 feat_std=0.0077 lr=0.07490 m=0.99603
  [ep 16 step 9300] loss=0.1192 feat_std=0.0078 lr=0.07490 m=0.99603
  [ep 16 step 9350] loss=0.1153 feat_std=0.0076 lr=0.07490 m=0.99603
  [ep 16 step 9400] loss=0.1292 feat_std=0.0074 lr=0.07490 m=0.99603
  [ep 16 step 9450] loss=0.1349 feat_std=0.0077 lr=0.07489 m=0.99603
  [ep 17 step 9500] loss=0.1278 feat_std=0.0078 lr=0.07489 m=0.99603
  [ep 17 step 9550] loss=0.1786 feat_std=0.0075 lr=0.07489 m=0.99603
  [ep 17 step 9600] loss=0.1172 feat_std=0.0075 lr=0.07489 m=0.99603
  [ep 17 step 9650] loss=0.1385 feat_std=0.0075 lr=0.07488 m=0.99603
  [ep 17 step 9700] loss=0.1236 feat_std=0.0075 lr=0.07488 m=0.99603
  [ep 17 step 9750] loss=0.1467 feat_std=0.0076 lr=0.07488 m=0.99603
  [ep 17 step 9800] loss=0.1160 feat_std=0.0078 lr=0.07487 m=0.99603
  [ep 17 step 9850] loss=0.1236 feat_std=0.0075 lr=0.07487 m=0.99603
  [ep 17 step 9900] loss=0.1225 feat_std=0.0075 lr=0.07487 m=0.99603
  [ep 17 step 9950] loss=0.1152 feat_std=0.0076 lr=0.07487 m=0.99603
  [ep 17 step 10000] loss=0.1533 feat_std=0.0073 lr=0.07486 m=0.99604
  [ep 18 step 10050] loss=0.1207 feat_std=0.0077 lr=0.07486 m=0.99604
  [ep 18 step 10100] loss=0.1200 feat_std=0.0077 lr=0.07486 m=0.99604
  [ep 18 step 10150] loss=0.1279 feat_std=0.0075 lr=0.07485 m=0.99604
  [ep 18 step 10200] loss=0.1262 feat_std=0.0075 lr=0.07485 m=0.99604
  [ep 18 step 10250] loss=0.1775 feat_std=0.0075 lr=0.07485 m=0.99604
  [ep 18 step 10300] loss=0.1093 feat_std=0.0076 lr=0.07484 m=0.99604
  [ep 18 step 10350] loss=0.1201 feat_std=0.0075 lr=0.07484 m=0.99604
  [ep 18 step 10400] loss=0.1213 feat_std=0.0075 lr=0.07484 m=0.99604
  [ep 18 step 10450] loss=0.1142 feat_std=0.0074 lr=0.07483 m=0.99604
  [ep 18 step 10500] loss=0.1269 feat_std=0.0075 lr=0.07483 m=0.99604
  [ep 18 step 10550] loss=0.1173 feat_std=0.0072 lr=0.07483 m=0.99604
  [ep 18 step 10600] loss=0.1331 feat_std=0.0075 lr=0.07482 m=0.99604
  [ep 19 step 10650] loss=0.1333 feat_std=0.0075 lr=0.07482 m=0.99604
  [ep 19 step 10700] loss=0.1324 feat_std=0.0075 lr=0.07481 m=0.99604
  [ep 19 step 10750] loss=0.1574 feat_std=0.0074 lr=0.07481 m=0.99604
  [ep 19 step 10800] loss=0.1009 feat_std=0.0073 lr=0.07481 m=0.99604
  [ep 19 step 10850] loss=0.1179 feat_std=0.0074 lr=0.07480 m=0.99604
  [ep 19 step 10900] loss=0.1419 feat_std=0.0073 lr=0.07480 m=0.99604
  [ep 19 step 10950] loss=0.1197 feat_std=0.0075 lr=0.07480 m=0.99604
  [ep 19 step 11000] loss=0.1290 feat_std=0.0073 lr=0.07479 m=0.99604
  [ep 19 step 11050] loss=0.1374 feat_std=0.0074 lr=0.07479 m=0.99604
  [ep 19 step 11100] loss=0.1085 feat_std=0.0075 lr=0.07478 m=0.99604
  [ep 19 step 11150] loss=0.1110 feat_std=0.0073 lr=0.07478 m=0.99604
  [ep 20 step 11200] loss=0.1192 feat_std=0.0074 lr=0.07478 m=0.99604
  [ep 20 step 11250] loss=0.1179 feat_std=0.0074 lr=0.07477 m=0.99604
  [ep 20 step 11300] loss=0.1121 feat_std=0.0075 lr=0.07477 m=0.99604
  [ep 20 step 11350] loss=0.1091 feat_std=0.0072 lr=0.07476 m=0.99605
  [ep 20 step 11400] loss=0.1247 feat_std=0.0074 lr=0.07476 m=0.99605
  [ep 20 step 11450] loss=0.1185 feat_std=0.0072 lr=0.07476 m=0.99605
  [ep 20 step 11500] loss=0.1138 feat_std=0.0074 lr=0.07475 m=0.99605
  [ep 20 step 11550] loss=0.1215 feat_std=0.0071 lr=0.07475 m=0.99605
  [ep 20 step 11600] loss=0.1276 feat_std=0.0073 lr=0.07474 m=0.99605
  [ep 20 step 11650] loss=0.1159 feat_std=0.0074 lr=0.07474 m=0.99605
  [ep 20 step 11700] loss=0.1354 feat_std=0.0074 lr=0.07474 m=0.99605
  [ep 21 step 11750] loss=0.1179 feat_std=0.0074 lr=0.07473 m=0.99605
  [ep 21 step 11800] loss=0.1171 feat_std=0.0074 lr=0.07473 m=0.99605
  [ep 21 step 11850] loss=0.1273 feat_std=0.0071 lr=0.07472 m=0.99605
  [ep 21 step 11900] loss=0.1083 feat_std=0.0074 lr=0.07472 m=0.99605
  [ep 21 step 11950] loss=0.1139 feat_std=0.0073 lr=0.07471 m=0.99605
  [ep 21 step 12000] loss=0.1166 feat_std=0.0073 lr=0.07471 m=0.99605
  [ep 21 step 12050] loss=0.1130 feat_std=0.0074 lr=0.07470 m=0.99605
  [ep 21 step 12100] loss=0.1050 feat_std=0.0075 lr=0.07470 m=0.99605
  [ep 21 step 12150] loss=0.1268 feat_std=0.0073 lr=0.07470 m=0.99605
  [ep 21 step 12200] loss=0.1423 feat_std=0.0073 lr=0.07469 m=0.99605
  [ep 21 step 12250] loss=0.1185 feat_std=0.0073 lr=0.07469 m=0.99605
  [ep 22 step 12300] loss=0.1045 feat_std=0.0073 lr=0.07468 m=0.99605
  [ep 22 step 12350] loss=0.1063 feat_std=0.0073 lr=0.07468 m=0.99605
  [ep 22 step 12400] loss=0.1159 feat_std=0.0073 lr=0.07467 m=0.99605
  [ep 22 step 12450] loss=0.1106 feat_std=0.0072 lr=0.07467 m=0.99605
  [ep 22 step 12500] loss=0.1049 feat_std=0.0074 lr=0.07466 m=0.99605
  [ep 22 step 12550] loss=0.1061 feat_std=0.0075 lr=0.07466 m=0.99606
  [ep 22 step 12600] loss=0.1108 feat_std=0.0073 lr=0.07465 m=0.99606
  [ep 22 step 12650] loss=0.1337 feat_std=0.0072 lr=0.07465 m=0.99606
  [ep 22 step 12700] loss=0.1244 feat_std=0.0073 lr=0.07464 m=0.99606
  [ep 22 step 12750] loss=0.1454 feat_std=0.0072 lr=0.07464 m=0.99606
  [ep 22 step 12800] loss=0.1051 feat_std=0.0073 lr=0.07463 m=0.99606
  [ep 23 step 12850] loss=0.0994 feat_std=0.0075 lr=0.07463 m=0.99606
  [ep 23 step 12900] loss=0.1118 feat_std=0.0073 lr=0.07462 m=0.99606
  [ep 23 step 12950] loss=0.1077 feat_std=0.0075 lr=0.07462 m=0.99606
  [ep 23 step 13000] loss=0.0983 feat_std=0.0072 lr=0.07461 m=0.99606
  [ep 23 step 13050] loss=0.1146 feat_std=0.0074 lr=0.07461 m=0.99606
  [ep 23 step 13100] loss=0.1287 feat_std=0.0072 lr=0.07460 m=0.99606
  [ep 23 step 13150] loss=0.1038 feat_std=0.0073 lr=0.07460 m=0.99606
  [ep 23 step 13200] loss=0.1491 feat_std=0.0074 lr=0.07459 m=0.99606
  [ep 23 step 13250] loss=0.1210 feat_std=0.0073 lr=0.07459 m=0.99606
  [ep 23 step 13300] loss=0.1169 feat_std=0.0072 lr=0.07458 m=0.99606
  [ep 23 step 13350] loss=0.1010 feat_std=0.0073 lr=0.07457 m=0.99606
  [ep 24 step 13400] loss=0.0947 feat_std=0.0073 lr=0.07457 m=0.99606
  [ep 24 step 13450] loss=0.1070 feat_std=0.0075 lr=0.07456 m=0.99606
  [ep 24 step 13500] loss=0.1147 feat_std=0.0073 lr=0.07456 m=0.99606
  [ep 24 step 13550] loss=0.1151 feat_std=0.0073 lr=0.07455 m=0.99606
  [ep 24 step 13600] loss=0.0979 feat_std=0.0073 lr=0.07455 m=0.99606
  [ep 24 step 13650] loss=0.1119 feat_std=0.0074 lr=0.07454 m=0.99607
  [ep 24 step 13700] loss=0.1037 feat_std=0.0074 lr=0.07454 m=0.99607
  [ep 24 step 13750] loss=0.1087 feat_std=0.0072 lr=0.07453 m=0.99607
  [ep 24 step 13800] loss=0.1235 feat_std=0.0075 lr=0.07452 m=0.99607
  [ep 24 step 13850] loss=0.1109 feat_std=0.0072 lr=0.07452 m=0.99607
  [ep 24 step 13900] loss=0.1096 feat_std=0.0073 lr=0.07451 m=0.99607
  [ep 25 step 13950] loss=0.1159 feat_std=0.0074 lr=0.07451 m=0.99607
  [ep 25 step 14000] loss=0.1061 feat_std=0.0072 lr=0.07450 m=0.99607
  [ep 25 step 14050] loss=0.1158 feat_std=0.0072 lr=0.07449 m=0.99607
  [ep 25 step 14100] loss=0.1569 feat_std=0.0072 lr=0.07449 m=0.99607
  [ep 25 step 14150] loss=0.1220 feat_std=0.0074 lr=0.07448 m=0.99607
  [ep 25 step 14200] loss=0.1232 feat_std=0.0072 lr=0.07448 m=0.99607
  [ep 25 step 14250] loss=0.1469 feat_std=0.0072 lr=0.07447 m=0.99607
  [ep 25 step 14300] loss=0.1275 feat_std=0.0072 lr=0.07446 m=0.99607
  [ep 25 step 14350] loss=0.1158 feat_std=0.0072 lr=0.07446 m=0.99607
  [ep 25 step 14400] loss=0.1020 feat_std=0.0075 lr=0.07445 m=0.99607
  [ep 25 step 14450] loss=0.1257 feat_std=0.0074 lr=0.07445 m=0.99607
  [ep 25 step 14500] loss=0.1264 feat_std=0.0073 lr=0.07444 m=0.99607
  [ep 26 step 14550] loss=0.1111 feat_std=0.0075 lr=0.07443 m=0.99607
  [ep 26 step 14600] loss=0.1043 feat_std=0.0073 lr=0.07443 m=0.99607
  [ep 26 step 14650] loss=0.1189 feat_std=0.0074 lr=0.07442 m=0.99608
  [ep 26 step 14700] loss=0.1080 feat_std=0.0074 lr=0.07441 m=0.99608
  [ep 26 step 14750] loss=0.1067 feat_std=0.0071 lr=0.07441 m=0.99608
  [ep 26 step 14800] loss=0.1244 feat_std=0.0073 lr=0.07440 m=0.99608
  [ep 26 step 14850] loss=0.1196 feat_std=0.0075 lr=0.07439 m=0.99608
  [ep 26 step 14900] loss=0.1308 feat_std=0.0073 lr=0.07439 m=0.99608
  [ep 26 step 14950] loss=0.1146 feat_std=0.0073 lr=0.07438 m=0.99608
  [ep 26 step 15000] loss=0.1143 feat_std=0.0073 lr=0.07437 m=0.99608
  [ep 26 step 15050] loss=0.1186 feat_std=0.0073 lr=0.07437 m=0.99608
  [ep 27 step 15100] loss=0.1151 feat_std=0.0074 lr=0.07436 m=0.99608
  [ep 27 step 15150] loss=0.1105 feat_std=0.0073 lr=0.07435 m=0.99608
  [ep 27 step 15200] loss=0.1130 feat_std=0.0074 lr=0.07435 m=0.99608
  [ep 27 step 15250] loss=0.1210 feat_std=0.0072 lr=0.07434 m=0.99608
  [ep 27 step 15300] loss=0.1114 feat_std=0.0074 lr=0.07433 m=0.99608
  [ep 27 step 15350] loss=0.1189 feat_std=0.0073 lr=0.07433 m=0.99608
  [ep 27 step 15400] loss=0.1206 feat_std=0.0073 lr=0.07432 m=0.99608
  [ep 27 step 15450] loss=0.1211 feat_std=0.0074 lr=0.07431 m=0.99608
  [ep 27 step 15500] loss=0.1125 feat_std=0.0073 lr=0.07431 m=0.99608
  [ep 27 step 15550] loss=0.1133 feat_std=0.0072 lr=0.07430 m=0.99608
  [ep 27 step 15600] loss=0.1086 feat_std=0.0073 lr=0.07429 m=0.99609
  [ep 28 step 15650] loss=0.1023 feat_std=0.0074 lr=0.07429 m=0.99609
  [ep 28 step 15700] loss=0.1216 feat_std=0.0076 lr=0.07428 m=0.99609
  [ep 28 step 15750] loss=0.1242 feat_std=0.0073 lr=0.07427 m=0.99609
  [ep 28 step 15800] loss=0.1112 feat_std=0.0075 lr=0.07426 m=0.99609
  [ep 28 step 15850] loss=0.1100 feat_std=0.0073 lr=0.07426 m=0.99609
  [ep 28 step 15900] loss=0.1036 feat_std=0.0073 lr=0.07425 m=0.99609
  [ep 28 step 15950] loss=0.1275 feat_std=0.0073 lr=0.07424 m=0.99609
  [ep 28 step 16000] loss=0.1040 feat_std=0.0072 lr=0.07424 m=0.99609
  [ep 28 step 16050] loss=0.1000 feat_std=0.0076 lr=0.07423 m=0.99609
  [ep 28 step 16100] loss=0.1083 feat_std=0.0072 lr=0.07422 m=0.99609
  [ep 28 step 16150] loss=0.1207 feat_std=0.0073 lr=0.07421 m=0.99609
  [ep 29 step 16200] loss=0.1095 feat_std=0.0074 lr=0.07421 m=0.99609
  [ep 29 step 16250] loss=0.1138 feat_std=0.0075 lr=0.07420 m=0.99609
  [ep 29 step 16300] loss=0.1080 feat_std=0.0073 lr=0.07419 m=0.99609
  [ep 29 step 16350] loss=0.1165 feat_std=0.0076 lr=0.07418 m=0.99609
  [ep 29 step 16400] loss=0.1211 feat_std=0.0073 lr=0.07418 m=0.99609
  [ep 29 step 16450] loss=0.1035 feat_std=0.0075 lr=0.07417 m=0.99609
  [ep 29 step 16500] loss=0.1099 feat_std=0.0073 lr=0.07416 m=0.99610
  [ep 29 step 16550] loss=0.1083 feat_std=0.0074 lr=0.07415 m=0.99610
  [ep 29 step 16600] loss=0.1381 feat_std=0.0073 lr=0.07415 m=0.99610
  [ep 29 step 16650] loss=0.1237 feat_std=0.0073 lr=0.07414 m=0.99610
  [ep 29 step 16700] loss=0.1433 feat_std=0.0072 lr=0.07413 m=0.99610
  [ep 30 step 16750] loss=0.1182 feat_std=0.0075 lr=0.07412 m=0.99610
  [ep 30 step 16800] loss=0.1185 feat_std=0.0072 lr=0.07411 m=0.99610
  [ep 30 step 16850] loss=0.1069 feat_std=0.0073 lr=0.07411 m=0.99610
  [ep 30 step 16900] loss=0.1202 feat_std=0.0072 lr=0.07410 m=0.99610
  [ep 30 step 16950] loss=0.1164 feat_std=0.0075 lr=0.07409 m=0.99610
  [ep 30 step 17000] loss=0.1106 feat_std=0.0074 lr=0.07408 m=0.99610
  [ep 30 step 17050] loss=0.1104 feat_std=0.0075 lr=0.07407 m=0.99610
  [ep 30 step 17100] loss=0.1113 feat_std=0.0074 lr=0.07407 m=0.99610
  [ep 30 step 17150] loss=0.1087 feat_std=0.0075 lr=0.07406 m=0.99610
  [ep 30 step 17200] loss=0.1159 feat_std=0.0075 lr=0.07405 m=0.99610
  [ep 30 step 17250] loss=0.1186 feat_std=0.0074 lr=0.07404 m=0.99610
  [ep 31 step 17300] loss=0.1076 feat_std=0.0076 lr=0.07403 m=0.99610
  [ep 31 step 17350] loss=0.1167 feat_std=0.0075 lr=0.07403 m=0.99611
  [ep 31 step 17400] loss=0.1210 feat_std=0.0073 lr=0.07402 m=0.99611
  [ep 31 step 17450] loss=0.1207 feat_std=0.0074 lr=0.07401 m=0.99611
  [ep 31 step 17500] loss=0.1084 feat_std=0.0076 lr=0.07400 m=0.99611
  [ep 31 step 17550] loss=0.1222 feat_std=0.0075 lr=0.07399 m=0.99611
  [ep 31 step 17600] loss=0.1139 feat_std=0.0075 lr=0.07398 m=0.99611
  [ep 31 step 17650] loss=0.1495 feat_std=0.0075 lr=0.07398 m=0.99611
  [ep 31 step 17700] loss=0.1116 feat_std=0.0077 lr=0.07397 m=0.99611
  [ep 31 step 17750] loss=0.1165 feat_std=0.0075 lr=0.07396 m=0.99611
  [ep 31 step 17800] loss=0.1215 feat_std=0.0073 lr=0.07395 m=0.99611
  [ep 31 step 17850] loss=0.1049 feat_std=0.0074 lr=0.07394 m=0.99611
  [ep 32 step 17900] loss=0.1102 feat_std=0.0076 lr=0.07393 m=0.99611
  [ep 32 step 17950] loss=0.1260 feat_std=0.0075 lr=0.07392 m=0.99611
  [ep 32 step 18000] loss=0.1130 feat_std=0.0074 lr=0.07392 m=0.99611
  [ep 32 step 18050] loss=0.1123 feat_std=0.0078 lr=0.07391 m=0.99611
  [ep 32 step 18100] loss=0.1181 feat_std=0.0075 lr=0.07390 m=0.99611
  [ep 32 step 18150] loss=0.1314 feat_std=0.0075 lr=0.07389 m=0.99611
  [ep 32 step 18200] loss=0.1251 feat_std=0.0075 lr=0.07388 m=0.99612
  [ep 32 step 18250] loss=0.1052 feat_std=0.0076 lr=0.07387 m=0.99612
  [ep 32 step 18300] loss=0.1104 feat_std=0.0075 lr=0.07386 m=0.99612
  [ep 32 step 18350] loss=0.1366 feat_std=0.0075 lr=0.07385 m=0.99612
  [ep 32 step 18400] loss=0.1314 feat_std=0.0075 lr=0.07384 m=0.99612
  [ep 33 step 18450] loss=0.1206 feat_std=0.0075 lr=0.07384 m=0.99612
  [ep 33 step 18500] loss=0.1230 feat_std=0.0078 lr=0.07383 m=0.99612
  [ep 33 step 18550] loss=0.1464 feat_std=0.0074 lr=0.07382 m=0.99612
  [ep 33 step 18600] loss=0.1391 feat_std=0.0076 lr=0.07381 m=0.99612
  [ep 33 step 18650] loss=0.1305 feat_std=0.0077 lr=0.07380 m=0.99612
  [ep 33 step 18700] loss=0.1437 feat_std=0.0077 lr=0.07379 m=0.99612
  [ep 33 step 18750] loss=0.1080 feat_std=0.0079 lr=0.07378 m=0.99612
  [ep 33 step 18800] loss=0.1275 feat_std=0.0076 lr=0.07377 m=0.99612
  [ep 33 step 18850] loss=0.1074 feat_std=0.0075 lr=0.07376 m=0.99612
  [ep 33 step 18900] loss=0.1238 feat_std=0.0076 lr=0.07375 m=0.99612
  [ep 33 step 18950] loss=0.1075 feat_std=0.0079 lr=0.07374 m=0.99613
  [ep 34 step 19000] loss=0.1217 feat_std=0.0077 lr=0.07373 m=0.99613
  [ep 34 step 19050] loss=0.1442 feat_std=0.0078 lr=0.07373 m=0.99613
  [ep 34 step 19100] loss=0.1313 feat_std=0.0078 lr=0.07372 m=0.99613
  [ep 34 step 19150] loss=0.1585 feat_std=0.0079 lr=0.07371 m=0.99613
  [ep 34 step 19200] loss=0.1184 feat_std=0.0076 lr=0.07370 m=0.99613
  [ep 34 step 19250] loss=0.1258 feat_std=0.0080 lr=0.07369 m=0.99613
  [ep 34 step 19300] loss=0.1296 feat_std=0.0077 lr=0.07368 m=0.99613
  [ep 34 step 19350] loss=0.1250 feat_std=0.0076 lr=0.07367 m=0.99613
  [ep 34 step 19400] loss=0.1242 feat_std=0.0080 lr=0.07366 m=0.99613
  [ep 34 step 19450] loss=0.1175 feat_std=0.0078 lr=0.07365 m=0.99613
  [ep 34 step 19500] loss=0.1149 feat_std=0.0077 lr=0.07364 m=0.99613
  [ep 35 step 19550] loss=0.1059 feat_std=0.0081 lr=0.07363 m=0.99613
  [ep 35 step 19600] loss=0.1174 feat_std=0.0079 lr=0.07362 m=0.99613
  [ep 35 step 19650] loss=0.1731 feat_std=0.0077 lr=0.07361 m=0.99613
  [ep 35 step 19700] loss=0.1062 feat_std=0.0080 lr=0.07360 m=0.99614
  [ep 35 step 19750] loss=0.1088 feat_std=0.0080 lr=0.07359 m=0.99614
  [ep 35 step 19800] loss=0.1150 feat_std=0.0080 lr=0.07358 m=0.99614
  [ep 35 step 19850] loss=0.1195 feat_std=0.0080 lr=0.07357 m=0.99614
  [ep 35 step 19900] loss=0.1331 feat_std=0.0079 lr=0.07356 m=0.99614
  [ep 35 step 19950] loss=0.1256 feat_std=0.0081 lr=0.07355 m=0.99614
  [ep 35 step 20000] loss=0.1363 feat_std=0.0081 lr=0.07354 m=0.99614
  [ep 35 step 20050] loss=0.1464 feat_std=0.0078 lr=0.07353 m=0.99614
  [ep 36 step 20100] loss=0.1602 feat_std=0.0080 lr=0.07352 m=0.99614
  [ep 36 step 20150] loss=0.2045 feat_std=0.0081 lr=0.07351 m=0.99614
  [ep 36 step 20200] loss=0.1073 feat_std=0.0080 lr=0.07350 m=0.99614
  [ep 36 step 20250] loss=0.1224 feat_std=0.0080 lr=0.07349 m=0.99614
  [ep 36 step 20300] loss=0.1258 feat_std=0.0081 lr=0.07348 m=0.99614
  [ep 36 step 20350] loss=0.1142 feat_std=0.0081 lr=0.07347 m=0.99614
  [ep 36 step 20400] loss=0.1250 feat_std=0.0083 lr=0.07346 m=0.99614
  [ep 36 step 20450] loss=0.1193 feat_std=0.0082 lr=0.07345 m=0.99615
  [ep 36 step 20500] loss=0.1219 feat_std=0.0082 lr=0.07344 m=0.99615
  [ep 36 step 20550] loss=0.1109 feat_std=0.0082 lr=0.07343 m=0.99615
  [ep 36 step 20600] loss=0.0972 feat_std=0.0084 lr=0.07342 m=0.99615
  [ep 37 step 20650] loss=0.1292 feat_std=0.0083 lr=0.07341 m=0.99615
  [ep 37 step 20700] loss=0.1312 feat_std=0.0083 lr=0.07340 m=0.99615
  [ep 37 step 20750] loss=0.1198 feat_std=0.0083 lr=0.07339 m=0.99615
  [ep 37 step 20800] loss=0.1082 feat_std=0.0083 lr=0.07337 m=0.99615
  [ep 37 step 20850] loss=0.0873 feat_std=0.0085 lr=0.07336 m=0.99615
  [ep 37 step 20900] loss=0.1086 feat_std=0.0083 lr=0.07335 m=0.99615
  [ep 37 step 20950] loss=0.1165 feat_std=0.0085 lr=0.07334 m=0.99615
  [ep 37 step 21000] loss=0.1080 feat_std=0.0083 lr=0.07333 m=0.99615
  [ep 37 step 21050] loss=0.1065 feat_std=0.0083 lr=0.07332 m=0.99615
  [ep 37 step 21100] loss=0.0958 feat_std=0.0082 lr=0.07331 m=0.99615
  [ep 37 step 21150] loss=0.1047 feat_std=0.0085 lr=0.07330 m=0.99616
  [ep 37 step 21200] loss=0.1191 feat_std=0.0082 lr=0.07329 m=0.99616
  [ep 38 step 21250] loss=0.0857 feat_std=0.0086 lr=0.07328 m=0.99616
  [ep 38 step 21300] loss=0.1052 feat_std=0.0084 lr=0.07327 m=0.99616
  [ep 38 step 21350] loss=0.1249 feat_std=0.0083 lr=0.07326 m=0.99616
  [ep 38 step 21400] loss=0.1225 feat_std=0.0085 lr=0.07325 m=0.99616
  [ep 38 step 21450] loss=0.0956 feat_std=0.0086 lr=0.07323 m=0.99616
  [ep 38 step 21500] loss=0.1095 feat_std=0.0083 lr=0.07322 m=0.99616
  [ep 38 step 21550] loss=0.1161 feat_std=0.0083 lr=0.07321 m=0.99616
  [ep 38 step 21600] loss=0.0974 feat_std=0.0084 lr=0.07320 m=0.99616
  [ep 38 step 21650] loss=0.1195 feat_std=0.0086 lr=0.07319 m=0.99616
  [ep 38 step 21700] loss=0.1485 feat_std=0.0084 lr=0.07318 m=0.99616
  [ep 38 step 21750] loss=0.1865 feat_std=0.0085 lr=0.07317 m=0.99616
  [ep 39 step 21800] loss=0.1461 feat_std=0.0085 lr=0.07316 m=0.99617
  [ep 39 step 21850] loss=0.1323 feat_std=0.0083 lr=0.07314 m=0.99617
  [ep 39 step 21900] loss=0.1154 feat_std=0.0084 lr=0.07313 m=0.99617
  [ep 39 step 21950] loss=0.0915 feat_std=0.0087 lr=0.07312 m=0.99617
  [ep 39 step 22000] loss=0.1057 feat_std=0.0087 lr=0.07311 m=0.99617
  [ep 39 step 22050] loss=0.1733 feat_std=0.0086 lr=0.07310 m=0.99617
  [ep 39 step 22100] loss=0.1058 feat_std=0.0083 lr=0.07309 m=0.99617
  [ep 39 step 22150] loss=0.1076 feat_std=0.0088 lr=0.07308 m=0.99617
  [ep 39 step 22200] loss=0.1045 feat_std=0.0087 lr=0.07306 m=0.99617
  [ep 39 step 22250] loss=0.0917 feat_std=0.0087 lr=0.07305 m=0.99617
  [ep 39 step 22300] loss=0.1302 feat_std=0.0086 lr=0.07304 m=0.99617
  [ep 40 step 22350] loss=0.1158 feat_std=0.0085 lr=0.07303 m=0.99617
  [ep 40 step 22400] loss=0.1939 feat_std=0.0085 lr=0.07302 m=0.99617
  [ep 40 step 22450] loss=0.1252 feat_std=0.0086 lr=0.07301 m=0.99617
  [ep 40 step 22500] loss=0.1077 feat_std=0.0086 lr=0.07299 m=0.99618
  [ep 40 step 22550] loss=0.0926 feat_std=0.0085 lr=0.07298 m=0.99618
  [ep 40 step 22600] loss=0.0866 feat_std=0.0087 lr=0.07297 m=0.99618
  [ep 40 step 22650] loss=0.0991 feat_std=0.0088 lr=0.07296 m=0.99618
  [ep 40 step 22700] loss=0.1425 feat_std=0.0087 lr=0.07295 m=0.99618
  [ep 40 step 22750] loss=0.0813 feat_std=0.0086 lr=0.07294 m=0.99618
  [ep 40 step 22800] loss=0.1350 feat_std=0.0085 lr=0.07292 m=0.99618
  [ep 40 step 22850] loss=0.1050 feat_std=0.0086 lr=0.07291 m=0.99618
  [ep 41 step 22900] loss=0.1578 feat_std=0.0086 lr=0.07290 m=0.99618
  [ep 41 step 22950] loss=0.1320 feat_std=0.0089 lr=0.07289 m=0.99618
  [ep 41 step 23000] loss=0.1005 feat_std=0.0088 lr=0.07288 m=0.99618
  [ep 41 step 23050] loss=0.1090 feat_std=0.0088 lr=0.07286 m=0.99618
  [ep 41 step 23100] loss=0.1013 feat_std=0.0090 lr=0.07285 m=0.99619
  [ep 41 step 23150] loss=0.0928 feat_std=0.0088 lr=0.07284 m=0.99619
  [ep 41 step 23200] loss=0.0933 feat_std=0.0087 lr=0.07283 m=0.99619
  [ep 41 step 23250] loss=0.0973 feat_std=0.0088 lr=0.07282 m=0.99619
  [ep 41 step 23300] loss=0.0998 feat_std=0.0091 lr=0.07280 m=0.99619
  [ep 41 step 23350] loss=0.1175 feat_std=0.0089 lr=0.07279 m=0.99619
  [ep 41 step 23400] loss=0.0890 feat_std=0.0092 lr=0.07278 m=0.99619
  [ep 42 step 23450] loss=0.1155 feat_std=0.0087 lr=0.07277 m=0.99619
  [ep 42 step 23500] loss=0.1872 feat_std=0.0086 lr=0.07275 m=0.99619
  [ep 42 step 23550] loss=0.0912 feat_std=0.0092 lr=0.07274 m=0.99619
  [ep 42 step 23600] loss=0.0851 feat_std=0.0089 lr=0.07273 m=0.99619
  [ep 42 step 23650] loss=0.0916 feat_std=0.0092 lr=0.07272 m=0.99619
  [ep 42 step 23700] loss=0.0806 feat_std=0.0089 lr=0.07270 m=0.99619
  [ep 42 step 23750] loss=0.0940 feat_std=0.0090 lr=0.07269 m=0.99620
  [ep 42 step 23800] loss=0.0970 feat_std=0.0089 lr=0.07268 m=0.99620
  [ep 42 step 23850] loss=0.0858 feat_std=0.0091 lr=0.07267 m=0.99620
  [ep 42 step 23900] loss=0.1027 feat_std=0.0090 lr=0.07265 m=0.99620
  [ep 42 step 23950] loss=0.1386 feat_std=0.0089 lr=0.07264 m=0.99620
  [ep 43 step 24000] loss=0.1161 feat_std=0.0088 lr=0.07263 m=0.99620
  [ep 43 step 24050] loss=0.1423 feat_std=0.0093 lr=0.07261 m=0.99620
  [ep 43 step 24100] loss=0.1041 feat_std=0.0091 lr=0.07260 m=0.99620
  [ep 43 step 24150] loss=0.1157 feat_std=0.0091 lr=0.07259 m=0.99620
  [ep 43 step 24200] loss=0.1147 feat_std=0.0092 lr=0.07258 m=0.99620
  [ep 43 step 24250] loss=0.0973 feat_std=0.0093 lr=0.07256 m=0.99620
  [ep 43 step 24300] loss=0.1633 feat_std=0.0090 lr=0.07255 m=0.99620
  [ep 43 step 24350] loss=0.1101 feat_std=0.0095 lr=0.07254 m=0.99621
  [ep 43 step 24400] loss=0.1179 feat_std=0.0092 lr=0.07252 m=0.99621
  [ep 43 step 24450] loss=0.1029 feat_std=0.0091 lr=0.07251 m=0.99621
  [ep 43 step 24500] loss=0.0896 feat_std=0.0091 lr=0.07250 m=0.99621
  [ep 43 step 24550] loss=0.0824 feat_std=0.0091 lr=0.07249 m=0.99621
  [ep 44 step 24600] loss=0.1299 feat_std=0.0093 lr=0.07247 m=0.99621
  [ep 44 step 24650] loss=0.1127 feat_std=0.0092 lr=0.07246 m=0.99621
  [ep 44 step 24700] loss=0.0955 feat_std=0.0093 lr=0.07245 m=0.99621
  [ep 44 step 24750] loss=0.0856 feat_std=0.0092 lr=0.07243 m=0.99621
  [ep 44 step 24800] loss=0.0737 feat_std=0.0093 lr=0.07242 m=0.99621
  [ep 44 step 24850] loss=0.1002 feat_std=0.0095 lr=0.07241 m=0.99621
  [ep 44 step 24900] loss=0.1610 feat_std=0.0093 lr=0.07239 m=0.99621
  [ep 44 step 24950] loss=0.1561 feat_std=0.0091 lr=0.07238 m=0.99622
  [ep 44 step 25000] loss=0.1095 feat_std=0.0094 lr=0.07237 m=0.99622
  [ep 44 step 25050] loss=0.0883 feat_std=0.0091 lr=0.07235 m=0.99622
  [ep 44 step 25100] loss=0.0817 feat_std=0.0093 lr=0.07234 m=0.99622
  [ep 45 step 25150] loss=0.1062 feat_std=0.0091 lr=0.07233 m=0.99622
  [ep 45 step 25200] loss=0.1024 feat_std=0.0091 lr=0.07231 m=0.99622
  [ep 45 step 25250] loss=0.1154 feat_std=0.0091 lr=0.07230 m=0.99622
  [ep 45 step 25300] loss=0.0832 feat_std=0.0093 lr=0.07229 m=0.99622
  [ep 45 step 25350] loss=0.1395 feat_std=0.0094 lr=0.07227 m=0.99622
  [ep 45 step 25400] loss=0.0757 feat_std=0.0092 lr=0.07226 m=0.99622
  [ep 45 step 25450] loss=0.1059 feat_std=0.0095 lr=0.07224 m=0.99622
  [ep 45 step 25500] loss=0.0803 feat_std=0.0092 lr=0.07223 m=0.99622
  [ep 45 step 25550] loss=0.0774 feat_std=0.0094 lr=0.07222 m=0.99623
  [ep 45 step 25600] loss=0.0793 feat_std=0.0094 lr=0.07220 m=0.99623
  [ep 45 step 25650] loss=0.1591 feat_std=0.0092 lr=0.07219 m=0.99623
  [ep 46 step 25700] loss=0.0915 feat_std=0.0094 lr=0.07218 m=0.99623
  [ep 46 step 25750] loss=0.1148 feat_std=0.0093 lr=0.07216 m=0.99623
  [ep 46 step 25800] loss=0.0806 feat_std=0.0096 lr=0.07215 m=0.99623
  [ep 46 step 25850] loss=0.1701 feat_std=0.0093 lr=0.07213 m=0.99623
  [ep 46 step 25900] loss=0.1183 feat_std=0.0093 lr=0.07212 m=0.99623
  [ep 46 step 25950] loss=0.0822 feat_std=0.0093 lr=0.07211 m=0.99623
  [ep 46 step 26000] loss=0.1319 feat_std=0.0094 lr=0.07209 m=0.99623
  [ep 46 step 26050] loss=0.0653 feat_std=0.0097 lr=0.07208 m=0.99623
  [ep 46 step 26100] loss=0.0823 feat_std=0.0093 lr=0.07206 m=0.99624
  [ep 46 step 26150] loss=0.1393 feat_std=0.0091 lr=0.07205 m=0.99624
  [ep 46 step 26200] loss=0.1046 feat_std=0.0095 lr=0.07204 m=0.99624
  [ep 47 step 26250] loss=0.0757 feat_std=0.0095 lr=0.07202 m=0.99624
  [ep 47 step 26300] loss=0.1411 feat_std=0.0096 lr=0.07201 m=0.99624
  [ep 47 step 26350] loss=0.1198 feat_std=0.0097 lr=0.07199 m=0.99624
  [ep 47 step 26400] loss=0.0725 feat_std=0.0094 lr=0.07198 m=0.99624
  [ep 47 step 26450] loss=0.0999 feat_std=0.0095 lr=0.07196 m=0.99624
  [ep 47 step 26500] loss=0.0837 feat_std=0.0095 lr=0.07195 m=0.99624
  [ep 47 step 26550] loss=0.0828 feat_std=0.0095 lr=0.07194 m=0.99624
  [ep 47 step 26600] loss=0.1072 feat_std=0.0094 lr=0.07192 m=0.99624
  [ep 47 step 26650] loss=0.0735 feat_std=0.0094 lr=0.07191 m=0.99624
  [ep 47 step 26700] loss=0.0804 feat_std=0.0093 lr=0.07189 m=0.99625
  [ep 47 step 26750] loss=0.0783 feat_std=0.0096 lr=0.07188 m=0.99625
  [ep 48 step 26800] loss=0.1039 feat_std=0.0096 lr=0.07186 m=0.99625
  [ep 48 step 26850] loss=0.0834 feat_std=0.0094 lr=0.07185 m=0.99625
  [ep 48 step 26900] loss=0.0799 feat_std=0.0097 lr=0.07183 m=0.99625
  [ep 48 step 26950] loss=0.0732 feat_std=0.0098 lr=0.07182 m=0.99625
  [ep 48 step 27000] loss=0.1247 feat_std=0.0098 lr=0.07180 m=0.99625
  [ep 48 step 27050] loss=0.0577 feat_std=0.0096 lr=0.07179 m=0.99625
  [ep 48 step 27100] loss=0.0824 feat_std=0.0097 lr=0.07177 m=0.99625
  [ep 48 step 27150] loss=0.0677 feat_std=0.0093 lr=0.07176 m=0.99625
  [ep 48 step 27200] loss=0.0858 feat_std=0.0097 lr=0.07174 m=0.99625
  [ep 48 step 27250] loss=0.0862 feat_std=0.0094 lr=0.07173 m=0.99626
  [ep 48 step 27300] loss=0.1412 feat_std=0.0098 lr=0.07172 m=0.99626
  [ep 49 step 27350] loss=0.0761 feat_std=0.0096 lr=0.07170 m=0.99626
  [ep 49 step 27400] loss=0.0873 feat_std=0.0096 lr=0.07169 m=0.99626
  [ep 49 step 27450] loss=0.1794 feat_std=0.0096 lr=0.07167 m=0.99626
  [ep 49 step 27500] loss=0.0831 feat_std=0.0096 lr=0.07166 m=0.99626
  [ep 49 step 27550] loss=0.1129 feat_std=0.0097 lr=0.07164 m=0.99626
  [ep 49 step 27600] loss=0.0620 feat_std=0.0096 lr=0.07163 m=0.99626
  [ep 49 step 27650] loss=0.0771 feat_std=0.0095 lr=0.07161 m=0.99626
  [ep 49 step 27700] loss=0.0808 feat_std=0.0093 lr=0.07159 m=0.99626
  [ep 49 step 27750] loss=0.0712 feat_std=0.0099 lr=0.07158 m=0.99627
  [ep 49 step 27800] loss=0.1180 feat_std=0.0097 lr=0.07156 m=0.99627
  [ep 49 step 27850] loss=0.1850 feat_std=0.0097 lr=0.07155 m=0.99627
