[2026-07-25 09:01:31] cache-swap: orchestrator started (PID 6351)
[2026-07-25 09:01:31] cache-swap: waiting for exp4 epoch 5 to complete
[2026-07-25 11:11:32] cache-swap: epoch 5 complete
[2026-07-25 11:11:32] cache-swap: stopping exp4
[2026-07-25 11:12:02] cache-swap: exp4 stopped; VRAM=1081 MiB
[2026-07-25 11:12:02] cache-swap: building cache -> /mnt/e/datasets/EyePACS/cache_512_exp4  (workers=8, CPU detector; may take hours; resumable)
Images root : /mnt/e/datasets/EyePACS/train
Labels CSV  : /mnt/e/datasets/EyePACS/trainLabels.csv
Output dir  : /mnt/e/datasets/EyePACS/cache_512_exp4
Pipeline    : from config configs/_run_gen_wsl.yaml (preprocessing, is_training=False)
Eye-side    : unknown  |  workers: 8

Discovered 35126 image(s).
Already cached: 0  |  to process: 35126

  500/35126 processed (ok=500, err=0)…
  1000/35126 processed (ok=1000, err=0)…
  1500/35126 processed (ok=1500, err=0)…
  2000/35126 processed (ok=2000, err=0)…
  2500/35126 processed (ok=2500, err=0)…
  3000/35126 processed (ok=3000, err=0)…
  3500/35126 processed (ok=3500, err=0)…
  4000/35126 processed (ok=4000, err=0)…
  4500/35126 processed (ok=4500, err=0)…
  5000/35126 processed (ok=5000, err=0)…
  5500/35126 processed (ok=5500, err=0)…
  6000/35126 processed (ok=6000, err=0)…
  6500/35126 processed (ok=6500, err=0)…
  7000/35126 processed (ok=7000, err=0)…
  7500/35126 processed (ok=7500, err=0)…
  8000/35126 processed (ok=8000, err=0)…
  8500/35126 processed (ok=8500, err=0)…
  9000/35126 processed (ok=9000, err=0)…
  9500/35126 processed (ok=9500, err=0)…
  10000/35126 processed (ok=10000, err=0)…
  10500/35126 processed (ok=10500, err=0)…
[2026-07-25 17:24:49] cache-swap: orchestrator started (PID 419)
[2026-07-25 17:24:49] cache-swap: waiting for exp4 epoch 5 to complete
[2026-07-25 17:24:49] cache-swap: epoch 5 complete
[2026-07-25 17:24:50] cache-swap: exp4 stopped; VRAM=1149 MiB
[2026-07-25 17:24:50] cache-swap: building cache -> /mnt/e/datasets/EyePACS/cache_512_exp4  (workers=8, CPU detector; may take hours; resumable)
Images root : /mnt/e/datasets/EyePACS/train
Labels CSV  : /mnt/e/datasets/EyePACS/trainLabels.csv
Output dir  : /mnt/e/datasets/EyePACS/cache_512_exp4
Pipeline    : from config configs/_run_gen_wsl.yaml (preprocessing, is_training=False)
Eye-side    : unknown  |  workers: 8

Discovered 35126 image(s).
Already cached: 10700  |  to process: 24426

  500/24426 processed (ok=500, err=0)…
  1000/24426 processed (ok=1000, err=0)…
  1500/24426 processed (ok=1500, err=0)…
  2000/24426 processed (ok=2000, err=0)…
  2500/24426 processed (ok=2500, err=0)…
  3000/24426 processed (ok=3000, err=0)…
  3500/24426 processed (ok=3500, err=0)…
  4000/24426 processed (ok=4000, err=0)…
  4500/24426 processed (ok=4500, err=0)…
  5000/24426 processed (ok=5000, err=0)…
  5500/24426 processed (ok=5500, err=0)…
  6000/24426 processed (ok=6000, err=0)…
  6500/24426 processed (ok=6500, err=0)…
  7000/24426 processed (ok=7000, err=0)…
  7500/24426 processed (ok=7500, err=0)…
  8000/24426 processed (ok=8000, err=0)…
  8500/24426 processed (ok=8500, err=0)…
  9000/24426 processed (ok=9000, err=0)…
  9500/24426 processed (ok=9500, err=0)…
  10000/24426 processed (ok=10000, err=0)…
  10500/24426 processed (ok=10500, err=0)…
  11000/24426 processed (ok=11000, err=0)…
  11500/24426 processed (ok=11500, err=0)…
  12000/24426 processed (ok=12000, err=0)…
  12500/24426 processed (ok=12500, err=0)…
  13000/24426 processed (ok=13000, err=0)…
  13500/24426 processed (ok=13500, err=0)…
  14000/24426 processed (ok=14000, err=0)…
  14500/24426 processed (ok=14500, err=0)…
  15000/24426 processed (ok=15000, err=0)…
  15500/24426 processed (ok=15500, err=0)…
  16000/24426 processed (ok=16000, err=0)…
  16500/24426 processed (ok=16500, err=0)…
  17000/24426 processed (ok=17000, err=0)…
  17500/24426 processed (ok=17500, err=0)…
  18000/24426 processed (ok=18000, err=0)…
  18500/24426 processed (ok=18500, err=0)…
  19000/24426 processed (ok=19000, err=0)…
  19500/24426 processed (ok=19500, err=0)…
  20000/24426 processed (ok=20000, err=0)…
  20500/24426 processed (ok=20500, err=0)…
  21000/24426 processed (ok=21000, err=0)…
  21500/24426 processed (ok=21500, err=0)…
  22000/24426 processed (ok=22000, err=0)…
  22500/24426 processed (ok=22500, err=0)…
  23000/24426 processed (ok=23000, err=0)…
  23500/24426 processed (ok=23500, err=0)…
  24000/24426 processed (ok=24000, err=0)…
  24426/24426 processed (ok=24426, err=0)…

────────────────────────────────────────────────────────
Cache dir   : /mnt/e/datasets/EyePACS/cache_512_exp4
Newly cached: 24426  |  errors: 0  |  total target: 35126
Sidecar     : cache_meta.csv  +  trainLabels.csv
────────────────────────────────────────────────────────
Point training at this dir via  paths.cache_dir=<output-dir>.
[2026-07-26 00:33:12] cache-swap: cache build exit 0
[2026-07-26 00:33:13] cache-swap: cache PNGs=0  expected~35126
[2026-07-26 00:33:13] cache-swap: VERIFICATION FAILED (rc=0 npng=0 bitok=0) -> ABORT; GPU left free, exp4 NOT restarted
[2026-07-26 00:33:13] cache-swap: orchestrator exiting
