Running exp4 | config: configs/_run_gen_wsl.yaml | resume: True
Loading EyePACS index …
  35126 images | 17563 patients

=================================================================
Training Baseline model (resize only) …
=================================================================
Warning: You are sending unauthenticated requests to the HF Hub. Please set a HF_TOKEN to enable higher rate limits and faster downloads.
  Resumed fold 0 from epoch 20

=================================================================
Training Full-Pipeline model …
=================================================================
  Resumed fold 0 from epoch 4
[ WARN:0@260.608] global loadsave.cpp:278 findDecoder imread_('/mnt/e/datasets/EyePACS/train/40513_right.jpeg'): can't open/read file: check file path/integrity
Traceback (most recent call last):
  File "/mnt/e/dissertation-project/experiments/run_experiment.py", line 138, in <module>
    main()
  File "/mnt/e/dissertation-project/experiments/run_experiment.py", line 134, in main
    _dispatch(args.experiment, exp_config, fold=args.fold, resume=args.resume, configs_filter=configs_filter)
  File "/mnt/e/dissertation-project/experiments/run_experiment.py", line 76, in _dispatch
    mod.run(config, fold=fold, resume=resume, _configs_to_run=configs_filter)
  File "/mnt/e/dissertation-project/experiments/src/experiments/exp4_explainability.py", line 321, in run
    model_full = _train_model(
  File "/mnt/e/dissertation-project/experiments/src/experiments/exp4_explainability.py", line 165, in _train_model
    trainer.train_fold(
  File "/mnt/e/dissertation-project/experiments/src/training/trainer.py", line 258, in train_fold
    train_metrics = self.train_one_epoch(
  File "/mnt/e/dissertation-project/experiments/src/training/trainer.py", line 95, in train_one_epoch
    for images, labels in dataloader:
  File "/home/yesmu/miniconda3/envs/dr-classifier/lib/python3.10/site-packages/torch/utils/data/dataloader.py", line 701, in __next__
    data = self._next_data()
  File "/home/yesmu/miniconda3/envs/dr-classifier/lib/python3.10/site-packages/torch/utils/data/dataloader.py", line 1445, in _next_data
    return self._process_data(data)
  File "/home/yesmu/miniconda3/envs/dr-classifier/lib/python3.10/site-packages/torch/utils/data/dataloader.py", line 1491, in _process_data
    data.reraise()
  File "/home/yesmu/miniconda3/envs/dr-classifier/lib/python3.10/site-packages/torch/_utils.py", line 715, in reraise
    raise exception
FileNotFoundError: Caught FileNotFoundError in DataLoader worker process 1.
Original Traceback (most recent call last):
  File "/home/yesmu/miniconda3/envs/dr-classifier/lib/python3.10/site-packages/torch/utils/data/_utils/worker.py", line 351, in _worker_loop
    data = fetcher.fetch(index)  # type: ignore[possibly-undefined]
  File "/home/yesmu/miniconda3/envs/dr-classifier/lib/python3.10/site-packages/torch/utils/data/_utils/fetch.py", line 52, in fetch
    data = [self.dataset[idx] for idx in possibly_batched_index]
  File "/home/yesmu/miniconda3/envs/dr-classifier/lib/python3.10/site-packages/torch/utils/data/_utils/fetch.py", line 52, in <listcomp>
    data = [self.dataset[idx] for idx in possibly_batched_index]
  File "/mnt/e/dissertation-project/experiments/src/data/datasets.py", line 179, in __getitem__
    raise FileNotFoundError(f"Could not load image: {self.image_paths[idx]}")
FileNotFoundError: Could not load image: /mnt/e/datasets/EyePACS/train/40513_right.jpeg

