03:11:14 36 file(s) -> Russian; termbase 169 rows, TM 547 rows
03:13:04   chunk 1/8 try 1: 427 w, 110.0s, pp 209/s tg 7.1/s, 0 err, 1 warn
03:14:49   chunk 2/8 try 1: 376 w, 104.8s, pp 226/s tg 7.0/s, 0 err, 2 warn
03:16:41   chunk 3/8 try 1: 434 w, 112.3s, pp 215/s tg 6.9/s, 0 err, 2 warn
03:18:41   chunk 4/8 try 1: 419 w, 119.9s, pp 212/s tg 7.0/s, 0 err, 3 warn
03:20:15   chunk 5/8 try 1: 351 w, 93.6s, pp 218/s tg 7.0/s, 0 err, 2 warn
03:22:33   chunk 6/8 try 1: 435 w, 138.4s, pp 223/s tg 7.2/s, 1 err, 0 warn | names/codes lost: Physico-Mathematical, Kazakh-British, KazUTB
03:24:53   chunk 6/8 try 2: 435 w, 139.4s, pp 225/s tg 7.1/s, 1 err, 0 warn | names/codes lost: Physico-Mathematical, Kazakh-British, KazUTB
03:26:45   chunk 7/8 try 1: 428 w, 112.5s, pp 208/s tg 7.0/s, 0 err, 2 warn
03:27:04   chunk 8/8 try 1: 61 w, 18.4s, pp 193/s tg 7.4/s, 0 err, 1 warn
03:27:04 chapters/00-introduction/drafts/introduction-draft.md -> chapters/00-introduction/translations-ru/introduction-ru.md: 8 chunks, 7 clean first try, NEEDS_REVIEW [6], 13 warnings, 15.8 min
03:29:21   chunk 1/3 try 1: 411 w, 136.9s, pp 216/s tg 6.4/s, 0 err, 3 warn
03:31:25   chunk 2/3 try 1: 399 w, 124.7s, pp 221/s tg 6.4/s, 0 err, 1 warn
03:33:32   chunk 3/3 try 1: 422 w, 126.4s, pp 209/s tg 6.5/s, 0 err, 0 warn
03:33:32 chapters/01-review/drafts/1.1-draft.md -> chapters/01-review/translations-ru/1.1-ru.md: 3 chunks, 3 clean first try, NEEDS_REVIEW none, 4 warnings, 6.5 min
03:35:32   chunk 1/4 try 1: 398 w, 119.8s, pp 210/s tg 6.6/s, 0 err, 0 warn
03:37:36   chunk 2/4 try 1: 416 w, 124.1s, pp 209/s tg 6.4/s, 0 err, 1 warn
03:39:47   chunk 3/4 try 1: 440 w, 130.7s, pp 208/s tg 6.5/s, 0 err, 0 warn
03:40:36   chunk 4/4 try 1: 152 w, 49.5s, pp 202/s tg 6.2/s, 0 err, 0 warn
03:40:36 chapters/01-review/drafts/1.2-draft.md -> chapters/01-review/translations-ru/1.2-ru.md: 4 chunks, 4 clean first try, NEEDS_REVIEW none, 1 warnings, 7.1 min
03:42:46   chunk 1/3 try 1: 410 w, 130.2s, pp 194/s tg 6.9/s, 0 err, 0 warn
03:44:51   chunk 2/3 try 1: 420 w, 125.2s, pp 212/s tg 6.4/s, 0 err, 2 warn
03:45:14   chunk 3/3 try 1: 77 w, 22.4s, pp 182/s tg 6.2/s, 0 err, 0 warn
03:45:14 chapters/01-review/drafts/1.3-draft.md -> chapters/01-review/translations-ru/1.3-ru.md: 3 chunks, 3 clean first try, NEEDS_REVIEW none, 2 warnings, 4.6 min
03:46:29   chunk 1/3 try 1: 227 w, 75.2s, pp 207/s tg 6.8/s, 0 err, 2 warn
03:49:12   chunk 2/3 try 1: 418 w, 162.9s, pp 218/s tg 6.9/s, 0 err, 1 warn
03:50:11   chunk 3/3 try 1: 202 w, 59.4s, pp 203/s tg 6.5/s, 0 err, 0 warn
03:50:11 chapters/01-review/drafts/1.4-draft.md -> chapters/01-review/translations-ru/1.4-ru.md: 3 chunks, 3 clean first try, NEEDS_REVIEW none, 3 warnings, 5.0 min
03:52:08   chunk 1/2 try 1: 408 w, 116.3s, pp 185/s tg 6.6/s, 0 err, 2 warn
03:53:08   chunk 2/2 try 1: 205 w, 60.3s, pp 208/s tg 6.4/s, 0 err, 1 warn
03:53:08 chapters/01-review/drafts/1.5-draft.md -> chapters/01-review/translations-ru/1.5-ru.md: 2 chunks, 2 clean first try, NEEDS_REVIEW none, 3 warnings, 2.9 min
03:54:41   chunk 1/1 try 1: 308 w, 92.7s, pp 187/s tg 6.1/s, 0 err, 1 warn
03:54:41 chapters/01-review/drafts/1.C-draft.md -> chapters/01-review/translations-ru/1.C-ru.md: 1 chunks, 1 clean first try, NEEDS_REVIEW none, 1 warnings, 1.5 min
03:57:04   chunk 1/5 try 1: 440 w, 142.9s, pp 214/s tg 6.6/s, 0 err, 1 warn
03:59:01   chunk 2/5 try 1: 427 w, 116.6s, pp 216/s tg 6.7/s, 0 err, 1 warn
04:01:14   chunk 3/5 try 1: 422 w, 133.2s, pp 216/s tg 6.4/s, 0 err, 2 warn
04:03:14   chunk 4/5 try 1: 424 w, 120.4s, pp 204/s tg 6.5/s, 0 err, 0 warn
04:05:17   chunk 5/5 try 1: 355 w, 122.8s, pp 207/s tg 6.4/s, 0 err, 0 warn
04:05:17 chapters/02-methodology/drafts/2.1-draft.md -> chapters/02-methodology/translations-ru/2.1-ru.md: 5 chunks, 5 clean first try, NEEDS_REVIEW none, 4 warnings, 10.6 min
04:07:02   chunk 1/3 try 1: 394 w, 105.4s, pp 216/s tg 6.7/s, 0 err, 0 warn
04:08:57   chunk 2/3 try 1: 424 w, 114.3s, pp 218/s tg 6.6/s, 0 err, 0 warn
04:11:12   chunk 3/3 try 1: 433 w, 135.0s, pp 210/s tg 6.6/s, 0 err, 1 warn
04:11:12 chapters/02-methodology/drafts/2.2-draft.md -> chapters/02-methodology/translations-ru/2.2-ru.md: 3 chunks, 3 clean first try, NEEDS_REVIEW none, 1 warnings, 5.9 min
04:13:18   chunk 1/3 try 1: 442 w, 126.3s, pp 225/s tg 6.3/s, 0 err, 1 warn
04:15:05   chunk 2/3 try 1: 380 w, 106.8s, pp 188/s tg 6.5/s, 0 err, 2 warn
04:16:31   chunk 3/3 try 1: 271 w, 86.4s, pp 217/s tg 6.2/s, 0 err, 1 warn
04:16:31 chapters/02-methodology/drafts/2.3-draft.md -> chapters/02-methodology/translations-ru/2.3-ru.md: 3 chunks, 3 clean first try, NEEDS_REVIEW none, 4 warnings, 5.3 min
04:18:39   chunk 1/4 try 1: 414 w, 128.1s, pp 214/s tg 6.7/s, 0 err, 0 warn
04:20:34   chunk 2/4 try 1: 411 w, 115.1s, pp 209/s tg 6.5/s, 0 err, 2 warn
04:22:27   chunk 3/4 try 1: 401 w, 112.3s, pp 213/s tg 6.4/s, 0 err, 2 warn
04:23:07   chunk 4/4 try 1: 126 w, 40.4s, pp 195/s tg 6.6/s, 0 err, 1 warn
04:23:07 chapters/02-methodology/drafts/2.4-draft.md -> chapters/02-methodology/translations-ru/2.4-ru.md: 4 chunks, 4 clean first try, NEEDS_REVIEW none, 5 warnings, 6.6 min
04:25:02   chunk 1/3 try 1: 421 w, 114.5s, pp 217/s tg 6.4/s, 0 err, 1 warn
04:26:52   chunk 2/3 try 1: 414 w, 110.3s, pp 209/s tg 6.5/s, 0 err, 1 warn
04:28:22   chunk 3/3 try 1: 335 w, 90.0s, pp 223/s tg 6.5/s, 0 err, 1 warn
04:28:22 chapters/02-methodology/drafts/2.5-draft.md -> chapters/02-methodology/translations-ru/2.5-ru.md: 3 chunks, 3 clean first try, NEEDS_REVIEW none, 3 warnings, 5.2 min
04:30:52   chunk 1/3 try 1: 443 w, 149.6s, pp 205/s tg 6.7/s, 0 err, 0 warn
04:32:57   chunk 2/3 try 1: 428 w, 125.2s, pp 216/s tg 6.4/s, 0 err, 2 warn
04:34:11   chunk 3/3 try 1: 250 w, 73.8s, pp 214/s tg 6.6/s, 0 err, 1 warn
04:34:11 chapters/02-methodology/drafts/2.6-draft.md -> chapters/02-methodology/translations-ru/2.6-ru.md: 3 chunks, 3 clean first try, NEEDS_REVIEW none, 3 warnings, 5.8 min
04:35:57   chunk 1/1 try 1: 386 w, 106.1s, pp 216/s tg 6.4/s, 0 err, 2 warn
04:35:57 chapters/02-methodology/drafts/2.C-draft.md -> chapters/02-methodology/translations-ru/2.C-ru.md: 1 chunks, 1 clean first try, NEEDS_REVIEW none, 2 warnings, 1.8 min
04:38:18   chunk 1/3 try 1: 448 w, 141.2s, pp 204/s tg 7.0/s, 0 err, 0 warn
04:40:32   chunk 2/3 try 1: 420 w, 133.5s, pp 217/s tg 6.4/s, 0 err, 4 warn
04:42:50   chunk 3/3 try 1: 432 w, 138.6s, pp 222/s tg 6.8/s, 0 err, 3 warn
04:42:50 chapters/03-experiments/drafts/3.1-draft.md -> chapters/03-experiments/translations-ru/3.1-ru.md: 3 chunks, 3 clean first try, NEEDS_REVIEW none, 7 warnings, 6.9 min
04:45:06   chunk 1/5 try 1: 415 w, 135.8s, pp 207/s tg 7.0/s, 0 err, 3 warn
04:47:15   chunk 2/5 try 1: 418 w, 129.0s, pp 221/s tg 6.7/s, 0 err, 1 warn
04:49:49   chunk 3/5 try 1: 444 w, 154.3s, pp 218/s tg 7.5/s, 1 err, 2 warn | names/codes lost: McNemar
04:52:24   chunk 3/5 try 2: 444 w, 154.9s, pp 218/s tg 7.5/s, 0 err, 1 warn
04:55:08   chunk 4/5 try 1: 410 w, 164.0s, pp 207/s tg 7.3/s, 0 err, 5 warn
04:56:23   chunk 5/5 try 1: 246 w, 75.1s, pp 214/s tg 6.5/s, 0 err, 0 warn
04:56:23 chapters/03-experiments/drafts/3.2-draft.md -> chapters/03-experiments/translations-ru/3.2-ru.md: 5 chunks, 4 clean first try, NEEDS_REVIEW none, 10 warnings, 13.6 min
04:58:58   chunk 1/5 try 1: 438 w, 154.3s, pp 215/s tg 7.4/s, 0 err, 3 warn
05:00:51   chunk 2/5 try 1: 422 w, 112.8s, pp 212/s tg 6.3/s, 0 err, 2 warn
05:02:48   chunk 3/5 try 1: 423 w, 117.6s, pp 208/s tg 6.3/s, 0 err, 0 warn
05:04:59   chunk 4/5 try 1: 402 w, 131.0s, pp 213/s tg 7.4/s, 0 err, 1 warn
05:06:35   chunk 5/5 try 1: 351 w, 95.9s, pp 210/s tg 6.5/s, 0 err, 0 warn
05:06:35 chapters/03-experiments/drafts/3.3-draft.md -> chapters/03-experiments/translations-ru/3.3-ru.md: 5 chunks, 5 clean first try, NEEDS_REVIEW none, 6 warnings, 10.2 min
05:08:29   chunk 1/3 try 1: 397 w, 113.5s, pp 222/s tg 6.4/s, 0 err, 1 warn
05:10:52   chunk 2/3 try 1: 445 w, 143.3s, pp 228/s tg 7.1/s, 0 err, 1 warn
05:12:25   chunk 3/3 try 1: 353 w, 92.9s, pp 214/s tg 6.3/s, 0 err, 0 warn
05:12:25 chapters/03-experiments/drafts/3.4-draft.md -> chapters/03-experiments/translations-ru/3.4-ru.md: 3 chunks, 3 clean first try, NEEDS_REVIEW none, 2 warnings, 5.8 min
05:14:52   chunk 1/5 try 1: 443 w, 147.4s, pp 215/s tg 7.2/s, 0 err, 0 warn
05:16:46   chunk 2/5 try 1: 405 w, 113.6s, pp 211/s tg 6.6/s, 0 err, 0 warn
05:18:34   chunk 3/5 try 1: 439 w, 108.6s, pp 188/s tg 6.8/s, 0 err, 0 warn
05:20:34   chunk 4/5 try 1: 389 w, 119.3s, pp 206/s tg 6.8/s, 0 err, 0 warn
05:22:10   chunk 5/5 try 1: 357 w, 95.9s, pp 194/s tg 6.1/s, 0 err, 1 warn
05:22:10 chapters/03-experiments/drafts/3.5-draft.md -> chapters/03-experiments/translations-ru/3.5-ru.md: 5 chunks, 5 clean first try, NEEDS_REVIEW none, 1 warnings, 9.7 min
05:24:05   chunk 1/4 try 1: 408 w, 115.4s, pp 227/s tg 6.3/s, 0 err, 2 warn
05:26:19   chunk 2/4 try 1: 385 w, 133.7s, pp 204/s tg 7.3/s, 0 err, 2 warn
05:28:20   chunk 3/4 try 1: 450 w, 121.5s, pp 202/s tg 6.3/s, 0 err, 3 warn
05:29:37   chunk 4/4 try 1: 282 w, 76.8s, pp 203/s tg 6.2/s, 0 err, 0 warn
05:29:37 chapters/03-experiments/drafts/3.6-draft.md -> chapters/03-experiments/translations-ru/3.6-ru.md: 4 chunks, 4 clean first try, NEEDS_REVIEW none, 7 warnings, 7.5 min
05:31:42   chunk 1/2 try 1: 384 w, 124.8s, pp 227/s tg 7.0/s, 0 err, 1 warn
05:33:24   chunk 2/2 try 1: 397 w, 102.1s, pp 205/s tg 6.6/s, 0 err, 1 warn
05:33:24 chapters/03-experiments/drafts/3.7-draft.md -> chapters/03-experiments/translations-ru/3.7-ru.md: 2 chunks, 2 clean first try, NEEDS_REVIEW none, 2 warnings, 3.8 min
05:35:15   chunk 1/5 try 1: 398 w, 111.0s, pp 216/s tg 6.4/s, 0 err, 0 warn
05:37:23   chunk 2/5 try 1: 446 w, 127.4s, pp 216/s tg 6.2/s, 0 err, 2 warn
05:40:01   chunk 3/5 try 1: 425 w, 158.7s, pp 213/s tg 6.8/s, 0 err, 1 warn
05:42:07   chunk 4/5 try 1: 408 w, 125.4s, pp 219/s tg 6.7/s, 0 err, 1 warn
05:43:45   chunk 5/5 try 1: 344 w, 98.5s, pp 192/s tg 5.9/s, 0 err, 2 warn
05:43:45 chapters/03-experiments/drafts/3.8-draft.md -> chapters/03-experiments/translations-ru/3.8-ru.md: 5 chunks, 5 clean first try, NEEDS_REVIEW none, 6 warnings, 10.4 min
05:45:44   chunk 1/2 try 1: 435 w, 118.2s, pp 221/s tg 6.4/s, 0 err, 1 warn
05:47:24   chunk 2/2 try 1: 337 w, 100.4s, pp 195/s tg 6.5/s, 0 err, 2 warn
05:47:24 chapters/03-experiments/drafts/3.9-draft.md -> chapters/03-experiments/translations-ru/3.9-ru.md: 2 chunks, 2 clean first try, NEEDS_REVIEW none, 3 warnings, 3.6 min
05:49:21   chunk 1/2 try 1: 440 w, 117.4s, pp 225/s tg 6.3/s, 0 err, 3 warn
05:49:47   chunk 2/2 try 1: 69 w, 25.6s, pp 195/s tg 5.9/s, 0 err, 1 warn
05:49:47 chapters/03-experiments/drafts/3.C-draft.md -> chapters/03-experiments/translations-ru/3.C-ru.md: 2 chunks, 2 clean first try, NEEDS_REVIEW none, 4 warnings, 2.4 min
05:51:43   chunk 1/2 try 1: 432 w, 116.1s, pp 205/s tg 6.7/s, 0 err, 1 warn
05:53:35   chunk 2/2 try 1: 426 w, 111.9s, pp 214/s tg 6.1/s, 0 err, 0 warn
05:53:35 chapters/04-system/drafts/4.1-draft.md -> chapters/04-system/translations-ru/4.1-ru.md: 2 chunks, 2 clean first try, NEEDS_REVIEW none, 1 warnings, 3.8 min
05:55:14   chunk 1/2 try 1: 416 w, 98.4s, pp 216/s tg 6.7/s, 0 err, 1 warn
05:56:58   chunk 2/2 try 1: 384 w, 104.0s, pp 209/s tg 6.7/s, 0 err, 1 warn
05:56:58 chapters/04-system/drafts/4.2-draft.md -> chapters/04-system/translations-ru/4.2-ru.md: 2 chunks, 2 clean first try, NEEDS_REVIEW none, 2 warnings, 3.4 min
05:58:48   chunk 1/2 try 1: 430 w, 110.3s, pp 205/s tg 6.6/s, 0 err, 1 warn
06:00:25   chunk 2/2 try 1: 348 w, 97.5s, pp 190/s tg 6.5/s, 0 err, 0 warn
06:00:25 chapters/04-system/drafts/4.3-draft.md -> chapters/04-system/translations-ru/4.3-ru.md: 2 chunks, 2 clean first try, NEEDS_REVIEW none, 1 warnings, 3.5 min
06:02:19   chunk 1/2 try 1: 438 w, 113.8s, pp 197/s tg 6.7/s, 0 err, 0 warn
06:02:44   chunk 2/2 try 1: 83 w, 25.0s, pp 197/s tg 6.2/s, 0 err, 0 warn
06:02:44 chapters/04-system/drafts/4.4-draft.md -> chapters/04-system/translations-ru/4.4-ru.md: 2 chunks, 2 clean first try, NEEDS_REVIEW none, 0 warnings, 2.3 min
06:04:18   chunk 1/1 try 1: 341 w, 94.2s, pp 192/s tg 6.6/s, 0 err, 2 warn
06:04:18 chapters/04-system/drafts/4.C-draft.md -> chapters/04-system/translations-ru/4.C-ru.md: 1 chunks, 1 clean first try, NEEDS_REVIEW none, 2 warnings, 1.6 min
06:06:06   chunk 1/4 try 1: 402 w, 107.2s, pp 208/s tg 6.7/s, 0 err, 2 warn
06:07:55   chunk 2/4 try 1: 404 w, 109.5s, pp 225/s tg 6.1/s, 0 err, 0 warn
06:09:53   chunk 3/4 try 1: 410 w, 117.6s, pp 205/s tg 6.3/s, 0 err, 2 warn
06:10:11   chunk 4/4 try 1: 65 w, 18.3s, pp 199/s tg 6.4/s, 0 err, 0 warn
06:10:11 chapters/05-conclusion/drafts/conclusion-draft.md -> chapters/05-conclusion/translations-ru/conclusion-ru.md: 4 chunks, 4 clean first try, NEEDS_REVIEW none, 4 warnings, 5.9 min
06:12:31   chunk 1/3 try 1: 401 w, 139.8s, pp 221/s tg 7.0/s, 0 err, 4 warn
06:13:22   chunk 2/3 try 1: 180 w, 51.3s, pp 223/s tg 6.9/s, 0 err, 2 warn
06:14:16   chunk 3/3 try 1: 154 w, 53.7s, pp 202/s tg 6.4/s, 0 err, 0 warn
06:14:16 chapters/06-appendices/drafts/A-draft.md -> chapters/06-appendices/translations-ru/A-ru.md: 3 chunks, 3 clean first try, NEEDS_REVIEW none, 6 warnings, 4.1 min
06:16:51   chunk 1/5 try 1: 405 w, 154.8s, pp 223/s tg 7.7/s, 0 err, 2 warn
06:19:15   chunk 2/5 try 1: 300 w, 144.4s, pp 217/s tg 7.7/s, 0 err, 0 warn
06:22:17   chunk 3/5 try 1: 443 w, 181.9s, pp 217/s tg 7.8/s, 0 err, 0 warn
06:25:12   chunk 4/5 try 1: 377 w, 175.3s, pp 220/s tg 7.7/s, 1 err, 1 warn | names/codes lost: Referable-DR
06:28:07   chunk 4/5 try 2: 377 w, 175.0s, pp 205/s tg 7.7/s, 0 err, 2 warn
06:29:17   chunk 5/5 try 1: 247 w, 70.0s, pp 191/s tg 6.6/s, 0 err, 0 warn
06:29:17 chapters/06-appendices/drafts/B-draft.md -> chapters/06-appendices/translations-ru/B-ru.md: 5 chunks, 4 clean first try, NEEDS_REVIEW none, 4 warnings, 15.0 min
06:30:22   chunk 1/7 try 1: 238 w, 64.3s, pp 212/s tg 6.6/s, 0 err, 0 warn
06:31:41   chunk 2/7 try 1: 273 w, 79.0s, pp 207/s tg 7.1/s, 0 err, 1 warn
06:31:49   chunk 3/7 try 1: 12 w, 8.8s, pp 201/s tg 7.6/s, 0 err, 0 warn
06:32:32   chunk 4/7 try 1: 154 w, 42.2s, pp 198/s tg 6.4/s, 0 err, 0 warn
06:33:18   chunk 5/7 try 1: 158 w, 46.0s, pp 180/s tg 6.4/s, 0 err, 0 warn
06:35:11   chunk 6/7 try 1: 437 w, 113.8s, pp 222/s tg 6.8/s, 1 err, 2 warn | names/codes lost: Decision-Support
06:37:05   chunk 6/7 try 2: 437 w, 113.7s, pp 224/s tg 6.7/s, 1 err, 2 warn | names/codes lost: Decision-Support
06:38:05   chunk 7/7 try 1: 220 w, 59.7s, pp 216/s tg 6.6/s, 1 err, 2 warn | names/codes lost: Data-Management
06:39:03   chunk 7/7 try 2: 220 w, 57.7s, pp 139/s tg 6.6/s, 1 err, 2 warn | names/codes lost: Data-Management
06:39:03 chapters/06-appendices/drafts/C-draft.md -> chapters/06-appendices/translations-ru/C-ru.md: 7 chunks, 5 clean first try, NEEDS_REVIEW [6, 7], 5 warnings, 9.8 min
06:40:55   chunk 1/3 try 1: 432 w, 111.9s, pp 220/s tg 6.5/s, 1 err, 0 warn | names/codes lost: Intersection-over-Union
06:42:44   chunk 1/3 try 2: 432 w, 109.1s, pp 222/s tg 6.6/s, 1 err, 1 warn | names/codes lost: Intersection-over-Union
06:44:19   chunk 2/3 try 1: 350 w, 95.5s, pp 200/s tg 7.3/s, 0 err, 3 warn
06:45:13   chunk 3/3 try 1: 190 w, 53.7s, pp 222/s tg 6.5/s, 0 err, 0 warn
06:45:13 chapters/06-appendices/drafts/D-draft.md -> chapters/06-appendices/translations-ru/D-ru.md: 3 chunks, 2 clean first try, NEEDS_REVIEW [1], 3 warnings, 6.2 min
06:47:02   chunk 1/5 try 1: 340 w, 108.9s, pp 225/s tg 6.9/s, 0 err, 0 warn
06:49:19   chunk 2/5 try 1: 301 w, 137.4s, pp 216/s tg 8.0/s, 0 err, 1 warn
06:51:39   chunk 3/5 try 1: 311 w, 139.7s, pp 221/s tg 8.0/s, 0 err, 1 warn
06:53:38   chunk 4/5 try 1: 346 w, 119.0s, pp 217/s tg 7.0/s, 0 err, 4 warn
06:54:46   chunk 5/5 try 1: 265 w, 68.0s, pp 211/s tg 6.4/s, 0 err, 2 warn
06:54:46 chapters/06-appendices/drafts/E-draft.md -> chapters/06-appendices/translations-ru/E-ru.md: 5 chunks, 5 clean first try, NEEDS_REVIEW none, 8 warnings, 9.5 min
06:56:15   chunk 1/3 try 1: 366 w, 88.6s, pp 208/s tg 6.7/s, 0 err, 0 warn
06:58:00   chunk 2/3 try 1: 413 w, 105.4s, pp 224/s tg 7.0/s, 0 err, 1 warn
06:58:40   chunk 3/3 try 1: 155 w, 39.6s, pp 186/s tg 7.7/s, 0 err, 2 warn
06:58:40 chapters/06-appendices/drafts/F-draft.md -> chapters/06-appendices/translations-ru/F-ru.md: 3 chunks, 3 clean first try, NEEDS_REVIEW none, 3 warnings, 3.9 min
06:58:40 DONE 36 files, 121 chunks, 115 clean first try, 4 need review, 228 min
