SSL pretraining | backbone=resnet50 | method=mocov2 | epochs=50
Configs: ['configs/default.yaml', 'configs/ssl_pretrain.yaml', 'configs/_win_local.yaml', 'configs/ssl_continual_v4_0.yaml']
  Disjointness OK — SSL=53576 (26788 patients) vs train=35126 (17563 patients)
  Corpus images: 53576
  Device=cuda | AMP=True | feature_dim=2048
  [ep 0 step 0] loss=5.7636 feat_std=0.0174 lr=0.00000 m=0.99600
  [ep 0 step 50] loss=8.0177 feat_std=0.0173 lr=0.00003 m=0.99600
  [ep 0 step 100] loss=8.5960 feat_std=0.0170 lr=0.00007 m=0.99600
  [ep 0 step 150] loss=8.3774 feat_std=0.0174 lr=0.00010 m=0.99600
  [ep 0 step 200] loss=8.1984 feat_std=0.0173 lr=0.00014 m=0.99600
  [ep 0 step 250] loss=8.2684 feat_std=0.0174 lr=0.00017 m=0.99600
  [ep 0 step 300] loss=8.1698 feat_std=0.0173 lr=0.00020 m=0.99600
  [ep 0 step 350] loss=8.0475 feat_std=0.0174 lr=0.00024 m=0.99600
  [ep 0 step 400] loss=8.0656 feat_std=0.0172 lr=0.00027 m=0.99600
  [ep 0 step 450] loss=7.9307 feat_std=0.0173 lr=0.00030 m=0.99600
  [ep 0 step 500] loss=7.8750 feat_std=0.0173 lr=0.00034 m=0.99600
  [ep 0 step 550] loss=7.9131 feat_std=0.0173 lr=0.00037 m=0.99600
  [ep 1 step 600] loss=7.9150 feat_std=0.0174 lr=0.00040 m=0.99600
  [ep 1 step 650] loss=7.7944 feat_std=0.0172 lr=0.00044 m=0.99601
  [ep 1 step 700] loss=7.6821 feat_std=0.0171 lr=0.00047 m=0.99601
  [ep 1 step 750] loss=7.6525 feat_std=0.0172 lr=0.00050 m=0.99601
  [ep 1 step 800] loss=7.5600 feat_std=0.0172 lr=0.00054 m=0.99601
  [ep 1 step 850] loss=7.7214 feat_std=0.0172 lr=0.00057 m=0.99601
  [ep 1 step 900] loss=7.5406 feat_std=0.0172 lr=0.00061 m=0.99601
  [ep 1 step 950] loss=7.3439 feat_std=0.0173 lr=0.00064 m=0.99601
  [ep 1 step 1000] loss=7.4968 feat_std=0.0171 lr=0.00067 m=0.99601
  [ep 1 step 1050] loss=7.4129 feat_std=0.0172 lr=0.00071 m=0.99601
  [ep 1 step 1100] loss=7.3313 feat_std=0.0171 lr=0.00074 m=0.99602
  [ep 2 step 1150] loss=7.0709 feat_std=0.0171 lr=0.00077 m=0.99602
  [ep 2 step 1200] loss=7.2758 feat_std=0.0171 lr=0.00081 m=0.99602
  [ep 2 step 1250] loss=7.0906 feat_std=0.0170 lr=0.00084 m=0.99602
  [ep 2 step 1300] loss=7.1485 feat_std=0.0170 lr=0.00087 m=0.99602
  [ep 2 step 1350] loss=7.0409 feat_std=0.0170 lr=0.00091 m=0.99602
  [ep 2 step 1400] loss=6.8766 feat_std=0.0170 lr=0.00094 m=0.99602
  [ep 2 step 1450] loss=6.9749 feat_std=0.0170 lr=0.00098 m=0.99603
  [ep 2 step 1500] loss=6.9000 feat_std=0.0169 lr=0.00101 m=0.99603
  [ep 2 step 1550] loss=6.8574 feat_std=0.0170 lr=0.00104 m=0.99603
  [ep 2 step 1600] loss=6.8186 feat_std=0.0170 lr=0.00108 m=0.99603
  [ep 2 step 1650] loss=6.7467 feat_std=0.0169 lr=0.00111 m=0.99603
  [ep 3 step 1700] loss=6.6183 feat_std=0.0170 lr=0.00112 m=0.99604
  [ep 3 step 1750] loss=6.7052 feat_std=0.0170 lr=0.00112 m=0.99604
  [ep 3 step 1800] loss=6.7379 feat_std=0.0168 lr=0.00112 m=0.99604
  [ep 3 step 1850] loss=6.5050 feat_std=0.0169 lr=0.00112 m=0.99604
  [ep 3 step 1900] loss=6.5711 feat_std=0.0167 lr=0.00112 m=0.99605
  [ep 3 step 1950] loss=6.3665 feat_std=0.0168 lr=0.00112 m=0.99605
  [ep 3 step 2000] loss=6.3763 feat_std=0.0168 lr=0.00112 m=0.99605
  [ep 3 step 2050] loss=6.3988 feat_std=0.0167 lr=0.00112 m=0.99605
  [ep 3 step 2100] loss=6.4593 feat_std=0.0167 lr=0.00112 m=0.99606
  [ep 3 step 2150] loss=6.3340 feat_std=0.0166 lr=0.00112 m=0.99606
  [ep 3 step 2200] loss=6.3962 feat_std=0.0168 lr=0.00112 m=0.99606
  [ep 4 step 2250] loss=6.1934 feat_std=0.0166 lr=0.00112 m=0.99606
  [ep 4 step 2300] loss=6.3451 feat_std=0.0167 lr=0.00112 m=0.99607
  [ep 4 step 2350] loss=6.2205 feat_std=0.0167 lr=0.00112 m=0.99607
  [ep 4 step 2400] loss=6.1524 feat_std=0.0166 lr=0.00112 m=0.99607
  [ep 4 step 2450] loss=6.2419 feat_std=0.0166 lr=0.00112 m=0.99608
  [ep 4 step 2500] loss=6.0527 feat_std=0.0165 lr=0.00112 m=0.99608
  [ep 4 step 2550] loss=6.2237 feat_std=0.0166 lr=0.00112 m=0.99608
  [ep 4 step 2600] loss=6.0585 feat_std=0.0166 lr=0.00112 m=0.99609
  [ep 4 step 2650] loss=6.1939 feat_std=0.0165 lr=0.00112 m=0.99609
  [ep 4 step 2700] loss=6.0616 feat_std=0.0165 lr=0.00112 m=0.99609
  [ep 4 step 2750] loss=5.9675 feat_std=0.0166 lr=0.00112 m=0.99610
  [ep 5 step 2800] loss=5.9909 feat_std=0.0165 lr=0.00112 m=0.99610
  [ep 5 step 2850] loss=5.8564 feat_std=0.0166 lr=0.00112 m=0.99610
  [ep 5 step 2900] loss=5.9279 feat_std=0.0164 lr=0.00112 m=0.99611
  [ep 5 step 2950] loss=5.9250 feat_std=0.0165 lr=0.00112 m=0.99611
  [ep 5 step 3000] loss=5.8756 feat_std=0.0163 lr=0.00112 m=0.99611
  [ep 5 step 3050] loss=5.8589 feat_std=0.0164 lr=0.00112 m=0.99612
  [ep 5 step 3100] loss=5.8855 feat_std=0.0162 lr=0.00112 m=0.99612
  [ep 5 step 3150] loss=5.7800 feat_std=0.0163 lr=0.00112 m=0.99612
  [ep 5 step 3200] loss=5.8115 feat_std=0.0163 lr=0.00112 m=0.99613
  [ep 5 step 3250] loss=5.8805 feat_std=0.0162 lr=0.00112 m=0.99613
  [ep 5 step 3300] loss=5.8161 feat_std=0.0162 lr=0.00111 m=0.99614
  [ep 6 step 3350] loss=5.8096 feat_std=0.0162 lr=0.00111 m=0.99614
  [ep 6 step 3400] loss=5.7607 feat_std=0.0163 lr=0.00111 m=0.99614
  [ep 6 step 3450] loss=5.7148 feat_std=0.0161 lr=0.00111 m=0.99615
  [ep 6 step 3500] loss=5.6586 feat_std=0.0164 lr=0.00111 m=0.99615
  [ep 6 step 3550] loss=5.6260 feat_std=0.0162 lr=0.00111 m=0.99616
  [ep 6 step 3600] loss=5.7095 feat_std=0.0161 lr=0.00111 m=0.99616
  [ep 6 step 3650] loss=5.6569 feat_std=0.0164 lr=0.00111 m=0.99617
  [ep 6 step 3700] loss=5.7131 feat_std=0.0163 lr=0.00111 m=0.99617
  [ep 6 step 3750] loss=5.6162 feat_std=0.0161 lr=0.00111 m=0.99618
  [ep 6 step 3800] loss=5.6289 feat_std=0.0161 lr=0.00111 m=0.99618
  [ep 6 step 3850] loss=5.5521 feat_std=0.0162 lr=0.00111 m=0.99619
  [ep 6 step 3900] loss=5.5601 feat_std=0.0159 lr=0.00111 m=0.99619
  [ep 7 step 3950] loss=5.5649 feat_std=0.0161 lr=0.00110 m=0.99619
  [ep 7 step 4000] loss=5.4934 feat_std=0.0160 lr=0.00110 m=0.99620
  [ep 7 step 4050] loss=5.5195 feat_std=0.0160 lr=0.00110 m=0.99620
  [ep 7 step 4100] loss=5.5251 feat_std=0.0161 lr=0.00110 m=0.99621
  [ep 7 step 4150] loss=5.4738 feat_std=0.0161 lr=0.00110 m=0.99621
  [ep 7 step 4200] loss=5.5029 feat_std=0.0159 lr=0.00110 m=0.99622
  [ep 7 step 4250] loss=5.5181 feat_std=0.0159 lr=0.00110 m=0.99622
  [ep 7 step 4300] loss=5.4966 feat_std=0.0159 lr=0.00110 m=0.99623
  [ep 7 step 4350] loss=5.4787 feat_std=0.0160 lr=0.00110 m=0.99624
  [ep 7 step 4400] loss=5.4255 feat_std=0.0159 lr=0.00110 m=0.99624
  [ep 7 step 4450] loss=5.4154 feat_std=0.0159 lr=0.00109 m=0.99625
  [ep 8 step 4500] loss=5.4507 feat_std=0.0158 lr=0.00109 m=0.99625
  [ep 8 step 4550] loss=5.4367 feat_std=0.0158 lr=0.00109 m=0.99626
  [ep 8 step 4600] loss=5.4473 feat_std=0.0157 lr=0.00109 m=0.99626
  [ep 8 step 4650] loss=5.4148 feat_std=0.0157 lr=0.00109 m=0.99627
  [ep 8 step 4700] loss=5.4202 feat_std=0.0157 lr=0.00109 m=0.99627
  [ep 8 step 4750] loss=5.3861 feat_std=0.0158 lr=0.00109 m=0.99628
  [ep 8 step 4800] loss=5.3259 feat_std=0.0158 lr=0.00109 m=0.99629
  [ep 8 step 4850] loss=5.3432 feat_std=0.0157 lr=0.00108 m=0.99629
  [ep 8 step 4900] loss=5.3373 feat_std=0.0158 lr=0.00108 m=0.99630
  [ep 8 step 4950] loss=5.3232 feat_std=0.0157 lr=0.00108 m=0.99630
  [ep 8 step 5000] loss=5.3958 feat_std=0.0158 lr=0.00108 m=0.99631
  [ep 9 step 5050] loss=5.3456 feat_std=0.0157 lr=0.00108 m=0.99631
  [ep 9 step 5100] loss=5.3268 feat_std=0.0156 lr=0.00108 m=0.99632
  [ep 9 step 5150] loss=5.3700 feat_std=0.0155 lr=0.00108 m=0.99633
  [ep 9 step 5200] loss=5.3257 feat_std=0.0156 lr=0.00108 m=0.99633
  [ep 9 step 5250] loss=5.2680 feat_std=0.0156 lr=0.00107 m=0.99634
  [ep 9 step 5300] loss=5.2422 feat_std=0.0157 lr=0.00107 m=0.99635
  [ep 9 step 5350] loss=5.2921 feat_std=0.0155 lr=0.00107 m=0.99635
  [ep 9 step 5400] loss=5.3279 feat_std=0.0155 lr=0.00107 m=0.99636
  [ep 9 step 5450] loss=5.2836 feat_std=0.0156 lr=0.00107 m=0.99636
  [ep 9 step 5500] loss=5.2333 feat_std=0.0156 lr=0.00107 m=0.99637
  [ep 9 step 5550] loss=5.2842 feat_std=0.0154 lr=0.00107 m=0.99638
  [ep 10 step 5600] loss=5.2615 feat_std=0.0155 lr=0.00106 m=0.99638
  [ep 10 step 5650] loss=5.3065 feat_std=0.0154 lr=0.00106 m=0.99639
  [ep 10 step 5700] loss=5.2903 feat_std=0.0154 lr=0.00106 m=0.99640
  [ep 10 step 5750] loss=5.1894 feat_std=0.0155 lr=0.00106 m=0.99640
  [ep 10 step 5800] loss=5.2700 feat_std=0.0154 lr=0.00106 m=0.99641
  [ep 10 step 5850] loss=5.2513 feat_std=0.0154 lr=0.00106 m=0.99642
  [ep 10 step 5900] loss=5.2242 feat_std=0.0155 lr=0.00105 m=0.99643
  [ep 10 step 5950] loss=5.1694 feat_std=0.0154 lr=0.00105 m=0.99643
  [ep 10 step 6000] loss=5.1908 feat_std=0.0156 lr=0.00105 m=0.99644
  [ep 10 step 6050] loss=5.1938 feat_std=0.0154 lr=0.00105 m=0.99645
  [ep 10 step 6100] loss=5.1882 feat_std=0.0155 lr=0.00105 m=0.99645
  [ep 11 step 6150] loss=5.2124 feat_std=0.0154 lr=0.00105 m=0.99646
  [ep 11 step 6200] loss=5.1656 feat_std=0.0153 lr=0.00104 m=0.99647
  [ep 11 step 6250] loss=5.1674 feat_std=0.0153 lr=0.00104 m=0.99648
  [ep 11 step 6300] loss=5.1947 feat_std=0.0154 lr=0.00104 m=0.99648
  [ep 11 step 6350] loss=5.1332 feat_std=0.0152 lr=0.00104 m=0.99649
  [ep 11 step 6400] loss=5.1640 feat_std=0.0154 lr=0.00104 m=0.99650
  [ep 11 step 6450] loss=5.1365 feat_std=0.0153 lr=0.00104 m=0.99650
  [ep 11 step 6500] loss=5.1226 feat_std=0.0154 lr=0.00103 m=0.99651
  [ep 11 step 6550] loss=5.1845 feat_std=0.0153 lr=0.00103 m=0.99652
  [ep 11 step 6600] loss=5.1290 feat_std=0.0153 lr=0.00103 m=0.99653
  [ep 11 step 6650] loss=5.1463 feat_std=0.0153 lr=0.00103 m=0.99653
  [ep 12 step 6700] loss=5.1549 feat_std=0.0154 lr=0.00103 m=0.99654
  [ep 12 step 6750] loss=5.1043 feat_std=0.0151 lr=0.00102 m=0.99655
  [ep 12 step 6800] loss=5.1230 feat_std=0.0154 lr=0.00102 m=0.99656
  [ep 12 step 6850] loss=5.1354 feat_std=0.0152 lr=0.00102 m=0.99657
  [ep 12 step 6900] loss=5.1292 feat_std=0.0151 lr=0.00102 m=0.99657
  [ep 12 step 6950] loss=5.1183 feat_std=0.0152 lr=0.00102 m=0.99658
  [ep 12 step 7000] loss=5.0824 feat_std=0.0153 lr=0.00101 m=0.99659
  [ep 12 step 7050] loss=5.0911 feat_std=0.0151 lr=0.00101 m=0.99660
  [ep 12 step 7100] loss=5.0973 feat_std=0.0153 lr=0.00101 m=0.99661
  [ep 12 step 7150] loss=5.1563 feat_std=0.0152 lr=0.00101 m=0.99661
  [ep 12 step 7200] loss=5.0762 feat_std=0.0150 lr=0.00101 m=0.99662
  [ep 12 step 7250] loss=5.0434 feat_std=0.0152 lr=0.00100 m=0.99663
  [ep 13 step 7300] loss=5.1138 feat_std=0.0151 lr=0.00100 m=0.99664
  [ep 13 step 7350] loss=5.0711 feat_std=0.0151 lr=0.00100 m=0.99665
  [ep 13 step 7400] loss=5.0949 feat_std=0.0151 lr=0.00100 m=0.99666
  [ep 13 step 7450] loss=5.0526 feat_std=0.0150 lr=0.00100 m=0.99666
  [ep 13 step 7500] loss=5.0435 feat_std=0.0152 lr=0.00099 m=0.99667
  [ep 13 step 7550] loss=5.0509 feat_std=0.0150 lr=0.00099 m=0.99668
  [ep 13 step 7600] loss=5.0769 feat_std=0.0149 lr=0.00099 m=0.99669
  [ep 13 step 7650] loss=5.0350 feat_std=0.0149 lr=0.00099 m=0.99670
  [ep 13 step 7700] loss=4.9956 feat_std=0.0152 lr=0.00098 m=0.99671
  [ep 13 step 7750] loss=5.0408 feat_std=0.0150 lr=0.00098 m=0.99671
  [ep 13 step 7800] loss=4.9635 feat_std=0.0151 lr=0.00098 m=0.99672
  [ep 14 step 7850] loss=5.0934 feat_std=0.0150 lr=0.00098 m=0.99673
  [ep 14 step 7900] loss=5.0396 feat_std=0.0151 lr=0.00098 m=0.99674
  [ep 14 step 7950] loss=5.0972 feat_std=0.0149 lr=0.00097 m=0.99675
  [ep 14 step 8000] loss=5.0245 feat_std=0.0151 lr=0.00097 m=0.99676
  [ep 14 step 8050] loss=5.0254 feat_std=0.0151 lr=0.00097 m=0.99677
  [ep 14 step 8100] loss=5.0242 feat_std=0.0149 lr=0.00097 m=0.99678
  [ep 14 step 8150] loss=5.0189 feat_std=0.0150 lr=0.00096 m=0.99678
  [ep 14 step 8200] loss=4.9947 feat_std=0.0150 lr=0.00096 m=0.99679
  [ep 14 step 8250] loss=4.9812 feat_std=0.0151 lr=0.00096 m=0.99680
  [ep 14 step 8300] loss=5.0408 feat_std=0.0149 lr=0.00096 m=0.99681
  [ep 14 step 8350] loss=4.9963 feat_std=0.0150 lr=0.00095 m=0.99682
  [ep 15 step 8400] loss=4.9371 feat_std=0.0149 lr=0.00095 m=0.99683
  [ep 15 step 8450] loss=4.9628 feat_std=0.0149 lr=0.00095 m=0.99684
  [ep 15 step 8500] loss=5.0273 feat_std=0.0150 lr=0.00095 m=0.99685
  [ep 15 step 8550] loss=4.9511 feat_std=0.0150 lr=0.00094 m=0.99686
  [ep 15 step 8600] loss=5.0234 feat_std=0.0148 lr=0.00094 m=0.99687
  [ep 15 step 8650] loss=5.0242 feat_std=0.0148 lr=0.00094 m=0.99688
  [ep 15 step 8700] loss=4.9244 feat_std=0.0148 lr=0.00094 m=0.99689
  [ep 15 step 8750] loss=4.9747 feat_std=0.0147 lr=0.00093 m=0.99689
  [ep 15 step 8800] loss=4.9871 feat_std=0.0148 lr=0.00093 m=0.99690
  [ep 15 step 8850] loss=4.9564 feat_std=0.0149 lr=0.00093 m=0.99691
  [ep 15 step 8900] loss=5.0103 feat_std=0.0148 lr=0.00093 m=0.99692
  [ep 16 step 8950] loss=4.9931 feat_std=0.0147 lr=0.00092 m=0.99693
  [ep 16 step 9000] loss=4.9349 feat_std=0.0149 lr=0.00092 m=0.99694
  [ep 16 step 9050] loss=4.9687 feat_std=0.0149 lr=0.00092 m=0.99695
  [ep 16 step 9100] loss=4.9583 feat_std=0.0150 lr=0.00092 m=0.99696
  [ep 16 step 9150] loss=4.9625 feat_std=0.0148 lr=0.00091 m=0.99697
  [ep 16 step 9200] loss=4.9479 feat_std=0.0148 lr=0.00091 m=0.99698
  [ep 16 step 9250] loss=4.9443 feat_std=0.0147 lr=0.00091 m=0.99699
  [ep 16 step 9300] loss=4.9227 feat_std=0.0147 lr=0.00091 m=0.99700
  [ep 16 step 9350] loss=4.9393 feat_std=0.0148 lr=0.00090 m=0.99701
  [ep 16 step 9400] loss=4.9399 feat_std=0.0147 lr=0.00090 m=0.99702
  [ep 16 step 9450] loss=4.9122 feat_std=0.0147 lr=0.00090 m=0.99703
  [ep 17 step 9500] loss=4.9359 feat_std=0.0147 lr=0.00090 m=0.99704
  [ep 17 step 9550] loss=4.8913 feat_std=0.0147 lr=0.00089 m=0.99705
  [ep 17 step 9600] loss=4.9049 feat_std=0.0148 lr=0.00089 m=0.99706
  [ep 17 step 9650] loss=4.8925 feat_std=0.0147 lr=0.00089 m=0.99707
  [ep 17 step 9700] loss=4.9296 feat_std=0.0147 lr=0.00088 m=0.99708
  [ep 17 step 9750] loss=4.9335 feat_std=0.0147 lr=0.00088 m=0.99709
  [ep 17 step 9800] loss=4.9170 feat_std=0.0147 lr=0.00088 m=0.99710
  [ep 17 step 9850] loss=4.9444 feat_std=0.0147 lr=0.00088 m=0.99711
  [ep 17 step 9900] loss=4.9074 feat_std=0.0147 lr=0.00087 m=0.99712
  [ep 17 step 9950] loss=4.9145 feat_std=0.0145 lr=0.00087 m=0.99713
  [ep 17 step 10000] loss=4.9335 feat_std=0.0145 lr=0.00087 m=0.99714
  [ep 18 step 10050] loss=4.9516 feat_std=0.0146 lr=0.00086 m=0.99715
  [ep 18 step 10100] loss=4.8603 feat_std=0.0146 lr=0.00086 m=0.99716
  [ep 18 step 10150] loss=4.9067 feat_std=0.0145 lr=0.00086 m=0.99717
  [ep 18 step 10200] loss=4.9206 feat_std=0.0146 lr=0.00086 m=0.99718
  [ep 18 step 10250] loss=4.8745 feat_std=0.0147 lr=0.00085 m=0.99719
  [ep 18 step 10300] loss=4.9210 feat_std=0.0146 lr=0.00085 m=0.99720
  [ep 18 step 10350] loss=4.9204 feat_std=0.0146 lr=0.00085 m=0.99721
  [ep 18 step 10400] loss=4.9094 feat_std=0.0145 lr=0.00084 m=0.99722
  [ep 18 step 10450] loss=4.8904 feat_std=0.0146 lr=0.00084 m=0.99723
  [ep 18 step 10500] loss=4.9038 feat_std=0.0146 lr=0.00084 m=0.99724
  [ep 18 step 10550] loss=4.9208 feat_std=0.0144 lr=0.00084 m=0.99725
  [ep 18 step 10600] loss=4.9254 feat_std=0.0146 lr=0.00083 m=0.99726
  [ep 19 step 10650] loss=4.9029 feat_std=0.0145 lr=0.00083 m=0.99727
  [ep 19 step 10700] loss=4.8496 feat_std=0.0147 lr=0.00083 m=0.99728
  [ep 19 step 10750] loss=4.8612 feat_std=0.0145 lr=0.00082 m=0.99729
  [ep 19 step 10800] loss=4.8644 feat_std=0.0147 lr=0.00082 m=0.99731
  [ep 19 step 10850] loss=4.8642 feat_std=0.0145 lr=0.00082 m=0.99732
  [ep 19 step 10900] loss=4.8741 feat_std=0.0146 lr=0.00082 m=0.99733
  [ep 19 step 10950] loss=4.8840 feat_std=0.0146 lr=0.00081 m=0.99734
  [ep 19 step 11000] loss=4.8933 feat_std=0.0146 lr=0.00081 m=0.99735
  [ep 19 step 11050] loss=4.8611 feat_std=0.0147 lr=0.00081 m=0.99736
  [ep 19 step 11100] loss=4.8277 feat_std=0.0144 lr=0.00080 m=0.99737
  [ep 19 step 11150] loss=4.8300 feat_std=0.0146 lr=0.00080 m=0.99738
  [ep 20 step 11200] loss=4.8530 feat_std=0.0146 lr=0.00080 m=0.99739
  [ep 20 step 11250] loss=4.8845 feat_std=0.0145 lr=0.00079 m=0.99740
  [ep 20 step 11300] loss=4.8454 feat_std=0.0147 lr=0.00079 m=0.99741
  [ep 20 step 11350] loss=4.8772 feat_std=0.0146 lr=0.00079 m=0.99742
  [ep 20 step 11400] loss=4.8354 feat_std=0.0145 lr=0.00078 m=0.99743
  [ep 20 step 11450] loss=4.8112 feat_std=0.0145 lr=0.00078 m=0.99744
  [ep 20 step 11500] loss=4.8427 feat_std=0.0146 lr=0.00078 m=0.99746
  [ep 20 step 11550] loss=4.8285 feat_std=0.0146 lr=0.00078 m=0.99747
  [ep 20 step 11600] loss=4.8390 feat_std=0.0146 lr=0.00077 m=0.99748
  [ep 20 step 11650] loss=4.8246 feat_std=0.0143 lr=0.00077 m=0.99749
  [ep 20 step 11700] loss=4.8462 feat_std=0.0145 lr=0.00077 m=0.99750
  [ep 21 step 11750] loss=4.7883 feat_std=0.0146 lr=0.00076 m=0.99751
  [ep 21 step 11800] loss=4.8650 feat_std=0.0145 lr=0.00076 m=0.99752
  [ep 21 step 11850] loss=4.8745 feat_std=0.0145 lr=0.00076 m=0.99753
  [ep 21 step 11900] loss=4.8161 feat_std=0.0145 lr=0.00075 m=0.99754
  [ep 21 step 11950] loss=4.8191 feat_std=0.0145 lr=0.00075 m=0.99755
  [ep 21 step 12000] loss=4.8469 feat_std=0.0143 lr=0.00075 m=0.99756
  [ep 21 step 12050] loss=4.8243 feat_std=0.0143 lr=0.00074 m=0.99758
  [ep 21 step 12100] loss=4.8287 feat_std=0.0146 lr=0.00074 m=0.99759
  [ep 21 step 12150] loss=4.8661 feat_std=0.0145 lr=0.00074 m=0.99760
  [ep 21 step 12200] loss=4.8303 feat_std=0.0143 lr=0.00073 m=0.99761
  [ep 21 step 12250] loss=4.8763 feat_std=0.0144 lr=0.00073 m=0.99762
  [ep 22 step 12300] loss=4.8254 feat_std=0.0142 lr=0.00073 m=0.99763
  [ep 22 step 12350] loss=4.8137 feat_std=0.0145 lr=0.00072 m=0.99764
  [ep 22 step 12400] loss=4.7968 feat_std=0.0145 lr=0.00072 m=0.99765
  [ep 22 step 12450] loss=4.8418 feat_std=0.0143 lr=0.00072 m=0.99766
  [ep 22 step 12500] loss=4.8079 feat_std=0.0143 lr=0.00071 m=0.99767
  [ep 22 step 12550] loss=4.8313 feat_std=0.0142 lr=0.00071 m=0.99769
  [ep 22 step 12600] loss=4.8021 feat_std=0.0144 lr=0.00071 m=0.99770
  [ep 22 step 12650] loss=4.8272 feat_std=0.0143 lr=0.00070 m=0.99771
  [ep 22 step 12700] loss=4.7782 feat_std=0.0144 lr=0.00070 m=0.99772
  [ep 22 step 12750] loss=4.7607 feat_std=0.0145 lr=0.00070 m=0.99773
  [ep 22 step 12800] loss=4.8010 feat_std=0.0145 lr=0.00070 m=0.99774
  [ep 23 step 12850] loss=4.7910 feat_std=0.0144 lr=0.00069 m=0.99775
  [ep 23 step 12900] loss=4.8143 feat_std=0.0143 lr=0.00069 m=0.99776
  [ep 23 step 12950] loss=4.7936 feat_std=0.0142 lr=0.00069 m=0.99778
  [ep 23 step 13000] loss=4.7877 feat_std=0.0143 lr=0.00068 m=0.99779
  [ep 23 step 13050] loss=4.8042 feat_std=0.0143 lr=0.00068 m=0.99780
  [ep 23 step 13100] loss=4.7710 feat_std=0.0143 lr=0.00068 m=0.99781
  [ep 23 step 13150] loss=4.8026 feat_std=0.0143 lr=0.00067 m=0.99782
  [ep 23 step 13200] loss=4.8097 feat_std=0.0145 lr=0.00067 m=0.99783
  [ep 23 step 13250] loss=4.7989 feat_std=0.0143 lr=0.00067 m=0.99784
  [ep 23 step 13300] loss=4.7966 feat_std=0.0143 lr=0.00066 m=0.99785
  [ep 23 step 13350] loss=4.7601 feat_std=0.0144 lr=0.00066 m=0.99786
  [ep 24 step 13400] loss=4.8029 feat_std=0.0143 lr=0.00066 m=0.99788
  [ep 24 step 13450] loss=4.8306 feat_std=0.0144 lr=0.00065 m=0.99789
  [ep 24 step 13500] loss=4.7831 feat_std=0.0142 lr=0.00065 m=0.99790
  [ep 24 step 13550] loss=4.7873 feat_std=0.0142 lr=0.00065 m=0.99791
  [ep 24 step 13600] loss=4.7628 feat_std=0.0142 lr=0.00064 m=0.99792
  [ep 24 step 13650] loss=4.7907 feat_std=0.0144 lr=0.00064 m=0.99793
  [ep 24 step 13700] loss=4.7934 feat_std=0.0144 lr=0.00064 m=0.99794
  [ep 24 step 13750] loss=4.7892 feat_std=0.0142 lr=0.00063 m=0.99795
  [ep 24 step 13800] loss=4.7692 feat_std=0.0144 lr=0.00063 m=0.99797
  [ep 24 step 13850] loss=4.7707 feat_std=0.0144 lr=0.00063 m=0.99798
  [ep 24 step 13900] loss=4.7859 feat_std=0.0142 lr=0.00062 m=0.99799
  [ep 25 step 13950] loss=4.7979 feat_std=0.0142 lr=0.00062 m=0.99800
  [ep 25 step 14000] loss=4.8206 feat_std=0.0143 lr=0.00062 m=0.99801
  [ep 25 step 14050] loss=4.8008 feat_std=0.0142 lr=0.00061 m=0.99802
  [ep 25 step 14100] loss=4.8273 feat_std=0.0143 lr=0.00061 m=0.99803
  [ep 25 step 14150] loss=4.8100 feat_std=0.0142 lr=0.00061 m=0.99805
  [ep 25 step 14200] loss=4.7645 feat_std=0.0141 lr=0.00060 m=0.99806
  [ep 25 step 14250] loss=4.7652 feat_std=0.0142 lr=0.00060 m=0.99807
  [ep 25 step 14300] loss=4.7742 feat_std=0.0142 lr=0.00060 m=0.99808
  [ep 25 step 14350] loss=4.7826 feat_std=0.0141 lr=0.00059 m=0.99809
  [ep 25 step 14400] loss=4.7409 feat_std=0.0142 lr=0.00059 m=0.99810
  [ep 25 step 14450] loss=4.7737 feat_std=0.0142 lr=0.00059 m=0.99811
  [ep 25 step 14500] loss=4.7860 feat_std=0.0141 lr=0.00058 m=0.99812
  [ep 26 step 14550] loss=4.7661 feat_std=0.0142 lr=0.00058 m=0.99814
  [ep 26 step 14600] loss=4.7461 feat_std=0.0142 lr=0.00058 m=0.99815
  [ep 26 step 14650] loss=4.7728 feat_std=0.0142 lr=0.00057 m=0.99816
  [ep 26 step 14700] loss=4.7822 feat_std=0.0143 lr=0.00057 m=0.99817
  [ep 26 step 14750] loss=4.7451 feat_std=0.0143 lr=0.00056 m=0.99818
  [ep 26 step 14800] loss=4.7899 feat_std=0.0143 lr=0.00056 m=0.99819
  [ep 26 step 14850] loss=4.7735 feat_std=0.0142 lr=0.00056 m=0.99820
  [ep 26 step 14900] loss=4.7683 feat_std=0.0142 lr=0.00055 m=0.99821
  [ep 26 step 14950] loss=4.7492 feat_std=0.0141 lr=0.00055 m=0.99822
  [ep 26 step 15000] loss=4.7706 feat_std=0.0142 lr=0.00055 m=0.99824
  [ep 26 step 15050] loss=4.7756 feat_std=0.0141 lr=0.00054 m=0.99825
  [ep 27 step 15100] loss=4.7489 feat_std=0.0142 lr=0.00054 m=0.99826
  [ep 27 step 15150] loss=4.7489 feat_std=0.0142 lr=0.00054 m=0.99827
  [ep 27 step 15200] loss=4.7376 feat_std=0.0142 lr=0.00053 m=0.99828
  [ep 27 step 15250] loss=4.7508 feat_std=0.0143 lr=0.00053 m=0.99829
  [ep 27 step 15300] loss=4.7510 feat_std=0.0140 lr=0.00053 m=0.99830
  [ep 27 step 15350] loss=4.7438 feat_std=0.0142 lr=0.00052 m=0.99831
  [ep 27 step 15400] loss=4.7699 feat_std=0.0142 lr=0.00052 m=0.99833
  [ep 27 step 15450] loss=4.7480 feat_std=0.0143 lr=0.00052 m=0.99834
  [ep 27 step 15500] loss=4.7244 feat_std=0.0143 lr=0.00051 m=0.99835
  [ep 27 step 15550] loss=4.7542 feat_std=0.0143 lr=0.00051 m=0.99836
  [ep 27 step 15600] loss=4.7494 feat_std=0.0143 lr=0.00051 m=0.99837
  [ep 28 step 15650] loss=4.7360 feat_std=0.0142 lr=0.00050 m=0.99838
  [ep 28 step 15700] loss=4.7392 feat_std=0.0142 lr=0.00050 m=0.99839
  [ep 28 step 15750] loss=4.7586 feat_std=0.0142 lr=0.00050 m=0.99840
  [ep 28 step 15800] loss=4.7266 feat_std=0.0142 lr=0.00049 m=0.99841
  [ep 28 step 15850] loss=4.7455 feat_std=0.0141 lr=0.00049 m=0.99842
  [ep 28 step 15900] loss=4.7383 feat_std=0.0143 lr=0.00049 m=0.99844
  [ep 28 step 15950] loss=4.7276 feat_std=0.0142 lr=0.00048 m=0.99845
  [ep 28 step 16000] loss=4.7343 feat_std=0.0142 lr=0.00048 m=0.99846
  [ep 28 step 16050] loss=4.7482 feat_std=0.0140 lr=0.00048 m=0.99847
  [ep 28 step 16100] loss=4.7192 feat_std=0.0142 lr=0.00047 m=0.99848
  [ep 28 step 16150] loss=4.7474 feat_std=0.0142 lr=0.00047 m=0.99849
  [ep 29 step 16200] loss=4.7362 feat_std=0.0142 lr=0.00047 m=0.99850
  [ep 29 step 16250] loss=4.7214 feat_std=0.0143 lr=0.00046 m=0.99851
  [ep 29 step 16300] loss=4.7164 feat_std=0.0141 lr=0.00046 m=0.99852
  [ep 29 step 16350] loss=4.7433 feat_std=0.0142 lr=0.00046 m=0.99853
  [ep 29 step 16400] loss=4.7965 feat_std=0.0141 lr=0.00045 m=0.99854
  [ep 29 step 16450] loss=4.8020 feat_std=0.0142 lr=0.00045 m=0.99856
  [ep 29 step 16500] loss=4.7679 feat_std=0.0142 lr=0.00045 m=0.99857
  [ep 29 step 16550] loss=4.7282 feat_std=0.0142 lr=0.00044 m=0.99858
  [ep 29 step 16600] loss=4.7624 feat_std=0.0142 lr=0.00044 m=0.99859
  [ep 29 step 16650] loss=4.7088 feat_std=0.0141 lr=0.00044 m=0.99860
  [ep 29 step 16700] loss=4.7267 feat_std=0.0143 lr=0.00043 m=0.99861
  [ep 30 step 16750] loss=4.7403 feat_std=0.0140 lr=0.00043 m=0.99862
  [ep 30 step 16800] loss=4.7261 feat_std=0.0140 lr=0.00043 m=0.99863
  [ep 30 step 16850] loss=4.7396 feat_std=0.0142 lr=0.00042 m=0.99864
  [ep 30 step 16900] loss=4.7543 feat_std=0.0139 lr=0.00042 m=0.99865
  [ep 30 step 16950] loss=4.7000 feat_std=0.0141 lr=0.00042 m=0.99866
  [ep 30 step 17000] loss=4.7069 feat_std=0.0143 lr=0.00042 m=0.99867
  [ep 30 step 17050] loss=4.7295 feat_std=0.0142 lr=0.00041 m=0.99868
  [ep 30 step 17100] loss=4.7513 feat_std=0.0141 lr=0.00041 m=0.99869
  [ep 30 step 17150] loss=4.7073 feat_std=0.0143 lr=0.00041 m=0.99871
  [ep 30 step 17200] loss=4.7332 feat_std=0.0142 lr=0.00040 m=0.99872
  [ep 30 step 17250] loss=4.7409 feat_std=0.0140 lr=0.00040 m=0.99873
  [ep 31 step 17300] loss=4.6886 feat_std=0.0144 lr=0.00040 m=0.99874
  [ep 31 step 17350] loss=4.6906 feat_std=0.0142 lr=0.00039 m=0.99875
  [ep 31 step 17400] loss=4.7148 feat_std=0.0142 lr=0.00039 m=0.99876
  [ep 31 step 17450] loss=4.6923 feat_std=0.0141 lr=0.00039 m=0.99877
  [ep 31 step 17500] loss=4.7287 feat_std=0.0142 lr=0.00038 m=0.99878
  [ep 31 step 17550] loss=4.6872 feat_std=0.0141 lr=0.00038 m=0.99879
  [ep 31 step 17600] loss=4.7239 feat_std=0.0142 lr=0.00038 m=0.99880
  [ep 31 step 17650] loss=4.7182 feat_std=0.0141 lr=0.00037 m=0.99881
  [ep 31 step 17700] loss=4.7257 feat_std=0.0141 lr=0.00037 m=0.99882
  [ep 31 step 17750] loss=4.7021 feat_std=0.0139 lr=0.00037 m=0.99883
  [ep 31 step 17800] loss=4.7083 feat_std=0.0142 lr=0.00036 m=0.99884
  [ep 31 step 17850] loss=4.7172 feat_std=0.0140 lr=0.00036 m=0.99885
  [ep 32 step 17900] loss=4.7187 feat_std=0.0141 lr=0.00036 m=0.99886
  [ep 32 step 17950] loss=4.7145 feat_std=0.0141 lr=0.00035 m=0.99887
  [ep 32 step 18000] loss=4.6983 feat_std=0.0140 lr=0.00035 m=0.99888
  [ep 32 step 18050] loss=4.6897 feat_std=0.0142 lr=0.00035 m=0.99889
  [ep 32 step 18100] loss=4.7403 feat_std=0.0141 lr=0.00035 m=0.99890
  [ep 32 step 18150] loss=4.7036 feat_std=0.0142 lr=0.00034 m=0.99891
  [ep 32 step 18200] loss=4.7125 feat_std=0.0141 lr=0.00034 m=0.99892
  [ep 32 step 18250] loss=4.7389 feat_std=0.0139 lr=0.00034 m=0.99893
  [ep 32 step 18300] loss=4.7247 feat_std=0.0140 lr=0.00033 m=0.99894
  [ep 32 step 18350] loss=4.7092 feat_std=0.0141 lr=0.00033 m=0.99895
  [ep 32 step 18400] loss=4.7052 feat_std=0.0141 lr=0.00033 m=0.99896
  [ep 33 step 18450] loss=4.7134 feat_std=0.0140 lr=0.00032 m=0.99897
  [ep 33 step 18500] loss=4.7113 feat_std=0.0140 lr=0.00032 m=0.99898
  [ep 33 step 18550] loss=4.7041 feat_std=0.0140 lr=0.00032 m=0.99899
  [ep 33 step 18600] loss=4.7007 feat_std=0.0139 lr=0.00031 m=0.99900
  [ep 33 step 18650] loss=4.6987 feat_std=0.0142 lr=0.00031 m=0.99901
  [ep 33 step 18700] loss=4.7260 feat_std=0.0139 lr=0.00031 m=0.99902
  [ep 33 step 18750] loss=4.6998 feat_std=0.0141 lr=0.00031 m=0.99903
  [ep 33 step 18800] loss=4.7068 feat_std=0.0140 lr=0.00030 m=0.99904
  [ep 33 step 18850] loss=4.7172 feat_std=0.0140 lr=0.00030 m=0.99905
  [ep 33 step 18900] loss=4.7135 feat_std=0.0142 lr=0.00030 m=0.99906
  [ep 33 step 18950] loss=4.6950 feat_std=0.0139 lr=0.00029 m=0.99907
  [ep 34 step 19000] loss=4.6993 feat_std=0.0141 lr=0.00029 m=0.99908
  [ep 34 step 19050] loss=4.6805 feat_std=0.0140 lr=0.00029 m=0.99909
  [ep 34 step 19100] loss=4.7040 feat_std=0.0139 lr=0.00028 m=0.99910
  [ep 34 step 19150] loss=4.6974 feat_std=0.0141 lr=0.00028 m=0.99911
  [ep 34 step 19200] loss=4.7015 feat_std=0.0140 lr=0.00028 m=0.99911
  [ep 34 step 19250] loss=4.7308 feat_std=0.0141 lr=0.00028 m=0.99912
  [ep 34 step 19300] loss=4.7220 feat_std=0.0139 lr=0.00027 m=0.99913
  [ep 34 step 19350] loss=4.6854 feat_std=0.0141 lr=0.00027 m=0.99914
  [ep 34 step 19400] loss=4.6987 feat_std=0.0141 lr=0.00027 m=0.99915
  [ep 34 step 19450] loss=4.7165 feat_std=0.0141 lr=0.00026 m=0.99916
  [ep 34 step 19500] loss=4.6570 feat_std=0.0140 lr=0.00026 m=0.99917
  [ep 35 step 19550] loss=4.7062 feat_std=0.0140 lr=0.00026 m=0.99918
  [ep 35 step 19600] loss=4.6843 feat_std=0.0140 lr=0.00026 m=0.99919
  [ep 35 step 19650] loss=4.7140 feat_std=0.0140 lr=0.00025 m=0.99920
  [ep 35 step 19700] loss=4.6967 feat_std=0.0141 lr=0.00025 m=0.99921
  [ep 35 step 19750] loss=4.6788 feat_std=0.0140 lr=0.00025 m=0.99922
  [ep 35 step 19800] loss=4.6693 feat_std=0.0142 lr=0.00024 m=0.99922
  [ep 35 step 19850] loss=4.7034 feat_std=0.0140 lr=0.00024 m=0.99923
  [ep 35 step 19900] loss=4.6885 feat_std=0.0140 lr=0.00024 m=0.99924
  [ep 35 step 19950] loss=4.6776 feat_std=0.0141 lr=0.00024 m=0.99925
  [ep 35 step 20000] loss=4.7200 feat_std=0.0141 lr=0.00023 m=0.99926
  [ep 35 step 20050] loss=4.7116 feat_std=0.0140 lr=0.00023 m=0.99927
  [ep 36 step 20100] loss=4.7115 feat_std=0.0139 lr=0.00023 m=0.99928
  [ep 36 step 20150] loss=4.6996 feat_std=0.0139 lr=0.00023 m=0.99929
  [ep 36 step 20200] loss=4.6754 feat_std=0.0142 lr=0.00022 m=0.99929
  [ep 36 step 20250] loss=4.6784 feat_std=0.0142 lr=0.00022 m=0.99930
  [ep 36 step 20300] loss=4.6827 feat_std=0.0140 lr=0.00022 m=0.99931
  [ep 36 step 20350] loss=4.6910 feat_std=0.0139 lr=0.00021 m=0.99932
  [ep 36 step 20400] loss=4.7140 feat_std=0.0139 lr=0.00021 m=0.99933
  [ep 36 step 20450] loss=4.6713 feat_std=0.0139 lr=0.00021 m=0.99934
  [ep 36 step 20500] loss=4.7157 feat_std=0.0141 lr=0.00021 m=0.99934
  [ep 36 step 20550] loss=4.7079 feat_std=0.0139 lr=0.00020 m=0.99935
  [ep 36 step 20600] loss=4.6777 feat_std=0.0140 lr=0.00020 m=0.99936
  [ep 37 step 20650] loss=4.6682 feat_std=0.0141 lr=0.00020 m=0.99937
  [ep 37 step 20700] loss=4.6938 feat_std=0.0138 lr=0.00020 m=0.99938
  [ep 37 step 20750] loss=4.7045 feat_std=0.0141 lr=0.00019 m=0.99939
  [ep 37 step 20800] loss=4.7066 feat_std=0.0140 lr=0.00019 m=0.99939
  [ep 37 step 20850] loss=4.6918 feat_std=0.0139 lr=0.00019 m=0.99940
  [ep 37 step 20900] loss=4.6908 feat_std=0.0140 lr=0.00019 m=0.99941
  [ep 37 step 20950] loss=4.6659 feat_std=0.0139 lr=0.00018 m=0.99942
  [ep 37 step 21000] loss=4.6836 feat_std=0.0142 lr=0.00018 m=0.99943
  [ep 37 step 21050] loss=4.6517 feat_std=0.0140 lr=0.00018 m=0.99943
  [ep 37 step 21100] loss=4.7161 feat_std=0.0139 lr=0.00018 m=0.99944
  [ep 37 step 21150] loss=4.7125 feat_std=0.0140 lr=0.00017 m=0.99945
  [ep 37 step 21200] loss=4.6983 feat_std=0.0139 lr=0.00017 m=0.99946
  [ep 38 step 21250] loss=4.7045 feat_std=0.0140 lr=0.00017 m=0.99947
  [ep 38 step 21300] loss=4.6840 feat_std=0.0141 lr=0.00017 m=0.99947
  [ep 38 step 21350] loss=4.6921 feat_std=0.0139 lr=0.00016 m=0.99948
  [ep 38 step 21400] loss=4.7036 feat_std=0.0141 lr=0.00016 m=0.99949
  [ep 38 step 21450] loss=4.7090 feat_std=0.0138 lr=0.00016 m=0.99950
  [ep 38 step 21500] loss=4.6814 feat_std=0.0141 lr=0.00016 m=0.99950
  [ep 38 step 21550] loss=4.7094 feat_std=0.0139 lr=0.00016 m=0.99951
  [ep 38 step 21600] loss=4.6714 feat_std=0.0140 lr=0.00015 m=0.99952
  [ep 38 step 21650] loss=4.7130 feat_std=0.0140 lr=0.00015 m=0.99952
  [ep 38 step 21700] loss=4.7318 feat_std=0.0139 lr=0.00015 m=0.99953
  [ep 38 step 21750] loss=4.6819 feat_std=0.0139 lr=0.00015 m=0.99954
  [ep 39 step 21800] loss=4.6780 feat_std=0.0141 lr=0.00014 m=0.99955
  [ep 39 step 21850] loss=4.7113 feat_std=0.0139 lr=0.00014 m=0.99955
  [ep 39 step 21900] loss=4.6934 feat_std=0.0141 lr=0.00014 m=0.99956
  [ep 39 step 21950] loss=4.6967 feat_std=0.0141 lr=0.00014 m=0.99957
  [ep 39 step 22000] loss=4.6721 feat_std=0.0139 lr=0.00013 m=0.99957
  [ep 39 step 22050] loss=4.6862 feat_std=0.0140 lr=0.00013 m=0.99958
  [ep 39 step 22100] loss=4.6696 feat_std=0.0139 lr=0.00013 m=0.99959
  [ep 39 step 22150] loss=4.6670 feat_std=0.0138 lr=0.00013 m=0.99960
  [ep 39 step 22200] loss=4.6791 feat_std=0.0140 lr=0.00013 m=0.99960
  [ep 39 step 22250] loss=4.6929 feat_std=0.0140 lr=0.00012 m=0.99961
  [ep 39 step 22300] loss=4.6908 feat_std=0.0140 lr=0.00012 m=0.99962
  [ep 40 step 22350] loss=4.6715 feat_std=0.0139 lr=0.00012 m=0.99962
  [ep 40 step 22400] loss=4.7132 feat_std=0.0139 lr=0.00012 m=0.99963
  [ep 40 step 22450] loss=4.7128 feat_std=0.0140 lr=0.00012 m=0.99964
  [ep 40 step 22500] loss=4.6624 feat_std=0.0140 lr=0.00011 m=0.99964
  [ep 40 step 22550] loss=4.7061 feat_std=0.0139 lr=0.00011 m=0.99965
  [ep 40 step 22600] loss=4.6714 feat_std=0.0141 lr=0.00011 m=0.99965
  [ep 40 step 22650] loss=4.6993 feat_std=0.0142 lr=0.00011 m=0.99966
  [ep 40 step 22700] loss=4.6938 feat_std=0.0140 lr=0.00011 m=0.99967
  [ep 40 step 22750] loss=4.6766 feat_std=0.0141 lr=0.00010 m=0.99967
  [ep 40 step 22800] loss=4.7104 feat_std=0.0140 lr=0.00010 m=0.99968
  [ep 40 step 22850] loss=4.7167 feat_std=0.0138 lr=0.00010 m=0.99969
  [ep 41 step 22900] loss=4.6912 feat_std=0.0140 lr=0.00010 m=0.99969
  [ep 41 step 22950] loss=4.6758 feat_std=0.0139 lr=0.00010 m=0.99970
  [ep 41 step 23000] loss=4.7303 feat_std=0.0139 lr=0.00009 m=0.99970
  [ep 41 step 23050] loss=4.7126 feat_std=0.0137 lr=0.00009 m=0.99971
  [ep 41 step 23100] loss=4.6684 feat_std=0.0140 lr=0.00009 m=0.99971
  [ep 41 step 23150] loss=4.7096 feat_std=0.0139 lr=0.00009 m=0.99972
  [ep 41 step 23200] loss=4.6700 feat_std=0.0139 lr=0.00009 m=0.99973
  [ep 41 step 23250] loss=4.7013 feat_std=0.0140 lr=0.00009 m=0.99973
  [ep 41 step 23300] loss=4.6973 feat_std=0.0140 lr=0.00008 m=0.99974
  [ep 41 step 23350] loss=4.6740 feat_std=0.0140 lr=0.00008 m=0.99974
  [ep 41 step 23400] loss=4.6694 feat_std=0.0138 lr=0.00008 m=0.99975
  [ep 42 step 23450] loss=4.7001 feat_std=0.0138 lr=0.00008 m=0.99975
  [ep 42 step 23500] loss=4.6584 feat_std=0.0140 lr=0.00008 m=0.99976
  [ep 42 step 23550] loss=4.6545 feat_std=0.0141 lr=0.00007 m=0.99976
  [ep 42 step 23600] loss=4.6960 feat_std=0.0139 lr=0.00007 m=0.99977
  [ep 42 step 23650] loss=4.6928 feat_std=0.0138 lr=0.00007 m=0.99978
  [ep 42 step 23700] loss=4.6580 feat_std=0.0139 lr=0.00007 m=0.99978
  [ep 42 step 23750] loss=4.6920 feat_std=0.0139 lr=0.00007 m=0.99979
  [ep 42 step 23800] loss=4.6735 feat_std=0.0141 lr=0.00007 m=0.99979
  [ep 42 step 23850] loss=4.6701 feat_std=0.0141 lr=0.00006 m=0.99980
  [ep 42 step 23900] loss=4.7098 feat_std=0.0140 lr=0.00006 m=0.99980
  [ep 42 step 23950] loss=4.6817 feat_std=0.0139 lr=0.00006 m=0.99981
  [ep 43 step 24000] loss=4.7076 feat_std=0.0140 lr=0.00006 m=0.99981
  [ep 43 step 24050] loss=4.6924 feat_std=0.0140 lr=0.00006 m=0.99981
  [ep 43 step 24100] loss=4.6726 feat_std=0.0140 lr=0.00006 m=0.99982
  [ep 43 step 24150] loss=4.6734 feat_std=0.0140 lr=0.00006 m=0.99982
  [ep 43 step 24200] loss=4.6942 feat_std=0.0140 lr=0.00005 m=0.99983
  [ep 43 step 24250] loss=4.6931 feat_std=0.0141 lr=0.00005 m=0.99983
  [ep 43 step 24300] loss=4.6754 feat_std=0.0140 lr=0.00005 m=0.99984
  [ep 43 step 24350] loss=4.6539 feat_std=0.0140 lr=0.00005 m=0.99984
  [ep 43 step 24400] loss=4.6667 feat_std=0.0140 lr=0.00005 m=0.99985
  [ep 43 step 24450] loss=4.6694 feat_std=0.0142 lr=0.00005 m=0.99985
  [ep 43 step 24500] loss=4.7088 feat_std=0.0139 lr=0.00005 m=0.99986
  [ep 43 step 24550] loss=4.7269 feat_std=0.0139 lr=0.00004 m=0.99986
  [ep 44 step 24600] loss=4.6938 feat_std=0.0139 lr=0.00004 m=0.99986
  [ep 44 step 24650] loss=4.6836 feat_std=0.0140 lr=0.00004 m=0.99987
  [ep 44 step 24700] loss=4.6870 feat_std=0.0140 lr=0.00004 m=0.99987
  [ep 44 step 24750] loss=4.7269 feat_std=0.0140 lr=0.00004 m=0.99988
  [ep 44 step 24800] loss=4.6769 feat_std=0.0140 lr=0.00004 m=0.99988
  [ep 44 step 24850] loss=4.6979 feat_std=0.0140 lr=0.00004 m=0.99988
  [ep 44 step 24900] loss=4.6881 feat_std=0.0140 lr=0.00004 m=0.99989
  [ep 44 step 24950] loss=4.6615 feat_std=0.0139 lr=0.00003 m=0.99989
  [ep 44 step 25000] loss=4.6918 feat_std=0.0140 lr=0.00003 m=0.99989
  [ep 44 step 25050] loss=4.6849 feat_std=0.0139 lr=0.00003 m=0.99990
  [ep 44 step 25100] loss=4.6795 feat_std=0.0141 lr=0.00003 m=0.99990
  [ep 45 step 25150] loss=4.7039 feat_std=0.0140 lr=0.00003 m=0.99990
  [ep 45 step 25200] loss=4.6749 feat_std=0.0140 lr=0.00003 m=0.99991
  [ep 45 step 25250] loss=4.7073 feat_std=0.0139 lr=0.00003 m=0.99991
  [ep 45 step 25300] loss=4.7067 feat_std=0.0139 lr=0.00003 m=0.99991
  [ep 45 step 25350] loss=4.6909 feat_std=0.0140 lr=0.00003 m=0.99992
  [ep 45 step 25400] loss=4.6908 feat_std=0.0139 lr=0.00003 m=0.99992
  [ep 45 step 25450] loss=4.6848 feat_std=0.0138 lr=0.00002 m=0.99992
  [ep 45 step 25500] loss=4.6778 feat_std=0.0139 lr=0.00002 m=0.99993
  [ep 45 step 25550] loss=4.6911 feat_std=0.0140 lr=0.00002 m=0.99993
  [ep 45 step 25600] loss=4.7043 feat_std=0.0138 lr=0.00002 m=0.99993
  [ep 45 step 25650] loss=4.6921 feat_std=0.0138 lr=0.00002 m=0.99994
  [ep 46 step 25700] loss=4.6815 feat_std=0.0139 lr=0.00002 m=0.99994
  [ep 46 step 25750] loss=4.6962 feat_std=0.0139 lr=0.00002 m=0.99994
  [ep 46 step 25800] loss=4.6730 feat_std=0.0141 lr=0.00002 m=0.99994
  [ep 46 step 25850] loss=4.6759 feat_std=0.0138 lr=0.00002 m=0.99995
  [ep 46 step 25900] loss=4.6794 feat_std=0.0140 lr=0.00002 m=0.99995
  [ep 46 step 25950] loss=4.6858 feat_std=0.0140 lr=0.00002 m=0.99995
  [ep 46 step 26000] loss=4.6592 feat_std=0.0138 lr=0.00001 m=0.99995
  [ep 46 step 26050] loss=4.6818 feat_std=0.0139 lr=0.00001 m=0.99996
  [ep 46 step 26100] loss=4.6703 feat_std=0.0139 lr=0.00001 m=0.99996
  [ep 46 step 26150] loss=4.6880 feat_std=0.0140 lr=0.00001 m=0.99996
  [ep 46 step 26200] loss=4.7006 feat_std=0.0139 lr=0.00001 m=0.99996
  [ep 47 step 26250] loss=4.6834 feat_std=0.0139 lr=0.00001 m=0.99997
  [ep 47 step 26300] loss=4.6886 feat_std=0.0139 lr=0.00001 m=0.99997
  [ep 47 step 26350] loss=4.6866 feat_std=0.0141 lr=0.00001 m=0.99997
  [ep 47 step 26400] loss=4.6840 feat_std=0.0139 lr=0.00001 m=0.99997
  [ep 47 step 26450] loss=4.6936 feat_std=0.0138 lr=0.00001 m=0.99997
  [ep 47 step 26500] loss=4.6601 feat_std=0.0139 lr=0.00001 m=0.99998
  [ep 47 step 26550] loss=4.6907 feat_std=0.0139 lr=0.00001 m=0.99998
  [ep 47 step 26600] loss=4.6773 feat_std=0.0140 lr=0.00001 m=0.99998
  [ep 47 step 26650] loss=4.6817 feat_std=0.0140 lr=0.00001 m=0.99998
  [ep 47 step 26700] loss=4.7121 feat_std=0.0138 lr=0.00001 m=0.99998
  [ep 47 step 26750] loss=4.6711 feat_std=0.0140 lr=0.00001 m=0.99998
  [ep 48 step 26800] loss=4.6920 feat_std=0.0139 lr=0.00000 m=0.99998
  [ep 48 step 26850] loss=4.7047 feat_std=0.0139 lr=0.00000 m=0.99999
  [ep 48 step 26900] loss=4.6625 feat_std=0.0140 lr=0.00000 m=0.99999
  [ep 48 step 26950] loss=4.6815 feat_std=0.0139 lr=0.00000 m=0.99999
  [ep 48 step 27000] loss=4.7055 feat_std=0.0139 lr=0.00000 m=0.99999
  [ep 48 step 27050] loss=4.6714 feat_std=0.0139 lr=0.00000 m=0.99999
  [ep 48 step 27100] loss=4.6747 feat_std=0.0140 lr=0.00000 m=0.99999
  [ep 48 step 27150] loss=4.6851 feat_std=0.0140 lr=0.00000 m=0.99999
  [ep 48 step 27200] loss=4.7197 feat_std=0.0138 lr=0.00000 m=0.99999
  [ep 48 step 27250] loss=4.6755 feat_std=0.0140 lr=0.00000 m=0.99999
  [ep 48 step 27300] loss=4.6774 feat_std=0.0139 lr=0.00000 m=1.00000
  [ep 49 step 27350] loss=4.6915 feat_std=0.0139 lr=0.00000 m=1.00000
  [ep 49 step 27400] loss=4.6966 feat_std=0.0140 lr=0.00000 m=1.00000
  [ep 49 step 27450] loss=4.6819 feat_std=0.0138 lr=0.00000 m=1.00000
  [ep 49 step 27500] loss=4.6857 feat_std=0.0138 lr=0.00000 m=1.00000
  [ep 49 step 27550] loss=4.6743 feat_std=0.0140 lr=0.00000 m=1.00000
  [ep 49 step 27600] loss=4.6740 feat_std=0.0140 lr=0.00000 m=1.00000
  [ep 49 step 27650] loss=4.6423 feat_std=0.0140 lr=0.00000 m=1.00000
  [ep 49 step 27700] loss=4.6843 feat_std=0.0139 lr=0.00000 m=1.00000
  [ep 49 step 27750] loss=4.6822 feat_std=0.0139 lr=0.00000 m=1.00000
  [ep 49 step 27800] loss=4.7068 feat_std=0.0140 lr=0.00000 m=1.00000
  [ep 49 step 27850] loss=4.6713 feat_std=0.0140 lr=0.00000 m=1.00000

Done. Checkpoint: C:\ssl_out\v4.0\ssl_mocov2_resnet50_4ch_256_ep50.pt
Manifest: C:\ssl_out\v4.0\manifest.json
Next: run scripts/run_ssl_probe.py to evaluate the §8 gate.
